Archive member included to satisfy reference by file (symbol)

/mnt/c/Users/saxe/Documents/ActiveProjects/tensorflow/tensorflow/lite/micro/tools/make/gen/quicklogic-eos-s3_cortex-m4/lib/libtensorflow-microlite.a(micro_error_reporter.o)
                              /mnt/c/Users/saxe/Documents/AAAQuickLogic/ActiveProjects/qorc-sdk/qf_apps/qf_tfl_detect/GCC_Project/output/person_detection_benchmark.o (vtable for tflite::MicroErrorReporter)
/mnt/c/Users/saxe/Documents/ActiveProjects/tensorflow/tensorflow/lite/micro/tools/make/gen/quicklogic-eos-s3_cortex-m4/lib/libtensorflow-microlite.a(micro_interpreter.o)
                              /mnt/c/Users/saxe/Documents/AAAQuickLogic/ActiveProjects/qorc-sdk/qf_apps/qf_tfl_detect/GCC_Project/output/person_detection_benchmark.o (tflite::MicroInterpreter::MicroInterpreter(tflite::Model const*, tflite::MicroOpResolver const&, unsigned char*, unsigned int, tflite::ErrorReporter*, tflite::Profiler*))
/mnt/c/Users/saxe/Documents/ActiveProjects/tensorflow/tensorflow/lite/micro/tools/make/gen/quicklogic-eos-s3_cortex-m4/lib/libtensorflow-microlite.a(micro_string.o)
                              /mnt/c/Users/saxe/Documents/ActiveProjects/tensorflow/tensorflow/lite/micro/tools/make/gen/quicklogic-eos-s3_cortex-m4/lib/libtensorflow-microlite.a(micro_error_reporter.o) (MicroVsnprintf)
/mnt/c/Users/saxe/Documents/ActiveProjects/tensorflow/tensorflow/lite/micro/tools/make/gen/quicklogic-eos-s3_cortex-m4/lib/libtensorflow-microlite.a(conv.o)
                              /mnt/c/Users/saxe/Documents/AAAQuickLogic/ActiveProjects/qorc-sdk/qf_apps/qf_tfl_detect/GCC_Project/output/person_detection_benchmark.o (tflite::ops::micro::Register_CONV_2D())
/mnt/c/Users/saxe/Documents/ActiveProjects/tensorflow/tensorflow/lite/micro/tools/make/gen/quicklogic-eos-s3_cortex-m4/lib/libtensorflow-microlite.a(depthwise_conv.o)
                              /mnt/c/Users/saxe/Documents/AAAQuickLogic/ActiveProjects/qorc-sdk/qf_apps/qf_tfl_detect/GCC_Project/output/person_detection_benchmark.o (tflite::ops::micro::Register_DEPTHWISE_CONV_2D())
/mnt/c/Users/saxe/Documents/ActiveProjects/tensorflow/tensorflow/lite/micro/tools/make/gen/quicklogic-eos-s3_cortex-m4/lib/libtensorflow-microlite.a(pooling.o)
                              /mnt/c/Users/saxe/Documents/AAAQuickLogic/ActiveProjects/qorc-sdk/qf_apps/qf_tfl_detect/GCC_Project/output/person_detection_benchmark.o (tflite::ops::micro::Register_AVERAGE_POOL_2D())
/mnt/c/Users/saxe/Documents/ActiveProjects/tensorflow/tensorflow/lite/micro/tools/make/gen/quicklogic-eos-s3_cortex-m4/lib/libtensorflow-microlite.a(common.o)
                              /mnt/c/Users/saxe/Documents/ActiveProjects/tensorflow/tensorflow/lite/micro/tools/make/gen/quicklogic-eos-s3_cortex-m4/lib/libtensorflow-microlite.a(conv.o) (TfLiteTypeGetName)
/mnt/c/Users/saxe/Documents/ActiveProjects/tensorflow/tensorflow/lite/micro/tools/make/gen/quicklogic-eos-s3_cortex-m4/lib/libtensorflow-microlite.a(error_reporter.o)
                              /mnt/c/Users/saxe/Documents/AAAQuickLogic/ActiveProjects/qorc-sdk/qf_apps/qf_tfl_detect/GCC_Project/output/person_detection_benchmark.o (tflite::ErrorReporter::Report(char const*, ...))
/mnt/c/Users/saxe/Documents/ActiveProjects/tensorflow/tensorflow/lite/micro/tools/make/gen/quicklogic-eos-s3_cortex-m4/lib/libtensorflow-microlite.a(flatbuffer_conversions.o)
                              /mnt/c/Users/saxe/Documents/AAAQuickLogic/ActiveProjects/qorc-sdk/qf_apps/qf_tfl_detect/GCC_Project/output/person_detection_benchmark.o (tflite::ParseConv2D(tflite::Operator const*, tflite::BuiltinOperator, tflite::ErrorReporter*, tflite::BuiltinDataAllocator*, void**))
/mnt/c/Users/saxe/Documents/ActiveProjects/tensorflow/tensorflow/lite/micro/tools/make/gen/quicklogic-eos-s3_cortex-m4/lib/libtensorflow-microlite.a(tensor_utils.o)
                              /mnt/c/Users/saxe/Documents/ActiveProjects/tensorflow/tensorflow/lite/micro/tools/make/gen/quicklogic-eos-s3_cortex-m4/lib/libtensorflow-microlite.a(micro_interpreter.o) (tflite::ResetVariableTensor(TfLiteTensor*))
/mnt/c/Users/saxe/Documents/ActiveProjects/tensorflow/tensorflow/lite/micro/tools/make/gen/quicklogic-eos-s3_cortex-m4/lib/libtensorflow-microlite.a(kernel_util.o)
                              /mnt/c/Users/saxe/Documents/ActiveProjects/tensorflow/tensorflow/lite/micro/tools/make/gen/quicklogic-eos-s3_cortex-m4/lib/libtensorflow-microlite.a(pooling.o) (tflite::CalculateActivationRangeQuantized(TfLiteContext*, TfLiteFusedActivation, TfLiteTensor*, long*, long*))
/mnt/c/Users/saxe/Documents/ActiveProjects/tensorflow/tensorflow/lite/micro/tools/make/gen/quicklogic-eos-s3_cortex-m4/lib/libtensorflow-microlite.a(arm_depthwise_conv_u8_basic_ver1.o)
                              /mnt/c/Users/saxe/Documents/ActiveProjects/tensorflow/tensorflow/lite/micro/tools/make/gen/quicklogic-eos-s3_cortex-m4/lib/libtensorflow-microlite.a(depthwise_conv.o) (arm_depthwise_conv_u8_basic_ver1)
[...]
Memory Configuration

Name             Origin             Length             Attributes
rom              0x0000000000000000 0x0000000000080000 xr
ram              0x0000000020080000 0x0000000000080000 xrw
spiram           0x0000000020100000 0x0000000000000008 rw
HWA              0x0000000020100010 0x0000000000000008 rw
shm              0x0000000020100020 0x0000000000000008
*default*        0x0000000000000000 0xffffffffffffffff

Linker script and memory map

LOAD /usr/bin/../lib/gcc/arm-none-eabi/7.3.1/thumb/v7e-m/fpv4-sp/hard/crti.o
LOAD /usr/bin/../lib/gcc/arm-none-eabi/7.3.1/thumb/v7e-m/fpv4-sp/hard/crtbegin.o
LOAD /usr/bin/../lib/gcc/arm-none-eabi/7.3.1/../../../../arm-none-eabi/lib/thumb/v7e-m/fpv4-sp/hard/crt0.o
LOAD /mnt/c/Users/saxe/Documents/AAAQuickLogic/ActiveProjects/qorc-sdk/qf_apps/qf_tfl_detect/GCC_Project/output/c_lib_retarget.o
LOAD /mnt/c/Users/saxe/Documents/AAAQuickLogic/ActiveProjects/qorc-sdk/qf_apps/qf_tfl_detect/GCC_Project/output/circularBuffQueue.o
LOAD /mnt/c/Users/saxe/Documents/AAAQuickLogic/ActiveProjects/qorc-sdk/qf_apps/qf_tfl_detect/GCC_Project/output/cli_args.o
LOAD /mnt/c/Users/saxe/Documents/AAAQuickLogic/ActiveProjects/qorc-sdk/qf_apps/qf_tfl_detect/GCC_Project/output/cli_hexdump.o
LOAD /mnt/c/Users/saxe/Documents/AAAQuickLogic/ActiveProjects/qorc-sdk/qf_apps/qf_tfl_detect/GCC_Project/output/cli_io.o
LOAD /mnt/c/Users/saxe/Documents/AAAQuickLogic/ActiveProjects/qorc-sdk/qf_apps/qf_tfl_detect/GCC_Project/output/cli_loop.o
LOAD /mnt/c/Users/saxe/Documents/AAAQuickLogic/ActiveProjects/qorc-sdk/qf_apps/qf_tfl_detect/GCC_Project/output/cli_misc.o
LOAD /mnt/c/Users/saxe/Documents/AAAQuickLogic/ActiveProjects/qorc-sdk/qf_apps/qf_tfl_detect/GCC_Project/output/cli_platform.o
LOAD /mnt/c/Users/saxe/Documents/AAAQuickLogic/ActiveProjects/qorc-sdk/qf_apps/qf_tfl_detect/GCC_Project/output/cli_stdcmds.o
LOAD /mnt/c/Users/saxe/Documents/AAAQuickLogic/ActiveProjects/qorc-sdk/qf_apps/qf_tfl_detect/GCC_Project/output/crc32.o
LOAD /mnt/c/Users/saxe/Documents/AAAQuickLogic/ActiveProjects/qorc-sdk/qf_apps/qf_tfl_detect/GCC_Project/output/croutine.o
LOAD /mnt/c/Users/saxe/Documents/AAAQuickLogic/ActiveProjects/qorc-sdk/qf_apps/qf_tfl_detect/GCC_Project/output/dbg_bufferedprinttask.o
LOAD /mnt/c/Users/saxe/Documents/AAAQuickLogic/ActiveProjects/qorc-sdk/qf_apps/qf_tfl_detect/GCC_Project/output/dbg_queue_monitor.o
LOAD /mnt/c/Users/saxe/Documents/AAAQuickLogic/ActiveProjects/qorc-sdk/qf_apps/qf_tfl_detect/GCC_Project/output/dbg_uart.o
LOAD /mnt/c/Users/saxe/Documents/AAAQuickLogic/ActiveProjects/qorc-sdk/qf_apps/qf_tfl_detect/GCC_Project/output/dbgtrace.o
LOAD /mnt/c/Users/saxe/Documents/AAAQuickLogic/ActiveProjects/qorc-sdk/qf_apps/qf_tfl_detect/GCC_Project/output/eoss3_hal_adc.o
LOAD /mnt/c/Users/saxe/Documents/AAAQuickLogic/ActiveProjects/qorc-sdk/qf_apps/qf_tfl_detect/GCC_Project/output/eoss3_hal_fpga_clk_sync.o
LOAD /mnt/c/Users/saxe/Documents/AAAQuickLogic/ActiveProjects/qorc-sdk/qf_apps/qf_tfl_detect/GCC_Project/output/eoss3_hal_fpga_gpio.o
LOAD /mnt/c/Users/saxe/Documents/AAAQuickLogic/ActiveProjects/qorc-sdk/qf_apps/qf_tfl_detect/GCC_Project/output/eoss3_hal_fpga_sdma.o
LOAD /mnt/c/Users/saxe/Documents/AAAQuickLogic/ActiveProjects/qorc-sdk/qf_apps/qf_tfl_detect/GCC_Project/output/eoss3_hal_fpga_uart.o
LOAD /mnt/c/Users/saxe/Documents/AAAQuickLogic/ActiveProjects/qorc-sdk/qf_apps/qf_tfl_detect/GCC_Project/output/eoss3_hal_fpga_usbserial.o
LOAD /mnt/c/Users/saxe/Documents/AAAQuickLogic/ActiveProjects/qorc-sdk/qf_apps/qf_tfl_detect/GCC_Project/output/eoss3_hal_gpio.o
LOAD /mnt/c/Users/saxe/Documents/AAAQuickLogic/ActiveProjects/qorc-sdk/qf_apps/qf_tfl_detect/GCC_Project/output/eoss3_hal_i2c.o
LOAD /mnt/c/Users/saxe/Documents/AAAQuickLogic/ActiveProjects/qorc-sdk/qf_apps/qf_tfl_detect/GCC_Project/output/eoss3_hal_i2s.o
LOAD /mnt/c/Users/saxe/Documents/AAAQuickLogic/ActiveProjects/qorc-sdk/qf_apps/qf_tfl_detect/GCC_Project/output/eoss3_hal_i2s_slave_assp.o
LOAD /mnt/c/Users/saxe/Documents/AAAQuickLogic/ActiveProjects/qorc-sdk/qf_apps/qf_tfl_detect/GCC_Project/output/eoss3_hal_pad_config.o
LOAD /mnt/c/Users/saxe/Documents/AAAQuickLogic/ActiveProjects/qorc-sdk/qf_apps/qf_tfl_detect/GCC_Project/output/eoss3_hal_pkfb.o
LOAD /mnt/c/Users/saxe/Documents/AAAQuickLogic/ActiveProjects/qorc-sdk/qf_apps/qf_tfl_detect/GCC_Project/output/eoss3_hal_rtc.o
LOAD /mnt/c/Users/saxe/Documents/AAAQuickLogic/ActiveProjects/qorc-sdk/qf_apps/qf_tfl_detect/GCC_Project/output/eoss3_hal_sdma.o
LOAD /mnt/c/Users/saxe/Documents/AAAQuickLogic/ActiveProjects/qorc-sdk/qf_apps/qf_tfl_detect/GCC_Project/output/eoss3_hal_spi.o
LOAD /mnt/c/Users/saxe/Documents/AAAQuickLogic/ActiveProjects/qorc-sdk/qf_apps/qf_tfl_detect/GCC_Project/output/eoss3_hal_timer.o
LOAD /mnt/c/Users/saxe/Documents/AAAQuickLogic/ActiveProjects/qorc-sdk/qf_apps/qf_tfl_detect/GCC_Project/output/eoss3_hal_uart.o
LOAD /mnt/c/Users/saxe/Documents/AAAQuickLogic/ActiveProjects/qorc-sdk/qf_apps/qf_tfl_detect/GCC_Project/output/eoss3_hal_wb.o
LOAD /mnt/c/Users/saxe/Documents/AAAQuickLogic/ActiveProjects/qorc-sdk/qf_apps/qf_tfl_detect/GCC_Project/output/eoss3_hal_wdt.o
LOAD /mnt/c/Users/saxe/Documents/AAAQuickLogic/ActiveProjects/qorc-sdk/qf_apps/qf_tfl_detect/GCC_Project/output/event_groups.o
LOAD /mnt/c/Users/saxe/Documents/AAAQuickLogic/ActiveProjects/qorc-sdk/qf_apps/qf_tfl_detect/GCC_Project/output/exceptions.o
LOAD /mnt/c/Users/saxe/Documents/AAAQuickLogic/ActiveProjects/qorc-sdk/qf_apps/qf_tfl_detect/GCC_Project/output/fpga_loader.o
LOAD /mnt/c/Users/saxe/Documents/AAAQuickLogic/ActiveProjects/qorc-sdk/qf_apps/qf_tfl_detect/GCC_Project/output/freertos_static_memory.o
LOAD /mnt/c/Users/saxe/Documents/AAAQuickLogic/ActiveProjects/qorc-sdk/qf_apps/qf_tfl_detect/GCC_Project/output/heap_4.o
LOAD /mnt/c/Users/saxe/Documents/AAAQuickLogic/ActiveProjects/qorc-sdk/qf_apps/qf_tfl_detect/GCC_Project/output/hearable_pwrcfg.o
LOAD /mnt/c/Users/saxe/Documents/AAAQuickLogic/ActiveProjects/qorc-sdk/qf_apps/qf_tfl_detect/GCC_Project/output/leds.o
LOAD /mnt/c/Users/saxe/Documents/AAAQuickLogic/ActiveProjects/qorc-sdk/qf_apps/qf_tfl_detect/GCC_Project/output/list.o
LOAD /mnt/c/Users/saxe/Documents/AAAQuickLogic/ActiveProjects/qorc-sdk/qf_apps/qf_tfl_detect/GCC_Project/output/main.o
LOAD /mnt/c/Users/saxe/Documents/AAAQuickLogic/ActiveProjects/qorc-sdk/qf_apps/qf_tfl_detect/GCC_Project/output/main_dbg_cli_menu.o
LOAD /mnt/c/Users/saxe/Documents/AAAQuickLogic/ActiveProjects/qorc-sdk/qf_apps/qf_tfl_detect/GCC_Project/output/person_detection_benchmark.o
LOAD /mnt/c/Users/saxe/Documents/AAAQuickLogic/ActiveProjects/qorc-sdk/qf_apps/qf_tfl_detect/GCC_Project/output/pincfg_table.o
LOAD /mnt/c/Users/saxe/Documents/AAAQuickLogic/ActiveProjects/qorc-sdk/qf_apps/qf_tfl_detect/GCC_Project/output/port.o
LOAD /mnt/c/Users/saxe/Documents/AAAQuickLogic/ActiveProjects/qorc-sdk/qf_apps/qf_tfl_detect/GCC_Project/output/qf_hardwaresetup.o
LOAD /mnt/c/Users/saxe/Documents/AAAQuickLogic/ActiveProjects/qorc-sdk/qf_apps/qf_tfl_detect/GCC_Project/output/ql_test_signals.o
LOAD /mnt/c/Users/saxe/Documents/AAAQuickLogic/ActiveProjects/qorc-sdk/qf_apps/qf_tfl_detect/GCC_Project/output/ql_time.o
LOAD /mnt/c/Users/saxe/Documents/AAAQuickLogic/ActiveProjects/qorc-sdk/qf_apps/qf_tfl_detect/GCC_Project/output/queue.o
LOAD /mnt/c/Users/saxe/Documents/AAAQuickLogic/ActiveProjects/qorc-sdk/qf_apps/qf_tfl_detect/GCC_Project/output/s3x_clock.o
LOAD /mnt/c/Users/saxe/Documents/AAAQuickLogic/ActiveProjects/qorc-sdk/qf_apps/qf_tfl_detect/GCC_Project/output/s3x_clock_hal.o
LOAD /mnt/c/Users/saxe/Documents/AAAQuickLogic/ActiveProjects/qorc-sdk/qf_apps/qf_tfl_detect/GCC_Project/output/s3x_cpuload.o
LOAD /mnt/c/Users/saxe/Documents/AAAQuickLogic/ActiveProjects/qorc-sdk/qf_apps/qf_tfl_detect/GCC_Project/output/s3x_dfs.o
LOAD /mnt/c/Users/saxe/Documents/AAAQuickLogic/ActiveProjects/qorc-sdk/qf_apps/qf_tfl_detect/GCC_Project/output/s3x_lpm.o
LOAD /mnt/c/Users/saxe/Documents/AAAQuickLogic/ActiveProjects/qorc-sdk/qf_apps/qf_tfl_detect/GCC_Project/output/s3x_pi.o
LOAD /mnt/c/Users/saxe/Documents/AAAQuickLogic/ActiveProjects/qorc-sdk/qf_apps/qf_tfl_detect/GCC_Project/output/s3x_pwrcfg.o
LOAD /mnt/c/Users/saxe/Documents/AAAQuickLogic/ActiveProjects/qorc-sdk/qf_apps/qf_tfl_detect/GCC_Project/output/s3x_qos.o
LOAD /mnt/c/Users/saxe/Documents/AAAQuickLogic/ActiveProjects/qorc-sdk/qf_apps/qf_tfl_detect/GCC_Project/output/sec_debug.o
LOAD /mnt/c/Users/saxe/Documents/AAAQuickLogic/ActiveProjects/qorc-sdk/qf_apps/qf_tfl_detect/GCC_Project/output/spi_flash.o
LOAD /mnt/c/Users/saxe/Documents/AAAQuickLogic/ActiveProjects/qorc-sdk/qf_apps/qf_tfl_detect/GCC_Project/output/startup_EOSS3B_GCC.o
LOAD /mnt/c/Users/saxe/Documents/AAAQuickLogic/ActiveProjects/qorc-sdk/qf_apps/qf_tfl_detect/GCC_Project/output/stream_buffer.o
LOAD /mnt/c/Users/saxe/Documents/AAAQuickLogic/ActiveProjects/qorc-sdk/qf_apps/qf_tfl_detect/GCC_Project/output/tasks.o
LOAD /mnt/c/Users/saxe/Documents/AAAQuickLogic/ActiveProjects/qorc-sdk/qf_apps/qf_tfl_detect/GCC_Project/output/timers.o
LOAD /mnt/c/Users/saxe/Documents/AAAQuickLogic/ActiveProjects/qorc-sdk/qf_apps/qf_tfl_detect/GCC_Project/output/vectors_CM4F_gcc.o
LOAD /mnt/c/Users/saxe/Documents/AAAQuickLogic/ActiveProjects/qorc-sdk/qf_apps/qf_tfl_detect/GCC_Project/output/watchdog.o
LOAD /mnt/c/Users/saxe/Documents/AAAQuickLogic/ActiveProjects/qorc-sdk/qf_apps/qf_tfl_detect/GCC_Project/../../../Libraries/CMSIS/lib/GCC/libarm_cortexM4lf_math.a
LOAD /mnt/c/Users/saxe/Documents/ActiveProjects/tensorflow/tensorflow/lite/micro/tools/make/gen/quicklogic-eos-s3_cortex-m4/lib/libtensorflow-microlite.a
LOAD /mnt/c/Users/saxe/Documents/ActiveProjects/tensorflow/tensorflow/lite/micro/tools/make/gen/quicklogic-eos-s3_cortex-m4/obj/tensorflow/lite/micro/tools/make/downloads/person_model_grayscale/no_person_image_data.o
LOAD /mnt/c/Users/saxe/Documents/ActiveProjects/tensorflow/tensorflow/lite/micro/tools/make/gen/quicklogic-eos-s3_cortex-m4/obj/tensorflow/lite/micro/tools/make/downloads/person_model_grayscale/person_detect_model_data.o
LOAD /mnt/c/Users/saxe/Documents/ActiveProjects/tensorflow/tensorflow/lite/micro/tools/make/gen/quicklogic-eos-s3_cortex-m4/obj/tensorflow/lite/micro/tools/make/downloads/person_model_grayscale/person_image_data.o
LOAD /usr/bin/../lib/gcc/arm-none-eabi/7.3.1/../../../../arm-none-eabi/lib/thumb/v7e-m/fpv4-sp/hard/libstdc++_nano.a
LOAD /usr/bin/../lib/gcc/arm-none-eabi/7.3.1/../../../../arm-none-eabi/lib/thumb/v7e-m/fpv4-sp/hard/libm.a
START GROUP
LOAD /usr/bin/../lib/gcc/arm-none-eabi/7.3.1/thumb/v7e-m/fpv4-sp/hard/libgcc.a
LOAD /usr/bin/../lib/gcc/arm-none-eabi/7.3.1/../../../../arm-none-eabi/lib/thumb/v7e-m/fpv4-sp/hard/libg_nano.a
LOAD /usr/bin/../lib/gcc/arm-none-eabi/7.3.1/../../../../arm-none-eabi/lib/thumb/v7e-m/fpv4-sp/hard/libc_nano.a
END GROUP
START GROUP
LOAD /usr/bin/../lib/gcc/arm-none-eabi/7.3.1/thumb/v7e-m/fpv4-sp/hard/libgcc.a
LOAD /usr/bin/../lib/gcc/arm-none-eabi/7.3.1/../../../../arm-none-eabi/lib/thumb/v7e-m/fpv4-sp/hard/libc_nano.a
LOAD /usr/bin/../lib/gcc/arm-none-eabi/7.3.1/../../../../arm-none-eabi/lib/thumb/v7e-m/fpv4-sp/hard/libnosys.a
END GROUP
START GROUP
LOAD /usr/bin/../lib/gcc/arm-none-eabi/7.3.1/thumb/v7e-m/fpv4-sp/hard/libgcc.a
LOAD /usr/bin/../lib/gcc/arm-none-eabi/7.3.1/../../../../arm-none-eabi/lib/thumb/v7e-m/fpv4-sp/hard/libc_nano.a
LOAD /usr/bin/../lib/gcc/arm-none-eabi/7.3.1/../../../../arm-none-eabi/lib/thumb/v7e-m/fpv4-sp/hard/libnosys.a
END GROUP
LOAD /usr/bin/../lib/gcc/arm-none-eabi/7.3.1/thumb/v7e-m/fpv4-sp/hard/crtend.o
LOAD /usr/bin/../lib/gcc/arm-none-eabi/7.3.1/thumb/v7e-m/fpv4-sp/hard/crtn.o

.text           0x0000000000000000    0x4f88f
 *(.isr_vector)
 .isr_vector    0x0000000000000000      0x124 /mnt/c/Users/saxe/Documents/AAAQuickLogic/ActiveProjects/qorc-sdk/qf_apps/qf_tfl_detect/GCC_Project/output/vectors_CM4F_gcc.o
                0x0000000000000000                __Vectors
 *(.text*)
 .text          0x0000000000000124       0x40 /usr/bin/../lib/gcc/arm-none-eabi/7.3.1/thumb/v7e-m/fpv4-sp/hard/crtbegin.o
 .text          0x0000000000000164       0x74 /usr/bin/../lib/gcc/arm-none-eabi/7.3.1/../../../../arm-none-eabi/lib/thumb/v7e-m/fpv4-sp/hard/crt0.o
                0x0000000000000164                _mainCRTStartup
                0x0000000000000164                _start
 .text._write   0x00000000000001d8        0xe /mnt/c/Users/saxe/Documents/AAAQuickLogic/ActiveProjects/qorc-sdk/qf_apps/qf_tfl_detect/GCC_Project/output/c_lib_retarget.o
                0x00000000000001d8                _write
 .text._close   0x00000000000001e6        0x6 /mnt/c/Users/saxe/Documents/AAAQuickLogic/ActiveProjects/qorc-sdk/qf_apps/qf_tfl_detect/GCC_Project/output/c_lib_retarget.o
                0x00000000000001e6                _close
 .text._lseek   0x00000000000001ec        0x4 /mnt/c/Users/saxe/Documents/AAAQuickLogic/ActiveProjects/qorc-sdk/qf_apps/qf_tfl_detect/GCC_Project/output/c_lib_retarget.o
                0x00000000000001ec                _lseek
 .text._read    0x00000000000001f0        0x4 /mnt/c/Users/saxe/Documents/AAAQuickLogic/ActiveProjects/qorc-sdk/qf_apps/qf_tfl_detect/GCC_Project/output/c_lib_retarget.o
                0x00000000000001f0                _read
 .text.__debug_lockup
                0x00000000000001f4       0x14 /mnt/c/Users/saxe/Documents/AAAQuickLogic/ActiveProjects/qorc-sdk/qf_apps/qf_tfl_detect/GCC_Project/output/dbg_uart.o
 .text._semihost_write
                0x0000000000000208       0x54 /mnt/c/Users/saxe/Documents/AAAQuickLogic/ActiveProjects/qorc-sdk/qf_apps/qf_tfl_detect/GCC_Project/output/dbg_uart.o
                0x0000000000000208                _semihost_write
 .text.dbg_ch_raw
                0x000000000000025c       0x74 /mnt/c/Users/saxe/Documents/AAAQuickLogic/ActiveProjects/qorc-sdk/qf_apps/qf_tfl_detect/GCC_Project/output/dbg_uart.o
                0x000000000000025c                dbg_ch_raw
 .text.dbg_nl   0x00000000000002d0       0x12 /mnt/c/Users/saxe/Documents/AAAQuickLogic/ActiveProjects/qorc-sdk/qf_apps/qf_tfl_detect/GCC_Project/output/dbg_uart.o
                0x00000000000002d0                dbg_nl
 .text.dbg_ch   0x00000000000002e2        0xc /mnt/c/Users/saxe/Documents/AAAQuickLogic/ActiveProjects/qorc-sdk/qf_apps/qf_tfl_detect/GCC_Project/output/dbg_uart.o
                0x00000000000002e2                dbg_ch
 .text.dbg_hex4
                0x00000000000002ee       0x14 /mnt/c/Users/saxe/Documents/AAAQuickLogic/ActiveProjects/qorc-sdk/qf_apps/qf_tfl_detect/GCC_Project/output/dbg_uart.o
 .text.dbg_hex8
                0x0000000000000302       0x14 /mnt/c/Users/saxe/Documents/AAAQuickLogic/ActiveProjects/qorc-sdk/qf_apps/qf_tfl_detect/GCC_Project/output/dbg_uart.o
                0x0000000000000302                dbg_hex8
 .text.dbg_hex16
                0x0000000000000316       0x14 /mnt/c/Users/saxe/Documents/AAAQuickLogic/ActiveProjects/qorc-sdk/qf_apps/qf_tfl_detect/GCC_Project/output/dbg_uart.o
                0x0000000000000316                dbg_hex16
 .text.dbg_hex32
                0x000000000000032a       0x14 /mnt/c/Users/saxe/Documents/AAAQuickLogic/ActiveProjects/qorc-sdk/qf_apps/qf_tfl_detect/GCC_Project/output/dbg_uart.o
                0x000000000000032a                dbg_hex32
 *fill*         0x000000000000033e        0x2 
 .text._dbg_int
                0x0000000000000340       0x44 /mnt/c/Users/saxe/Documents/AAAQuickLogic/ActiveProjects/qorc-sdk/qf_apps/qf_tfl_detect/GCC_Project/output/dbg_uart.o
 .text.dbg_memdumpx
                0x0000000000000384       0xde /mnt/c/Users/saxe/Documents/AAAQuickLogic/ActiveProjects/qorc-sdk/qf_apps/qf_tfl_detect/GCC_Project/output/dbg_uart.o
 *fill*         0x0000000000000462        0x2 
 .text.dbg_str  0x0000000000000464       0x84 /mnt/c/Users/saxe/Documents/AAAQuickLogic/ActiveProjects/qorc-sdk/qf_apps/qf_tfl_detect/GCC_Project/output/dbg_uart.o
                0x0000000000000464                dbg_str
 .text._dbg_str_xxx
                0x00000000000004e8       0x16 /mnt/c/Users/saxe/Documents/AAAQuickLogic/ActiveProjects/qorc-sdk/qf_apps/qf_tfl_detect/GCC_Project/output/dbg_uart.o
 .text.dbg_str_hexXX
                0x00000000000004fe       0x22 /mnt/c/Users/saxe/Documents/AAAQuickLogic/ActiveProjects/qorc-sdk/qf_apps/qf_tfl_detect/GCC_Project/output/dbg_uart.o
 .text.dbg_int  0x0000000000000520       0x24 /mnt/c/Users/saxe/Documents/AAAQuickLogic/ActiveProjects/qorc-sdk/qf_apps/qf_tfl_detect/GCC_Project/output/dbg_uart.o
                0x0000000000000520                dbg_int
 .text.dbg_str_str
                0x0000000000000544       0x16 /mnt/c/Users/saxe/Documents/AAAQuickLogic/ActiveProjects/qorc-sdk/qf_apps/qf_tfl_detect/GCC_Project/output/dbg_uart.o
                0x0000000000000544                dbg_str_str
 .text.dbg_str_int
                0x000000000000055a       0x16 /mnt/c/Users/saxe/Documents/AAAQuickLogic/ActiveProjects/qorc-sdk/qf_apps/qf_tfl_detect/GCC_Project/output/dbg_uart.o
                0x000000000000055a                dbg_str_int
 .text.dbg_str_hex32
                0x0000000000000570        0xc /mnt/c/Users/saxe/Documents/AAAQuickLogic/ActiveProjects/qorc-sdk/qf_apps/qf_tfl_detect/GCC_Project/output/dbg_uart.o
                0x0000000000000570                dbg_str_hex32
 .text.dbg_fatal_error
                0x000000000000057c       0x12 /mnt/c/Users/saxe/Documents/AAAQuickLogic/ActiveProjects/qorc-sdk/qf_apps/qf_tfl_detect/GCC_Project/output/dbg_uart.o
                0x000000000000057c                dbg_fatal_error
 .text.dbg_fatal_error_int
                0x000000000000058e        0xe /mnt/c/Users/saxe/Documents/AAAQuickLogic/ActiveProjects/qorc-sdk/qf_apps/qf_tfl_detect/GCC_Project/output/dbg_uart.o
                0x000000000000058e                dbg_fatal_error_int
 .text.dbg_memdump32
                0x000000000000059c       0x1e /mnt/c/Users/saxe/Documents/AAAQuickLogic/ActiveProjects/qorc-sdk/qf_apps/qf_tfl_detect/GCC_Project/output/dbg_uart.o
                0x000000000000059c                dbg_memdump32
 *fill*         0x00000000000005ba        0x2 
 .text.HAL_GPIO_Write
                0x00000000000005bc       0x28 /mnt/c/Users/saxe/Documents/AAAQuickLogic/ActiveProjects/qorc-sdk/qf_apps/qf_tfl_detect/GCC_Project/output/eoss3_hal_gpio.o
                0x00000000000005bc                HAL_GPIO_Write
 .text.HAL_PAD_Config
                0x00000000000005e4      0x194 /mnt/c/Users/saxe/Documents/AAAQuickLogic/ActiveProjects/qorc-sdk/qf_apps/qf_tfl_detect/GCC_Project/output/eoss3_hal_pad_config.o
                0x00000000000005e4                HAL_PAD_Config
 .text.configure_s3_pads
                0x0000000000000778       0x1a /mnt/c/Users/saxe/Documents/AAAQuickLogic/ActiveProjects/qorc-sdk/qf_apps/qf_tfl_detect/GCC_Project/output/eoss3_hal_pad_config.o
                0x0000000000000778                configure_s3_pads
 *fill*         0x0000000000000792        0x2 
 .text.eoss3_rtc_enable_irq
                0x0000000000000794       0x28 /mnt/c/Users/saxe/Documents/AAAQuickLogic/ActiveProjects/qorc-sdk/qf_apps/qf_tfl_detect/GCC_Project/output/eoss3_hal_rtc.o
 .text.write_rtc_reg
                0x00000000000007bc       0x18 /mnt/c/Users/saxe/Documents/AAAQuickLogic/ActiveProjects/qorc-sdk/qf_apps/qf_tfl_detect/GCC_Project/output/eoss3_hal_rtc.o
 .text.__rtc_setup_alarm.isra.0
                0x00000000000007d4       0x44 /mnt/c/Users/saxe/Documents/AAAQuickLogic/ActiveProjects/qorc-sdk/qf_apps/qf_tfl_detect/GCC_Project/output/eoss3_hal_rtc.o
 .text.HAL_RTC_ISR
                0x0000000000000818       0x24 /mnt/c/Users/saxe/Documents/AAAQuickLogic/ActiveProjects/qorc-sdk/qf_apps/qf_tfl_detect/GCC_Project/output/eoss3_hal_rtc.o
                0x0000000000000818                HAL_RTC_ISR
 .text.unlock_spi1_bus
                0x000000000000083c       0x5c /mnt/c/Users/saxe/Documents/AAAQuickLogic/ActiveProjects/qorc-sdk/qf_apps/qf_tfl_detect/GCC_Project/output/eoss3_hal_spi.o
                0x000000000000083c                unlock_spi1_bus
 .text.SPI_DMA_Complete
                0x0000000000000898       0x88 /mnt/c/Users/saxe/Documents/AAAQuickLogic/ActiveProjects/qorc-sdk/qf_apps/qf_tfl_detect/GCC_Project/output/eoss3_hal_spi.o
                0x0000000000000898                SPI_DMA_Complete
 .text.HAL_SPI_IRQHandler
                0x0000000000000920       0x6c /mnt/c/Users/saxe/Documents/AAAQuickLogic/ActiveProjects/qorc-sdk/qf_apps/qf_tfl_detect/GCC_Project/output/eoss3_hal_spi.o
                0x0000000000000920                HAL_SPI_IRQHandler
 .text.HAL_Timer_ISR
                0x000000000000098c       0x88 /mnt/c/Users/saxe/Documents/AAAQuickLogic/ActiveProjects/qorc-sdk/qf_apps/qf_tfl_detect/GCC_Project/output/eoss3_hal_timer.o
                0x000000000000098c                HAL_Timer_ISR
 .text.uart_baud_rate
                0x0000000000000a14       0xa0 /mnt/c/Users/saxe/Documents/AAAQuickLogic/ActiveProjects/qorc-sdk/qf_apps/qf_tfl_detect/GCC_Project/output/eoss3_hal_uart.o
 .text.is_hw_uart_enabled
                0x0000000000000ab4       0x20 /mnt/c/Users/saxe/Documents/AAAQuickLogic/ActiveProjects/qorc-sdk/qf_apps/qf_tfl_detect/GCC_Project/output/eoss3_hal_uart.o
 .text.uart_disable
                0x0000000000000ad4       0x1c /mnt/c/Users/saxe/Documents/AAAQuickLogic/ActiveProjects/qorc-sdk/qf_apps/qf_tfl_detect/GCC_Project/output/eoss3_hal_uart.o
 .text.uart_lpm_callback
                0x0000000000000af0       0x70 /mnt/c/Users/saxe/Documents/AAAQuickLogic/ActiveProjects/qorc-sdk/qf_apps/qf_tfl_detect/GCC_Project/output/eoss3_hal_uart.o
 .text.uart_init
                0x0000000000000b60      0x168 /mnt/c/Users/saxe/Documents/AAAQuickLogic/ActiveProjects/qorc-sdk/qf_apps/qf_tfl_detect/GCC_Project/output/eoss3_hal_uart.o
                0x0000000000000b60                uart_init
 .text.uart_isr_handler
                0x0000000000000cc8       0x84 /mnt/c/Users/saxe/Documents/AAAQuickLogic/ActiveProjects/qorc-sdk/qf_apps/qf_tfl_detect/GCC_Project/output/eoss3_hal_uart.o
                0x0000000000000cc8                uart_isr_handler
 .text.uart_tx_raw
                0x0000000000000d4c       0x38 /mnt/c/Users/saxe/Documents/AAAQuickLogic/ActiveProjects/qorc-sdk/qf_apps/qf_tfl_detect/GCC_Project/output/eoss3_hal_uart.o
                0x0000000000000d4c                uart_tx_raw
 .text.uart_tx  0x0000000000000d84       0x1c /mnt/c/Users/saxe/Documents/AAAQuickLogic/ActiveProjects/qorc-sdk/qf_apps/qf_tfl_detect/GCC_Project/output/eoss3_hal_uart.o
                0x0000000000000d84                uart_tx
 .text.uart_tx_buf
                0x0000000000000da0       0x1a /mnt/c/Users/saxe/Documents/AAAQuickLogic/ActiveProjects/qorc-sdk/qf_apps/qf_tfl_detect/GCC_Project/output/eoss3_hal_uart.o
                0x0000000000000da0                uart_tx_buf
 *fill*         0x0000000000000dba        0x2 
 .text.WDT_ISR  0x0000000000000dbc       0x8c /mnt/c/Users/saxe/Documents/AAAQuickLogic/ActiveProjects/qorc-sdk/qf_apps/qf_tfl_detect/GCC_Project/output/eoss3_hal_wdt.o
                0x0000000000000dbc                WDT_ISR
 .text.spurious_interrupt
                0x0000000000000e48        0xc /mnt/c/Users/saxe/Documents/AAAQuickLogic/ActiveProjects/qorc-sdk/qf_apps/qf_tfl_detect/GCC_Project/output/exceptions.o
 .text.prvGetRegistersFromStack
                0x0000000000000e54       0xf0 /mnt/c/Users/saxe/Documents/AAAQuickLogic/ActiveProjects/qorc-sdk/qf_apps/qf_tfl_detect/GCC_Project/output/exceptions.o
                0x0000000000000e54                prvGetRegistersFromStack
 .text.HardFault_Handler
                0x0000000000000f44       0x16 /mnt/c/Users/saxe/Documents/AAAQuickLogic/ActiveProjects/qorc-sdk/qf_apps/qf_tfl_detect/GCC_Project/output/exceptions.o
                0x0000000000000f44                HardFault_Handler
 .text.NMI_Handler
                0x0000000000000f5a        0x6 /mnt/c/Users/saxe/Documents/AAAQuickLogic/ActiveProjects/qorc-sdk/qf_apps/qf_tfl_detect/GCC_Project/output/exceptions.o
                0x0000000000000f5a                NMI_Handler
 .text.MemManage_Handler
                0x0000000000000f60        0x6 /mnt/c/Users/saxe/Documents/AAAQuickLogic/ActiveProjects/qorc-sdk/qf_apps/qf_tfl_detect/GCC_Project/output/exceptions.o
                0x0000000000000f60                MemManage_Handler
 .text.BusFault_Handler
                0x0000000000000f66        0x6 /mnt/c/Users/saxe/Documents/AAAQuickLogic/ActiveProjects/qorc-sdk/qf_apps/qf_tfl_detect/GCC_Project/output/exceptions.o
                0x0000000000000f66                BusFault_Handler
 .text.UsageFault_Handler
                0x0000000000000f6c        0x6 /mnt/c/Users/saxe/Documents/AAAQuickLogic/ActiveProjects/qorc-sdk/qf_apps/qf_tfl_detect/GCC_Project/output/exceptions.o
                0x0000000000000f6c                UsageFault_Handler
 .text.DebugMon_Handler
                0x0000000000000f72        0x6 /mnt/c/Users/saxe/Documents/AAAQuickLogic/ActiveProjects/qorc-sdk/qf_apps/qf_tfl_detect/GCC_Project/output/exceptions.o
                0x0000000000000f72                DebugMon_Handler
 .text.Uart_Handler
                0x0000000000000f78       0x50 /mnt/c/Users/saxe/Documents/AAAQuickLogic/ActiveProjects/qorc-sdk/qf_apps/qf_tfl_detect/GCC_Project/output/exceptions.o
                0x0000000000000f78                Uart_Handler
 .text.Timer_Handler
                0x0000000000000fc8       0x24 /mnt/c/Users/saxe/Documents/AAAQuickLogic/ActiveProjects/qorc-sdk/qf_apps/qf_tfl_detect/GCC_Project/output/exceptions.o
                0x0000000000000fc8                Timer_Handler
 .text.CpuWdtInt_Handler
                0x0000000000000fec       0x24 /mnt/c/Users/saxe/Documents/AAAQuickLogic/ActiveProjects/qorc-sdk/qf_apps/qf_tfl_detect/GCC_Project/output/exceptions.o
                0x0000000000000fec                CpuWdtInt_Handler
 .text.CpuWdtRst_Handler
                0x0000000000001010        0x6 /mnt/c/Users/saxe/Documents/AAAQuickLogic/ActiveProjects/qorc-sdk/qf_apps/qf_tfl_detect/GCC_Project/output/exceptions.o
                0x0000000000001010                CpuWdtRst_Handler
 .text.BusTimeout_Handler
                0x0000000000001016        0x6 /mnt/c/Users/saxe/Documents/AAAQuickLogic/ActiveProjects/qorc-sdk/qf_apps/qf_tfl_detect/GCC_Project/output/exceptions.o
                0x0000000000001016                BusTimeout_Handler
 .text.Fpu_Handler
                0x000000000000101c        0x6 /mnt/c/Users/saxe/Documents/AAAQuickLogic/ActiveProjects/qorc-sdk/qf_apps/qf_tfl_detect/GCC_Project/output/exceptions.o
                0x000000000000101c                Fpu_Handler
 *fill*         0x0000000000001022        0x2 
 .text.Pkfb_Handler
                0x0000000000001024       0x10 /mnt/c/Users/saxe/Documents/AAAQuickLogic/ActiveProjects/qorc-sdk/qf_apps/qf_tfl_detect/GCC_Project/output/exceptions.o
                0x0000000000001024                Pkfb_Handler
 .text.I2s_Handler
                0x0000000000001034        0x6 /mnt/c/Users/saxe/Documents/AAAQuickLogic/ActiveProjects/qorc-sdk/qf_apps/qf_tfl_detect/GCC_Project/output/exceptions.o
                0x0000000000001034                I2s_Handler
 .text.Audio_Handler
                0x000000000000103a        0x6 /mnt/c/Users/saxe/Documents/AAAQuickLogic/ActiveProjects/qorc-sdk/qf_apps/qf_tfl_detect/GCC_Project/output/exceptions.o
                0x000000000000103a                Audio_Handler
 .text.SpiMs_Handler
                0x0000000000001040       0x5c /mnt/c/Users/saxe/Documents/AAAQuickLogic/ActiveProjects/qorc-sdk/qf_apps/qf_tfl_detect/GCC_Project/output/exceptions.o
                0x0000000000001040                SpiMs_Handler
 .text.CfgDma_Handler
                0x000000000000109c       0x28 /mnt/c/Users/saxe/Documents/AAAQuickLogic/ActiveProjects/qorc-sdk/qf_apps/qf_tfl_detect/GCC_Project/output/exceptions.o
                0x000000000000109c                CfgDma_Handler
 .text.PmuTimer_Handler
                0x00000000000010c4        0x2 /mnt/c/Users/saxe/Documents/AAAQuickLogic/ActiveProjects/qorc-sdk/qf_apps/qf_tfl_detect/GCC_Project/output/exceptions.o
                0x00000000000010c4                PmuTimer_Handler
 .text.AdcDone_Handler
                0x00000000000010c6        0x8 /mnt/c/Users/saxe/Documents/AAAQuickLogic/ActiveProjects/qorc-sdk/qf_apps/qf_tfl_detect/GCC_Project/output/exceptions.o
                0x00000000000010c6                AdcDone_Handler
 *fill*         0x00000000000010ce        0x2 
 .text.RtcAlarm_Handler
                0x00000000000010d0       0x1c /mnt/c/Users/saxe/Documents/AAAQuickLogic/ActiveProjects/qorc-sdk/qf_apps/qf_tfl_detect/GCC_Project/output/exceptions.o
                0x00000000000010d0                RtcAlarm_Handler
 .text.ResetInt_Handler
                0x00000000000010ec        0x8 /mnt/c/Users/saxe/Documents/AAAQuickLogic/ActiveProjects/qorc-sdk/qf_apps/qf_tfl_detect/GCC_Project/output/exceptions.o
                0x00000000000010ec                ResetInt_Handler
 .text.Ffe0_Handler
                0x00000000000010f4       0x18 /mnt/c/Users/saxe/Documents/AAAQuickLogic/ActiveProjects/qorc-sdk/qf_apps/qf_tfl_detect/GCC_Project/output/exceptions.o
                0x00000000000010f4                Ffe0_Handler
 .text.FbMsg_Handler
                0x000000000000110c       0x70 /mnt/c/Users/saxe/Documents/AAAQuickLogic/ActiveProjects/qorc-sdk/qf_apps/qf_tfl_detect/GCC_Project/output/exceptions.o
                0x000000000000110c                FbMsg_Handler
 .text.SensorGpio_Handler
                0x000000000000117c        0x8 /mnt/c/Users/saxe/Documents/AAAQuickLogic/ActiveProjects/qorc-sdk/qf_apps/qf_tfl_detect/GCC_Project/output/exceptions.o
                0x000000000000117c                SensorGpio_Handler
 .text.M4SramSleep_Handler
                0x0000000000001184        0x8 /mnt/c/Users/saxe/Documents/AAAQuickLogic/ActiveProjects/qorc-sdk/qf_apps/qf_tfl_detect/GCC_Project/output/exceptions.o
                0x0000000000001184                M4SramSleep_Handler
 .text.LDO30_PG_Handler
                0x000000000000118c        0x8 /mnt/c/Users/saxe/Documents/AAAQuickLogic/ActiveProjects/qorc-sdk/qf_apps/qf_tfl_detect/GCC_Project/output/exceptions.o
                0x000000000000118c                LDO30_PG_Handler
 .text.LDO50_PG_Handler
                0x0000000000001194        0x8 /mnt/c/Users/saxe/Documents/AAAQuickLogic/ActiveProjects/qorc-sdk/qf_apps/qf_tfl_detect/GCC_Project/output/exceptions.o
                0x0000000000001194                LDO50_PG_Handler
 .text.DMIC_Voice_Det_Handler
                0x000000000000119c        0x8 /mnt/c/Users/saxe/Documents/AAAQuickLogic/ActiveProjects/qorc-sdk/qf_apps/qf_tfl_detect/GCC_Project/output/exceptions.o
                0x000000000000119c                DMIC_Voice_Det_Handler
 .text.ApPDMClkOn_Handler
                0x00000000000011a4        0x8 /mnt/c/Users/saxe/Documents/AAAQuickLogic/ActiveProjects/qorc-sdk/qf_apps/qf_tfl_detect/GCC_Project/output/exceptions.o
                0x00000000000011a4                ApPDMClkOn_Handler
 .text.ApPDMClkOff_Handler
                0x00000000000011ac        0x8 /mnt/c/Users/saxe/Documents/AAAQuickLogic/ActiveProjects/qorc-sdk/qf_apps/qf_tfl_detect/GCC_Project/output/exceptions.o
                0x00000000000011ac                ApPDMClkOff_Handler
 .text.Dmac0BlkDone_Handler
                0x00000000000011b4        0x8 /mnt/c/Users/saxe/Documents/AAAQuickLogic/ActiveProjects/qorc-sdk/qf_apps/qf_tfl_detect/GCC_Project/output/exceptions.o
                0x00000000000011b4                Dmac0BlkDone_Handler
 .text.Dmac0BufDone_Handler
                0x00000000000011bc        0x8 /mnt/c/Users/saxe/Documents/AAAQuickLogic/ActiveProjects/qorc-sdk/qf_apps/qf_tfl_detect/GCC_Project/output/exceptions.o
                0x00000000000011bc                Dmac0BufDone_Handler
 .text.Dmac1BlkDone_Handler
                0x00000000000011c4        0x8 /mnt/c/Users/saxe/Documents/AAAQuickLogic/ActiveProjects/qorc-sdk/qf_apps/qf_tfl_detect/GCC_Project/output/exceptions.o
                0x00000000000011c4                Dmac1BlkDone_Handler
 .text.Dmac1BufDone_Handler
                0x00000000000011cc        0x8 /mnt/c/Users/saxe/Documents/AAAQuickLogic/ActiveProjects/qorc-sdk/qf_apps/qf_tfl_detect/GCC_Project/output/exceptions.o
                0x00000000000011cc                Dmac1BufDone_Handler
 .text.Sdma0Done_Handler
                0x00000000000011d4        0x8 /mnt/c/Users/saxe/Documents/AAAQuickLogic/ActiveProjects/qorc-sdk/qf_apps/qf_tfl_detect/GCC_Project/output/exceptions.o
                0x00000000000011d4                Sdma0Done_Handler
 .text.Sdma1Done_Handler
                0x00000000000011dc        0x8 /mnt/c/Users/saxe/Documents/AAAQuickLogic/ActiveProjects/qorc-sdk/qf_apps/qf_tfl_detect/GCC_Project/output/exceptions.o
                0x00000000000011dc                Sdma1Done_Handler
 .text.Sdma2Done_Handler
                0x00000000000011e4        0x8 /mnt/c/Users/saxe/Documents/AAAQuickLogic/ActiveProjects/qorc-sdk/qf_apps/qf_tfl_detect/GCC_Project/output/exceptions.o
                0x00000000000011e4                Sdma2Done_Handler
 .text.Sdma3Done_Handler
                0x00000000000011ec        0x8 /mnt/c/Users/saxe/Documents/AAAQuickLogic/ActiveProjects/qorc-sdk/qf_apps/qf_tfl_detect/GCC_Project/output/exceptions.o
                0x00000000000011ec                Sdma3Done_Handler
 .text.Sdma4Done_Handler
                0x00000000000011f4        0x8 /mnt/c/Users/saxe/Documents/AAAQuickLogic/ActiveProjects/qorc-sdk/qf_apps/qf_tfl_detect/GCC_Project/output/exceptions.o
                0x00000000000011f4                Sdma4Done_Handler
 .text.Sdma5Done_Handler
                0x00000000000011fc        0x8 /mnt/c/Users/saxe/Documents/AAAQuickLogic/ActiveProjects/qorc-sdk/qf_apps/qf_tfl_detect/GCC_Project/output/exceptions.o
                0x00000000000011fc                Sdma5Done_Handler
 .text.Sdma6Done_Handler
                0x0000000000001204        0x8 /mnt/c/Users/saxe/Documents/AAAQuickLogic/ActiveProjects/qorc-sdk/qf_apps/qf_tfl_detect/GCC_Project/output/exceptions.o
                0x0000000000001204                Sdma6Done_Handler
 .text.Sdma7Done_Handler
                0x000000000000120c        0x8 /mnt/c/Users/saxe/Documents/AAAQuickLogic/ActiveProjects/qorc-sdk/qf_apps/qf_tfl_detect/GCC_Project/output/exceptions.o
                0x000000000000120c                Sdma7Done_Handler
 .text.Sdma8Done_Handler
                0x0000000000001214        0x8 /mnt/c/Users/saxe/Documents/AAAQuickLogic/ActiveProjects/qorc-sdk/qf_apps/qf_tfl_detect/GCC_Project/output/exceptions.o
                0x0000000000001214                Sdma8Done_Handler
 .text.Sdma9Done_Handler
                0x000000000000121c        0x8 /mnt/c/Users/saxe/Documents/AAAQuickLogic/ActiveProjects/qorc-sdk/qf_apps/qf_tfl_detect/GCC_Project/output/exceptions.o
                0x000000000000121c                Sdma9Done_Handler
 .text.Sdma10Done_Handler
                0x0000000000001224        0x8 /mnt/c/Users/saxe/Documents/AAAQuickLogic/ActiveProjects/qorc-sdk/qf_apps/qf_tfl_detect/GCC_Project/output/exceptions.o
                0x0000000000001224                Sdma10Done_Handler
 .text.Sdma11Done_Handler
                0x000000000000122c        0x8 /mnt/c/Users/saxe/Documents/AAAQuickLogic/ActiveProjects/qorc-sdk/qf_apps/qf_tfl_detect/GCC_Project/output/exceptions.o
                0x000000000000122c                Sdma11Done_Handler
 .text.SdmaErr_Handler
                0x0000000000001234        0x8 /mnt/c/Users/saxe/Documents/AAAQuickLogic/ActiveProjects/qorc-sdk/qf_apps/qf_tfl_detect/GCC_Project/output/exceptions.o
                0x0000000000001234                SdmaErr_Handler
 .text.I2S_SlvM4TxOr_Handler
                0x000000000000123c        0x8 /mnt/c/Users/saxe/Documents/AAAQuickLogic/ActiveProjects/qorc-sdk/qf_apps/qf_tfl_detect/GCC_Project/output/exceptions.o
                0x000000000000123c                I2S_SlvM4TxOr_Handler
 .text.SRAM_128KB_Handler
                0x0000000000001244        0x8 /mnt/c/Users/saxe/Documents/AAAQuickLogic/ActiveProjects/qorc-sdk/qf_apps/qf_tfl_detect/GCC_Project/output/exceptions.o
                0x0000000000001244                SRAM_128KB_Handler
 .text.LPSD_Voice_Det_Handler
                0x000000000000124c        0x8 /mnt/c/Users/saxe/Documents/AAAQuickLogic/ActiveProjects/qorc-sdk/qf_apps/qf_tfl_detect/GCC_Project/output/exceptions.o
                0x000000000000124c                LPSD_Voice_Det_Handler
 .text.FfeWdt_Handler
                0x0000000000001254        0x8 /mnt/c/Users/saxe/Documents/AAAQuickLogic/ActiveProjects/qorc-sdk/qf_apps/qf_tfl_detect/GCC_Project/output/exceptions.o
                0x0000000000001254                FfeWdt_Handler
 .text.ApBoot_Handler
                0x000000000000125c        0x8 /mnt/c/Users/saxe/Documents/AAAQuickLogic/ActiveProjects/qorc-sdk/qf_apps/qf_tfl_detect/GCC_Project/output/exceptions.o
                0x000000000000125c                ApBoot_Handler
 .text.SwInt2_Handler
                0x0000000000001264        0x8 /mnt/c/Users/saxe/Documents/AAAQuickLogic/ActiveProjects/qorc-sdk/qf_apps/qf_tfl_detect/GCC_Project/output/exceptions.o
                0x0000000000001264                SwInt2_Handler
 .text.SwInt1_Handler
                0x000000000000126c       0x24 /mnt/c/Users/saxe/Documents/AAAQuickLogic/ActiveProjects/qorc-sdk/qf_apps/qf_tfl_detect/GCC_Project/output/exceptions.o
                0x000000000000126c                SwInt1_Handler
 .text.Ffe0Msg_Handler
                0x0000000000001290        0x8 /mnt/c/Users/saxe/Documents/AAAQuickLogic/ActiveProjects/qorc-sdk/qf_apps/qf_tfl_detect/GCC_Project/output/exceptions.o
                0x0000000000001290                Ffe0Msg_Handler
 .text.lpsdVoiceOffHandler
                0x0000000000001298        0x8 /mnt/c/Users/saxe/Documents/AAAQuickLogic/ActiveProjects/qorc-sdk/qf_apps/qf_tfl_detect/GCC_Project/output/exceptions.o
                0x0000000000001298                lpsdVoiceOffHandler
 .text.dmicVoiceOffHandler
                0x00000000000012a0        0x8 /mnt/c/Users/saxe/Documents/AAAQuickLogic/ActiveProjects/qorc-sdk/qf_apps/qf_tfl_detect/GCC_Project/output/exceptions.o
                0x00000000000012a0                dmicVoiceOffHandler
 .text.vApplicationMallocFailedHook
                0x00000000000012a8       0x24 /mnt/c/Users/saxe/Documents/AAAQuickLogic/ActiveProjects/qorc-sdk/qf_apps/qf_tfl_detect/GCC_Project/output/exceptions.o
                0x00000000000012a8                vApplicationMallocFailedHook
 .text.vApplicationStackOverflowHook
                0x00000000000012cc       0x24 /mnt/c/Users/saxe/Documents/AAAQuickLogic/ActiveProjects/qorc-sdk/qf_apps/qf_tfl_detect/GCC_Project/output/exceptions.o
                0x00000000000012cc                vApplicationStackOverflowHook
 .text.vApplicationTickHook
                0x00000000000012f0        0x2 /mnt/c/Users/saxe/Documents/AAAQuickLogic/ActiveProjects/qorc-sdk/qf_apps/qf_tfl_detect/GCC_Project/output/exceptions.o
                0x00000000000012f0                vApplicationTickHook
 *fill*         0x00000000000012f2        0x2 
 .text.prvInsertBlockIntoFreeList
                0x00000000000012f4       0x74 /mnt/c/Users/saxe/Documents/AAAQuickLogic/ActiveProjects/qorc-sdk/qf_apps/qf_tfl_detect/GCC_Project/output/heap_4.o
 .text.pvPortMalloc
                0x0000000000001368      0x1ac /mnt/c/Users/saxe/Documents/AAAQuickLogic/ActiveProjects/qorc-sdk/qf_apps/qf_tfl_detect/GCC_Project/output/heap_4.o
                0x0000000000001368                pvPortMalloc
 .text.vListInitialise
                0x0000000000001514       0x16 /mnt/c/Users/saxe/Documents/AAAQuickLogic/ActiveProjects/qorc-sdk/qf_apps/qf_tfl_detect/GCC_Project/output/list.o
                0x0000000000001514                vListInitialise
 .text.vListInitialiseItem
                0x000000000000152a        0x6 /mnt/c/Users/saxe/Documents/AAAQuickLogic/ActiveProjects/qorc-sdk/qf_apps/qf_tfl_detect/GCC_Project/output/list.o
                0x000000000000152a                vListInitialiseItem
 .text.vListInsertEnd
                0x0000000000001530       0x18 /mnt/c/Users/saxe/Documents/AAAQuickLogic/ActiveProjects/qorc-sdk/qf_apps/qf_tfl_detect/GCC_Project/output/list.o
                0x0000000000001530                vListInsertEnd
 .text.vListInsert
                0x0000000000001548       0x2e /mnt/c/Users/saxe/Documents/AAAQuickLogic/ActiveProjects/qorc-sdk/qf_apps/qf_tfl_detect/GCC_Project/output/list.o
                0x0000000000001548                vListInsert
 .text.uxListRemove
                0x0000000000001576       0x22 /mnt/c/Users/saxe/Documents/AAAQuickLogic/ActiveProjects/qorc-sdk/qf_apps/qf_tfl_detect/GCC_Project/output/list.o
                0x0000000000001576                uxListRemove
 .text.startup.main
                0x0000000000001598       0xb4 /mnt/c/Users/saxe/Documents/AAAQuickLogic/ActiveProjects/qorc-sdk/qf_apps/qf_tfl_detect/GCC_Project/output/main.o
                0x0000000000001598                main
 .text.SystemInit
                0x000000000000164c        0x2 /mnt/c/Users/saxe/Documents/AAAQuickLogic/ActiveProjects/qorc-sdk/qf_apps/qf_tfl_detect/GCC_Project/output/main.o
                0x000000000000164c                SystemInit
 .text._ZN6tflite18MicroErrorReporterD0Ev
                0x000000000000164e        0x2 /mnt/c/Users/saxe/Documents/AAAQuickLogic/ActiveProjects/qorc-sdk/qf_apps/qf_tfl_detect/GCC_Project/output/person_detection_benchmark.o
                0x000000000000164e                tflite::MicroErrorReporter::~MicroErrorReporter()
                0x000000000000164e                tflite::MicroErrorReporter::~MicroErrorReporter()
                0x000000000000164e                tflite::MicroErrorReporter::~MicroErrorReporter()
 .text._ZNK6tflite15MicroOpResolver6FindOpENS_15BuiltinOperatorEi
                0x0000000000001650        0x6 /mnt/c/Users/saxe/Documents/AAAQuickLogic/ActiveProjects/qorc-sdk/qf_apps/qf_tfl_detect/GCC_Project/output/person_detection_benchmark.o
                0x0000000000001650                tflite::MicroOpResolver::FindOp(tflite::BuiltinOperator, int) const
 .text._ZNK6tflite15MicroOpResolver6FindOpEPKci
                0x0000000000001656        0x6 /mnt/c/Users/saxe/Documents/AAAQuickLogic/ActiveProjects/qorc-sdk/qf_apps/qf_tfl_detect/GCC_Project/output/person_detection_benchmark.o
                0x0000000000001656                tflite::MicroOpResolver::FindOp(char const*, int) const
 .text._ZNK6tflite22MicroMutableOpResolverILj3EE6FindOpENS_15BuiltinOperatorE
                0x000000000000165c       0x26 /mnt/c/Users/saxe/Documents/AAAQuickLogic/ActiveProjects/qorc-sdk/qf_apps/qf_tfl_detect/GCC_Project/output/person_detection_benchmark.o
                0x000000000000165c                tflite::MicroMutableOpResolver<3u>::FindOp(tflite::BuiltinOperator) const
 .text._ZN6tflite22MicroMutableOpResolverILj3EED0Ev
                0x0000000000001682        0x2 /mnt/c/Users/saxe/Documents/AAAQuickLogic/ActiveProjects/qorc-sdk/qf_apps/qf_tfl_detect/GCC_Project/output/person_detection_benchmark.o
                0x0000000000001682                tflite::MicroMutableOpResolver<3u>::~MicroMutableOpResolver()
                0x0000000000001682                tflite::MicroMutableOpResolver<3u>::~MicroMutableOpResolver()
                0x0000000000001682                tflite::MicroMutableOpResolver<3u>::~MicroMutableOpResolver()
 .text._ZNK6tflite22MicroMutableOpResolverILj3EE15GetOpDataParserENS_15BuiltinOperatorE
                0x0000000000001684       0x26 /mnt/c/Users/saxe/Documents/AAAQuickLogic/ActiveProjects/qorc-sdk/qf_apps/qf_tfl_detect/GCC_Project/output/person_detection_benchmark.o
                0x0000000000001684                tflite::MicroMutableOpResolver<3u>::GetOpDataParser(tflite::BuiltinOperator) const
 .text._ZNK6tflite22MicroMutableOpResolverILj3EE6FindOpEPKc
                0x00000000000016aa       0x36 /mnt/c/Users/saxe/Documents/AAAQuickLogic/ActiveProjects/qorc-sdk/qf_apps/qf_tfl_detect/GCC_Project/output/person_detection_benchmark.o
                0x00000000000016aa                tflite::MicroMutableOpResolver<3u>::FindOp(char const*) const
 .text._Z29RunSingleIterationCustomInputPKh
                0x00000000000016e0      0x140 /mnt/c/Users/saxe/Documents/AAAQuickLogic/ActiveProjects/qorc-sdk/qf_apps/qf_tfl_detect/GCC_Project/output/person_detection_benchmark.o
                0x00000000000016e0                RunSingleIterationCustomInput(unsigned char const*)
 .text.loop     0x0000000000001820       0x60 /mnt/c/Users/saxe/Documents/AAAQuickLogic/ActiveProjects/qorc-sdk/qf_apps/qf_tfl_detect/GCC_Project/output/person_detection_benchmark.o
                0x0000000000001820                loop
 .text._ZN6tflite22MicroMutableOpResolverILj3EE10AddBuiltinENS_15BuiltinOperatorERK18TfLiteRegistrationPF12TfLiteStatusPKNS_8OperatorES2_PNS_13ErrorReporterEPNS_20BuiltinDataAllocatorEPPvE
                0x0000000000001880       0x9c /mnt/c/Users/saxe/Documents/AAAQuickLogic/ActiveProjects/qorc-sdk/qf_apps/qf_tfl_detect/GCC_Project/output/person_detection_benchmark.o
                0x0000000000001880                tflite::MicroMutableOpResolver<3u>::AddBuiltin(tflite::BuiltinOperator, TfLiteRegistration const&, TfLiteStatus (*)(tflite::Operator const*, tflite::BuiltinOperator, tflite::ErrorReporter*, tflite::BuiltinDataAllocator*, void**))
 .text.setup    0x000000000000191c      0x23c /mnt/c/Users/saxe/Documents/AAAQuickLogic/ActiveProjects/qorc-sdk/qf_apps/qf_tfl_detect/GCC_Project/output/person_detection_benchmark.o
                0x000000000000191c                setup
 *fill*         0x0000000000001b58        0x8 
 .text.SVC_Handler
                0x0000000000001b60       0x24 /mnt/c/Users/saxe/Documents/AAAQuickLogic/ActiveProjects/qorc-sdk/qf_apps/qf_tfl_detect/GCC_Project/output/port.o
                0x0000000000001b60                SVC_Handler
 .text.vPortEnterCritical
                0x0000000000001b84       0x58 /mnt/c/Users/saxe/Documents/AAAQuickLogic/ActiveProjects/qorc-sdk/qf_apps/qf_tfl_detect/GCC_Project/output/port.o
                0x0000000000001b84                vPortEnterCritical
 .text.vPortExitCritical
                0x0000000000001bdc       0x3c /mnt/c/Users/saxe/Documents/AAAQuickLogic/ActiveProjects/qorc-sdk/qf_apps/qf_tfl_detect/GCC_Project/output/port.o
                0x0000000000001bdc                vPortExitCritical
 *fill*         0x0000000000001c18        0x8 
 .text.PendSV_Handler
                0x0000000000001c20       0x64 /mnt/c/Users/saxe/Documents/AAAQuickLogic/ActiveProjects/qorc-sdk/qf_apps/qf_tfl_detect/GCC_Project/output/port.o
                0x0000000000001c20                PendSV_Handler
 .text.xPortSysTickHandler
                0x0000000000001c84       0x2c /mnt/c/Users/saxe/Documents/AAAQuickLogic/ActiveProjects/qorc-sdk/qf_apps/qf_tfl_detect/GCC_Project/output/port.o
                0x0000000000001c84                xPortSysTickHandler
 .text.vPortValidateInterruptPriority
                0x0000000000001cb0       0x7c /mnt/c/Users/saxe/Documents/AAAQuickLogic/ActiveProjects/qorc-sdk/qf_apps/qf_tfl_detect/GCC_Project/output/port.o
                0x0000000000001cb0                vPortValidateInterruptPriority
 .text.system_init
                0x0000000000001d2c       0x6c /mnt/c/Users/saxe/Documents/AAAQuickLogic/ActiveProjects/qorc-sdk/qf_apps/qf_tfl_detect/GCC_Project/output/qf_hardwaresetup.o
                0x0000000000001d2c                system_init
 .text.qf_hardwareSetup
                0x0000000000001d98       0x70 /mnt/c/Users/saxe/Documents/AAAQuickLogic/ActiveProjects/qorc-sdk/qf_apps/qf_tfl_detect/GCC_Project/output/qf_hardwaresetup.o
                0x0000000000001d98                qf_hardwareSetup
 .text.prvIsQueueEmpty
                0x0000000000001e08       0x16 /mnt/c/Users/saxe/Documents/AAAQuickLogic/ActiveProjects/qorc-sdk/qf_apps/qf_tfl_detect/GCC_Project/output/queue.o
 .text.prvCopyDataToQueue
                0x0000000000001e1e       0x72 /mnt/c/Users/saxe/Documents/AAAQuickLogic/ActiveProjects/qorc-sdk/qf_apps/qf_tfl_detect/GCC_Project/output/queue.o
 .text.prvUnlockQueue
                0x0000000000001e90       0x70 /mnt/c/Users/saxe/Documents/AAAQuickLogic/ActiveProjects/qorc-sdk/qf_apps/qf_tfl_detect/GCC_Project/output/queue.o
 .text.xQueueGenericReset
                0x0000000000001f00       0x90 /mnt/c/Users/saxe/Documents/AAAQuickLogic/ActiveProjects/qorc-sdk/qf_apps/qf_tfl_detect/GCC_Project/output/queue.o
                0x0000000000001f00                xQueueGenericReset
 .text.xQueueGenericCreate
                0x0000000000001f90       0x74 /mnt/c/Users/saxe/Documents/AAAQuickLogic/ActiveProjects/qorc-sdk/qf_apps/qf_tfl_detect/GCC_Project/output/queue.o
                0x0000000000001f90                xQueueGenericCreate
 .text.xQueueGenericSend
                0x0000000000002004      0x198 /mnt/c/Users/saxe/Documents/AAAQuickLogic/ActiveProjects/qorc-sdk/qf_apps/qf_tfl_detect/GCC_Project/output/queue.o
                0x0000000000002004                xQueueGenericSend
 .text.xQueueGenericSendFromISR
                0x000000000000219c       0xf0 /mnt/c/Users/saxe/Documents/AAAQuickLogic/ActiveProjects/qorc-sdk/qf_apps/qf_tfl_detect/GCC_Project/output/queue.o
                0x000000000000219c                xQueueGenericSendFromISR
 .text.xQueueGenericSendFromISRDebug
                0x000000000000228c       0x30 /mnt/c/Users/saxe/Documents/AAAQuickLogic/ActiveProjects/qorc-sdk/qf_apps/qf_tfl_detect/GCC_Project/output/queue.o
                0x000000000000228c                xQueueGenericSendFromISRDebug
 .text.xQueueGiveFromISR
                0x00000000000022bc       0xdc /mnt/c/Users/saxe/Documents/AAAQuickLogic/ActiveProjects/qorc-sdk/qf_apps/qf_tfl_detect/GCC_Project/output/queue.o
                0x00000000000022bc                xQueueGiveFromISR
 .text.xQueueSemaphoreTake
                0x0000000000002398      0x1b0 /mnt/c/Users/saxe/Documents/AAAQuickLogic/ActiveProjects/qorc-sdk/qf_apps/qf_tfl_detect/GCC_Project/output/queue.o
                0x0000000000002398                xQueueSemaphoreTake
 .text.vQueueAddToRegistry
                0x0000000000002548       0x10 /mnt/c/Users/saxe/Documents/AAAQuickLogic/ActiveProjects/qorc-sdk/qf_apps/qf_tfl_detect/GCC_Project/output/queue.o
                0x0000000000002548                vQueueAddToRegistry
 .text.s3x_clkd_write_div
                0x0000000000002558       0xa8 /mnt/c/Users/saxe/Documents/AAAQuickLogic/ActiveProjects/qorc-sdk/qf_apps/qf_tfl_detect/GCC_Project/output/s3x_clock.o
 .text.s3x_clkd_read_div
                0x0000000000002600       0x44 /mnt/c/Users/saxe/Documents/AAAQuickLogic/ActiveProjects/qorc-sdk/qf_apps/qf_tfl_detect/GCC_Project/output/s3x_clock.o
 .text.s3x_clkd_cal_div
                0x0000000000002644       0x38 /mnt/c/Users/saxe/Documents/AAAQuickLogic/ActiveProjects/qorc-sdk/qf_apps/qf_tfl_detect/GCC_Project/output/s3x_clock.o
 .text.S3x_Id_To_Domain
                0x000000000000267c       0x1c /mnt/c/Users/saxe/Documents/AAAQuickLogic/ActiveProjects/qorc-sdk/qf_apps/qf_tfl_detect/GCC_Project/output/s3x_clock.o
                0x000000000000267c                S3x_Id_To_Domain
 .text.s3x_clkd_update_div_val
                0x0000000000002698       0x44 /mnt/c/Users/saxe/Documents/AAAQuickLogic/ActiveProjects/qorc-sdk/qf_apps/qf_tfl_detect/GCC_Project/output/s3x_clock.o
                0x0000000000002698                s3x_clkd_update_div_val
 .text.s3x_clkd_update_fd_rate
                0x00000000000026dc        0xe /mnt/c/Users/saxe/Documents/AAAQuickLogic/ActiveProjects/qorc-sdk/qf_apps/qf_tfl_detect/GCC_Project/output/s3x_clock.o
                0x00000000000026dc                s3x_clkd_update_fd_rate
 *fill*         0x00000000000026ea        0x2 
 .text.s3x_clkd_update_sd_div
                0x00000000000026ec       0x54 /mnt/c/Users/saxe/Documents/AAAQuickLogic/ActiveProjects/qorc-sdk/qf_apps/qf_tfl_detect/GCC_Project/output/s3x_clock.o
 .text.s3x_clkd_update_all_src_div
                0x0000000000002740       0xd0 /mnt/c/Users/saxe/Documents/AAAQuickLogic/ActiveProjects/qorc-sdk/qf_apps/qf_tfl_detect/GCC_Project/output/s3x_clock.o
                0x0000000000002740                s3x_clkd_update_all_src_div
 .text.S3x_Clkd_Get_Hsosc_Rate
                0x0000000000002810       0x34 /mnt/c/Users/saxe/Documents/AAAQuickLogic/ActiveProjects/qorc-sdk/qf_apps/qf_tfl_detect/GCC_Project/output/s3x_clock.o
                0x0000000000002810                S3x_Clkd_Get_Hsosc_Rate
 .text.S3x_Clkd_Change_Hsosc
                0x0000000000002844       0x70 /mnt/c/Users/saxe/Documents/AAAQuickLogic/ActiveProjects/qorc-sdk/qf_apps/qf_tfl_detect/GCC_Project/output/s3x_clock.o
                0x0000000000002844                S3x_Clkd_Change_Hsosc
 .text.s3x_clkd_get_src_rate
                0x00000000000028b4       0x12 /mnt/c/Users/saxe/Documents/AAAQuickLogic/ActiveProjects/qorc-sdk/qf_apps/qf_tfl_detect/GCC_Project/output/s3x_clock.o
                0x00000000000028b4                s3x_clkd_get_src_rate
 *fill*         0x00000000000028c6        0x2 
 .text.s3x_clkd_get_div
                0x00000000000028c8       0x60 /mnt/c/Users/saxe/Documents/AAAQuickLogic/ActiveProjects/qorc-sdk/qf_apps/qf_tfl_detect/GCC_Project/output/s3x_clock.o
                0x00000000000028c8                s3x_clkd_get_div
 .text.s3x_clkd_srate
                0x0000000000002928      0x138 /mnt/c/Users/saxe/Documents/AAAQuickLogic/ActiveProjects/qorc-sdk/qf_apps/qf_tfl_detect/GCC_Project/output/s3x_clock.o
 .text.s3x_clkd_grate
                0x0000000000002a60       0x68 /mnt/c/Users/saxe/Documents/AAAQuickLogic/ActiveProjects/qorc-sdk/qf_apps/qf_tfl_detect/GCC_Project/output/s3x_clock.o
 .text.s3x_clkd_set_src_div_st
                0x0000000000002ac8       0x50 /mnt/c/Users/saxe/Documents/AAAQuickLogic/ActiveProjects/qorc-sdk/qf_apps/qf_tfl_detect/GCC_Project/output/s3x_clock.o
 .text.s3x_update_clk_rate
                0x0000000000002b18       0xb0 /mnt/c/Users/saxe/Documents/AAAQuickLogic/ActiveProjects/qorc-sdk/qf_apps/qf_tfl_detect/GCC_Project/output/s3x_clock.o
                0x0000000000002b18                s3x_update_clk_rate
 .text.s3x_clkd_get_gate_mask_st
                0x0000000000002bc8       0x16 /mnt/c/Users/saxe/Documents/AAAQuickLogic/ActiveProjects/qorc-sdk/qf_apps/qf_tfl_detect/GCC_Project/output/s3x_clock.o
                0x0000000000002bc8                s3x_clkd_get_gate_mask_st
 *fill*         0x0000000000002bde        0x2 
 .text.s3x_clkd_set_gate_mask
                0x0000000000002be0       0x50 /mnt/c/Users/saxe/Documents/AAAQuickLogic/ActiveProjects/qorc-sdk/qf_apps/qf_tfl_detect/GCC_Project/output/s3x_clock.o
                0x0000000000002be0                s3x_clkd_set_gate_mask
 .text.s3x_clkd_enable_gate
                0x0000000000002c30       0x68 /mnt/c/Users/saxe/Documents/AAAQuickLogic/ActiveProjects/qorc-sdk/qf_apps/qf_tfl_detect/GCC_Project/output/s3x_clock.o
 .text.s3x_clkd_disable_gate
                0x0000000000002c98       0x54 /mnt/c/Users/saxe/Documents/AAAQuickLogic/ActiveProjects/qorc-sdk/qf_apps/qf_tfl_detect/GCC_Project/output/s3x_clock.o
 .text._S3x_Clk_Enable
                0x0000000000002cec       0xb8 /mnt/c/Users/saxe/Documents/AAAQuickLogic/ActiveProjects/qorc-sdk/qf_apps/qf_tfl_detect/GCC_Project/output/s3x_clock.o
                0x0000000000002cec                _S3x_Clk_Enable
 .text._S3x_Clk_Disable
                0x0000000000002da4       0xc8 /mnt/c/Users/saxe/Documents/AAAQuickLogic/ActiveProjects/qorc-sdk/qf_apps/qf_tfl_detect/GCC_Project/output/s3x_clock.o
                0x0000000000002da4                _S3x_Clk_Disable
 .text._S3x_Clk_Get_Status
                0x0000000000002e6c       0x2c /mnt/c/Users/saxe/Documents/AAAQuickLogic/ActiveProjects/qorc-sdk/qf_apps/qf_tfl_detect/GCC_Project/output/s3x_clock.o
                0x0000000000002e6c                _S3x_Clk_Get_Status
 .text._S3x_Clk_Get_Rate
                0x0000000000002e98       0x28 /mnt/c/Users/saxe/Documents/AAAQuickLogic/ActiveProjects/qorc-sdk/qf_apps/qf_tfl_detect/GCC_Project/output/s3x_clock.o
                0x0000000000002e98                _S3x_Clk_Get_Rate
 .text.S3x_Clk_Init
                0x0000000000002ec0      0x160 /mnt/c/Users/saxe/Documents/AAAQuickLogic/ActiveProjects/qorc-sdk/qf_apps/qf_tfl_detect/GCC_Project/output/s3x_clock.o
                0x0000000000002ec0                S3x_Clk_Init
 .text.S3x_Clk_Enable
                0x0000000000003020        0x4 /mnt/c/Users/saxe/Documents/AAAQuickLogic/ActiveProjects/qorc-sdk/qf_apps/qf_tfl_detect/GCC_Project/output/s3x_clock_hal.o
                0x0000000000003020                S3x_Clk_Enable
 .text.S3x_Clk_Disable
                0x0000000000003024        0x4 /mnt/c/Users/saxe/Documents/AAAQuickLogic/ActiveProjects/qorc-sdk/qf_apps/qf_tfl_detect/GCC_Project/output/s3x_clock_hal.o
                0x0000000000003024                S3x_Clk_Disable
 .text.S3x_Clk_Get_Rate
                0x0000000000003028        0x4 /mnt/c/Users/saxe/Documents/AAAQuickLogic/ActiveProjects/qorc-sdk/qf_apps/qf_tfl_detect/GCC_Project/output/s3x_clock_hal.o
                0x0000000000003028                S3x_Clk_Get_Rate
 .text.DFS_cpuload
                0x000000000000302c       0x64 /mnt/c/Users/saxe/Documents/AAAQuickLogic/ActiveProjects/qorc-sdk/qf_apps/qf_tfl_detect/GCC_Project/output/s3x_cpuload.o
                0x000000000000302c                DFS_cpuload
 .text.DFS_resetsleepticks
                0x0000000000003090        0xc /mnt/c/Users/saxe/Documents/AAAQuickLogic/ActiveProjects/qorc-sdk/qf_apps/qf_tfl_detect/GCC_Project/output/s3x_cpuload.o
                0x0000000000003090                DFS_resetsleepticks
 .text.DFS_UpdateTimer
                0x000000000000309c       0x5c /mnt/c/Users/saxe/Documents/AAAQuickLogic/ActiveProjects/qorc-sdk/qf_apps/qf_tfl_detect/GCC_Project/output/s3x_dfs.o
 .text.DFS_StartTimer
                0x00000000000030f8       0x88 /mnt/c/Users/saxe/Documents/AAAQuickLogic/ActiveProjects/qorc-sdk/qf_apps/qf_tfl_detect/GCC_Project/output/s3x_dfs.o
                0x00000000000030f8                DFS_StartTimer
 .text.S3x_Set_Policy
                0x0000000000003180      0x108 /mnt/c/Users/saxe/Documents/AAAQuickLogic/ActiveProjects/qorc-sdk/qf_apps/qf_tfl_detect/GCC_Project/output/s3x_dfs.o
                0x0000000000003180                S3x_Set_Policy
 .text.S3x_get_max_rate_dfs_node
                0x0000000000003288       0x28 /mnt/c/Users/saxe/Documents/AAAQuickLogic/ActiveProjects/qorc-sdk/qf_apps/qf_tfl_detect/GCC_Project/output/s3x_dfs.o
                0x0000000000003288                S3x_get_max_rate_dfs_node
 .text.S3x_Stepup_Policy
                0x00000000000032b0       0x80 /mnt/c/Users/saxe/Documents/AAAQuickLogic/ActiveProjects/qorc-sdk/qf_apps/qf_tfl_detect/GCC_Project/output/s3x_dfs.o
 .text.DFS_TimerCB
                0x0000000000003330        0xe /mnt/c/Users/saxe/Documents/AAAQuickLogic/ActiveProjects/qorc-sdk/qf_apps/qf_tfl_detect/GCC_Project/output/s3x_dfs.o
 *fill*         0x000000000000333e        0x2 
 .text.DFS_Get_Curr_Policy
                0x0000000000003340        0xc /mnt/c/Users/saxe/Documents/AAAQuickLogic/ActiveProjects/qorc-sdk/qf_apps/qf_tfl_detect/GCC_Project/output/s3x_dfs.o
                0x0000000000003340                DFS_Get_Curr_Policy
 .text.DFS_Initialize
                0x000000000000334c       0x14 /mnt/c/Users/saxe/Documents/AAAQuickLogic/ActiveProjects/qorc-sdk/qf_apps/qf_tfl_detect/GCC_Project/output/s3x_dfs.o
                0x000000000000334c                DFS_Initialize
 .text.S3x_Register_Lpm_Cb
                0x0000000000003360       0x3c /mnt/c/Users/saxe/Documents/AAAQuickLogic/ActiveProjects/qorc-sdk/qf_apps/qf_tfl_detect/GCC_Project/output/s3x_lpm.o
                0x0000000000003360                S3x_Register_Lpm_Cb
 .text.s3x_setup_systick_interrupt
                0x000000000000339c       0x54 /mnt/c/Users/saxe/Documents/AAAQuickLogic/ActiveProjects/qorc-sdk/qf_apps/qf_tfl_detect/GCC_Project/output/s3x_lpm.o
                0x000000000000339c                s3x_setup_systick_interrupt
 .text.SysTick_Handler
                0x00000000000033f0       0x12 /mnt/c/Users/saxe/Documents/AAAQuickLogic/ActiveProjects/qorc-sdk/qf_apps/qf_tfl_detect/GCC_Project/output/s3x_lpm.o
                0x00000000000033f0                SysTick_Handler
 *fill*         0x0000000000003402        0x2 
 .text.s3x_get_pi
                0x0000000000003404       0x20 /mnt/c/Users/saxe/Documents/AAAQuickLogic/ActiveProjects/qorc-sdk/qf_apps/qf_tfl_detect/GCC_Project/output/s3x_pi.o
                0x0000000000003404                s3x_get_pi
 .text.s3x_get_pi_gindex
                0x0000000000003424       0x14 /mnt/c/Users/saxe/Documents/AAAQuickLogic/ActiveProjects/qorc-sdk/qf_apps/qf_tfl_detect/GCC_Project/output/s3x_pi.o
                0x0000000000003424                s3x_get_pi_gindex
 .text.s3x_pi_get_st
                0x0000000000003438       0x26 /mnt/c/Users/saxe/Documents/AAAQuickLogic/ActiveProjects/qorc-sdk/qf_apps/qf_tfl_detect/GCC_Project/output/s3x_pi.o
                0x0000000000003438                s3x_pi_get_st
 *fill*         0x000000000000345e        0x2 
 .text.s3x_pi_set_cfg_st
                0x0000000000003460       0x94 /mnt/c/Users/saxe/Documents/AAAQuickLogic/ActiveProjects/qorc-sdk/qf_apps/qf_tfl_detect/GCC_Project/output/s3x_pi.o
                0x0000000000003460                s3x_pi_set_cfg_st
 .text.s3x_pi_set_active_st
                0x00000000000034f4       0xa0 /mnt/c/Users/saxe/Documents/AAAQuickLogic/ActiveProjects/qorc-sdk/qf_apps/qf_tfl_detect/GCC_Project/output/s3x_pi.o
                0x00000000000034f4                s3x_pi_set_active_st
 .text.s3x_pi_get_clkg_st
                0x0000000000003594       0x36 /mnt/c/Users/saxe/Documents/AAAQuickLogic/ActiveProjects/qorc-sdk/qf_apps/qf_tfl_detect/GCC_Project/output/s3x_pi.o
                0x0000000000003594                s3x_pi_get_clkg_st
 .text.s3x_pi_set_clkg_st
                0x00000000000035ca       0x26 /mnt/c/Users/saxe/Documents/AAAQuickLogic/ActiveProjects/qorc-sdk/qf_apps/qf_tfl_detect/GCC_Project/output/s3x_pi.o
                0x00000000000035ca                s3x_pi_set_clkg_st
 .text.s3x_set_pi_state
                0x00000000000035f0        0xc /mnt/c/Users/saxe/Documents/AAAQuickLogic/ActiveProjects/qorc-sdk/qf_apps/qf_tfl_detect/GCC_Project/output/s3x_pi.o
                0x00000000000035f0                s3x_set_pi_state
 .text.s3x_get_pi_init_state
                0x00000000000035fc       0x18 /mnt/c/Users/saxe/Documents/AAAQuickLogic/ActiveProjects/qorc-sdk/qf_apps/qf_tfl_detect/GCC_Project/output/s3x_pi.o
                0x00000000000035fc                s3x_get_pi_init_state
 .text.S3x_pi_init
                0x0000000000003614       0x20 /mnt/c/Users/saxe/Documents/AAAQuickLogic/ActiveProjects/qorc-sdk/qf_apps/qf_tfl_detect/GCC_Project/output/s3x_pi.o
                0x0000000000003614                S3x_pi_init
 .text.S3x_pwrcfg_init
                0x0000000000003634       0x2c /mnt/c/Users/saxe/Documents/AAAQuickLogic/ActiveProjects/qorc-sdk/qf_apps/qf_tfl_detect/GCC_Project/output/s3x_pwrcfg.o
                0x0000000000003634                S3x_pwrcfg_init
 .text.S3x_get_qos_rate
                0x0000000000003660       0x38 /mnt/c/Users/saxe/Documents/AAAQuickLogic/ActiveProjects/qorc-sdk/qf_apps/qf_tfl_detect/GCC_Project/output/s3x_qos.o
                0x0000000000003660                S3x_get_qos_rate
 .text.save_assert_info
                0x0000000000003698       0x74 /mnt/c/Users/saxe/Documents/AAAQuickLogic/ActiveProjects/qorc-sdk/qf_apps/qf_tfl_detect/GCC_Project/output/sec_debug.o
                0x0000000000003698                save_assert_info
 .text.invoke_soft_fault
                0x000000000000370c       0x20 /mnt/c/Users/saxe/Documents/AAAQuickLogic/ActiveProjects/qorc-sdk/qf_apps/qf_tfl_detect/GCC_Project/output/sec_debug.o
                0x000000000000370c                invoke_soft_fault
 .text.Reset_Handler
                0x000000000000372c       0x2c /mnt/c/Users/saxe/Documents/AAAQuickLogic/ActiveProjects/qorc-sdk/qf_apps/qf_tfl_detect/GCC_Project/output/startup_EOSS3B_GCC.o
                0x000000000000372c                Reset_Handler
 .text.__semihost_call
                0x0000000000003758        0x6 /mnt/c/Users/saxe/Documents/AAAQuickLogic/ActiveProjects/qorc-sdk/qf_apps/qf_tfl_detect/GCC_Project/output/startup_EOSS3B_GCC.o
                0x0000000000003758                __semihost_call
 *fill*         0x000000000000375e        0x2 
 .text.prvResetNextTaskUnblockTime
                0x0000000000003760       0x24 /mnt/c/Users/saxe/Documents/AAAQuickLogic/ActiveProjects/qorc-sdk/qf_apps/qf_tfl_detect/GCC_Project/output/tasks.o
 .text.prvAddCurrentTaskToDelayedList
                0x0000000000003784       0x8c /mnt/c/Users/saxe/Documents/AAAQuickLogic/ActiveProjects/qorc-sdk/qf_apps/qf_tfl_detect/GCC_Project/output/tasks.o
 .text.vTaskSuspendAll
                0x0000000000003810       0x10 /mnt/c/Users/saxe/Documents/AAAQuickLogic/ActiveProjects/qorc-sdk/qf_apps/qf_tfl_detect/GCC_Project/output/tasks.o
                0x0000000000003810                vTaskSuspendAll
 .text.xTaskGetTickCount
                0x0000000000003820        0xc /mnt/c/Users/saxe/Documents/AAAQuickLogic/ActiveProjects/qorc-sdk/qf_apps/qf_tfl_detect/GCC_Project/output/tasks.o
                0x0000000000003820                xTaskGetTickCount
 .text.xTaskIncrementTick
                0x000000000000382c      0x144 /mnt/c/Users/saxe/Documents/AAAQuickLogic/ActiveProjects/qorc-sdk/qf_apps/qf_tfl_detect/GCC_Project/output/tasks.o
                0x000000000000382c                xTaskIncrementTick
 .text.xTaskResumeAll
                0x0000000000003970       0xfc /mnt/c/Users/saxe/Documents/AAAQuickLogic/ActiveProjects/qorc-sdk/qf_apps/qf_tfl_detect/GCC_Project/output/tasks.o
                0x0000000000003970                xTaskResumeAll
 .text.vTaskSwitchContext
                0x0000000000003a6c       0xb8 /mnt/c/Users/saxe/Documents/AAAQuickLogic/ActiveProjects/qorc-sdk/qf_apps/qf_tfl_detect/GCC_Project/output/tasks.o
                0x0000000000003a6c                vTaskSwitchContext
 .text.vTaskPlaceOnEventList
                0x0000000000003b24       0x48 /mnt/c/Users/saxe/Documents/AAAQuickLogic/ActiveProjects/qorc-sdk/qf_apps/qf_tfl_detect/GCC_Project/output/tasks.o
                0x0000000000003b24                vTaskPlaceOnEventList
 .text.xTaskRemoveFromEventList
                0x0000000000003b6c       0x98 /mnt/c/Users/saxe/Documents/AAAQuickLogic/ActiveProjects/qorc-sdk/qf_apps/qf_tfl_detect/GCC_Project/output/tasks.o
                0x0000000000003b6c                xTaskRemoveFromEventList
 .text.vTaskInternalSetTimeOutState
                0x0000000000003c04       0x18 /mnt/c/Users/saxe/Documents/AAAQuickLogic/ActiveProjects/qorc-sdk/qf_apps/qf_tfl_detect/GCC_Project/output/tasks.o
                0x0000000000003c04                vTaskInternalSetTimeOutState
 .text.xTaskCheckForTimeOut
                0x0000000000003c1c       0x94 /mnt/c/Users/saxe/Documents/AAAQuickLogic/ActiveProjects/qorc-sdk/qf_apps/qf_tfl_detect/GCC_Project/output/tasks.o
                0x0000000000003c1c                xTaskCheckForTimeOut
 .text.vTaskMissedYield
                0x0000000000003cb0        0xc /mnt/c/Users/saxe/Documents/AAAQuickLogic/ActiveProjects/qorc-sdk/qf_apps/qf_tfl_detect/GCC_Project/output/tasks.o
                0x0000000000003cb0                vTaskMissedYield
 .text.uxTaskGetTCBNumber
                0x0000000000003cbc       0x14 /mnt/c/Users/saxe/Documents/AAAQuickLogic/ActiveProjects/qorc-sdk/qf_apps/qf_tfl_detect/GCC_Project/output/tasks.o
                0x0000000000003cbc                uxTaskGetTCBNumber
 .text.xTaskGetCurrentTaskHandle
                0x0000000000003cd0        0xc /mnt/c/Users/saxe/Documents/AAAQuickLogic/ActiveProjects/qorc-sdk/qf_apps/qf_tfl_detect/GCC_Project/output/tasks.o
                0x0000000000003cd0                xTaskGetCurrentTaskHandle
 .text.xTaskGetSchedulerState
                0x0000000000003cdc       0x20 /mnt/c/Users/saxe/Documents/AAAQuickLogic/ActiveProjects/qorc-sdk/qf_apps/qf_tfl_detect/GCC_Project/output/tasks.o
                0x0000000000003cdc                xTaskGetSchedulerState
 .text.xTaskPriorityInherit
                0x0000000000003cfc       0xa4 /mnt/c/Users/saxe/Documents/AAAQuickLogic/ActiveProjects/qorc-sdk/qf_apps/qf_tfl_detect/GCC_Project/output/tasks.o
                0x0000000000003cfc                xTaskPriorityInherit
 .text.xTaskPriorityDisinherit
                0x0000000000003da0       0xc0 /mnt/c/Users/saxe/Documents/AAAQuickLogic/ActiveProjects/qorc-sdk/qf_apps/qf_tfl_detect/GCC_Project/output/tasks.o
                0x0000000000003da0                xTaskPriorityDisinherit
 .text.vTaskPriorityDisinheritAfterTimeout
                0x0000000000003e60       0xd0 /mnt/c/Users/saxe/Documents/AAAQuickLogic/ActiveProjects/qorc-sdk/qf_apps/qf_tfl_detect/GCC_Project/output/tasks.o
                0x0000000000003e60                vTaskPriorityDisinheritAfterTimeout
 .text.pvTaskIncrementMutexHeldCount
                0x0000000000003f30       0x18 /mnt/c/Users/saxe/Documents/AAAQuickLogic/ActiveProjects/qorc-sdk/qf_apps/qf_tfl_detect/GCC_Project/output/tasks.o
                0x0000000000003f30                pvTaskIncrementMutexHeldCount
 .text.prvCheckForValidListAndQueue
                0x0000000000003f48       0x58 /mnt/c/Users/saxe/Documents/AAAQuickLogic/ActiveProjects/qorc-sdk/qf_apps/qf_tfl_detect/GCC_Project/output/timers.o
 .text.xTimerCreate
                0x0000000000003fa0       0x58 /mnt/c/Users/saxe/Documents/AAAQuickLogic/ActiveProjects/qorc-sdk/qf_apps/qf_tfl_detect/GCC_Project/output/timers.o
                0x0000000000003fa0                xTimerCreate
 .text.xTimerGenericCommand
                0x0000000000003ff8       0x70 /mnt/c/Users/saxe/Documents/AAAQuickLogic/ActiveProjects/qorc-sdk/qf_apps/qf_tfl_detect/GCC_Project/output/timers.o
                0x0000000000003ff8                xTimerGenericCommand
 .text._ZN6tflite18MicroErrorReporter6ReportEPKcSt9__va_list
                0x0000000000004068       0x2c /mnt/c/Users/saxe/Documents/ActiveProjects/tensorflow/tensorflow/lite/micro/tools/make/gen/quicklogic-eos-s3_cortex-m4/lib/libtensorflow-microlite.a(micro_error_reporter.o)
                0x0000000000004068                tflite::MicroErrorReporter::Report(char const*, std::__va_list)
 .text._ZN6tflite8internal13ContextHelper24AllocatePersistentBufferEP13TfLiteContextjPPv
                0x0000000000004094        0x8 /mnt/c/Users/saxe/Documents/ActiveProjects/tensorflow/tensorflow/lite/micro/tools/make/gen/quicklogic-eos-s3_cortex-m4/lib/libtensorflow-microlite.a(micro_interpreter.o)
                0x0000000000004094                tflite::internal::ContextHelper::AllocatePersistentBuffer(TfLiteContext*, unsigned int, void**)
 .text._ZN6tflite8internal13ContextHelper27RequestScratchBufferInArenaEP13TfLiteContextjPi
                0x000000000000409c        0xe /mnt/c/Users/saxe/Documents/ActiveProjects/tensorflow/tensorflow/lite/micro/tools/make/gen/quicklogic-eos-s3_cortex-m4/lib/libtensorflow-microlite.a(micro_interpreter.o)
                0x000000000000409c                tflite::internal::ContextHelper::RequestScratchBufferInArena(TfLiteContext*, unsigned int, int*)
 .text._ZN6tflite8internal13ContextHelper16GetScratchBufferEP13TfLiteContexti
                0x00000000000040aa        0x8 /mnt/c/Users/saxe/Documents/ActiveProjects/tensorflow/tensorflow/lite/micro/tools/make/gen/quicklogic-eos-s3_cortex-m4/lib/libtensorflow-microlite.a(micro_interpreter.o)
                0x00000000000040aa                tflite::internal::ContextHelper::GetScratchBuffer(TfLiteContext*, int)
 .text._ZN6tflite8internal13ContextHelper13ReportOpErrorEP13TfLiteContextPKcz
                0x00000000000040b2       0x20 /mnt/c/Users/saxe/Documents/ActiveProjects/tensorflow/tensorflow/lite/micro/tools/make/gen/quicklogic-eos-s3_cortex-m4/lib/libtensorflow-microlite.a(micro_interpreter.o)
                0x00000000000040b2                tflite::internal::ContextHelper::ReportOpError(TfLiteContext*, char const*, ...)
 .text._ZNK11flatbuffers5Table22GetOptionalFieldOffsetEt
                0x00000000000040d2       0x10 /mnt/c/Users/saxe/Documents/ActiveProjects/tensorflow/tensorflow/lite/micro/tools/make/gen/quicklogic-eos-s3_cortex-m4/lib/libtensorflow-microlite.a(micro_interpreter.o)
                0x00000000000040d2                flatbuffers::Table::GetOptionalFieldOffset(unsigned short) const
 *fill*         0x00000000000040e2        0x2 
 .text._ZN6tflite16MicroInterpreter4InitEPNS_8ProfilerE
                0x00000000000040e4       0x50 /mnt/c/Users/saxe/Documents/ActiveProjects/tensorflow/tensorflow/lite/micro/tools/make/gen/quicklogic-eos-s3_cortex-m4/lib/libtensorflow-microlite.a(micro_interpreter.o)
                0x00000000000040e4                tflite::MicroInterpreter::Init(tflite::Profiler*)
 .text._ZN6tflite16MicroInterpreterC2EPKNS_5ModelERKNS_15MicroOpResolverEPhjPNS_13ErrorReporterEPNS_8ProfilerE
                0x0000000000004134       0x4a /mnt/c/Users/saxe/Documents/ActiveProjects/tensorflow/tensorflow/lite/micro/tools/make/gen/quicklogic-eos-s3_cortex-m4/lib/libtensorflow-microlite.a(micro_interpreter.o)
                0x0000000000004134                tflite::MicroInterpreter::MicroInterpreter(tflite::Model const*, tflite::MicroOpResolver const&, unsigned char*, unsigned int, tflite::ErrorReporter*, tflite::Profiler*)
                0x0000000000004134                tflite::MicroInterpreter::MicroInterpreter(tflite::Model const*, tflite::MicroOpResolver const&, unsigned char*, unsigned int, tflite::ErrorReporter*, tflite::Profiler*)
 .text._ZN11flatbuffers5Table10GetPointerIPKNS_6VectorIlEEEET_t
                0x000000000000417e       0x12 /mnt/c/Users/saxe/Documents/ActiveProjects/tensorflow/tensorflow/lite/micro/tools/make/gen/quicklogic-eos-s3_cortex-m4/lib/libtensorflow-microlite.a(micro_interpreter.o)
                0x000000000000417e                flatbuffers::Vector<long> const* flatbuffers::Table::GetPointer<flatbuffers::Vector<long> const*>(unsigned short)
 .text._ZN6tflite16MicroInterpreter5inputEj
                0x0000000000004190       0x34 /mnt/c/Users/saxe/Documents/ActiveProjects/tensorflow/tensorflow/lite/micro/tools/make/gen/quicklogic-eos-s3_cortex-m4/lib/libtensorflow-microlite.a(micro_interpreter.o)
                0x0000000000004190                tflite::MicroInterpreter::input(unsigned int)
 .text._ZN6tflite16MicroInterpreter6outputEj
                0x00000000000041c4       0x34 /mnt/c/Users/saxe/Documents/ActiveProjects/tensorflow/tensorflow/lite/micro/tools/make/gen/quicklogic-eos-s3_cortex-m4/lib/libtensorflow-microlite.a(micro_interpreter.o)
                0x00000000000041c4                tflite::MicroInterpreter::output(unsigned int)
 .text._ZN11flatbuffers5Table10GetPointerIPKNS_6VectorINS_6OffsetIN6tflite8OperatorEEEEEEET_t
                0x00000000000041f8       0x12 /mnt/c/Users/saxe/Documents/ActiveProjects/tensorflow/tensorflow/lite/micro/tools/make/gen/quicklogic-eos-s3_cortex-m4/lib/libtensorflow-microlite.a(micro_interpreter.o)
                0x00000000000041f8                flatbuffers::Vector<flatbuffers::Offset<tflite::Operator> > const* flatbuffers::Table::GetPointer<flatbuffers::Vector<flatbuffers::Offset<tflite::Operator> > const*>(unsigned short)
 .text._ZN6tflite16MicroInterpreterD2Ev
                0x000000000000420a       0x3a /mnt/c/Users/saxe/Documents/ActiveProjects/tensorflow/tensorflow/lite/micro/tools/make/gen/quicklogic-eos-s3_cortex-m4/lib/libtensorflow-microlite.a(micro_interpreter.o)
                0x000000000000420a                tflite::MicroInterpreter::~MicroInterpreter()
                0x000000000000420a                tflite::MicroInterpreter::~MicroInterpreter()
 .text._ZN6tflite16MicroInterpreter15AllocateTensorsEv
                0x0000000000004244      0x114 /mnt/c/Users/saxe/Documents/ActiveProjects/tensorflow/tensorflow/lite/micro/tools/make/gen/quicklogic-eos-s3_cortex-m4/lib/libtensorflow-microlite.a(micro_interpreter.o)
                0x0000000000004244                tflite::MicroInterpreter::AllocateTensors()
 .text._ZN6tflite16MicroInterpreter6InvokeEv
                0x0000000000004358       0x9c /mnt/c/Users/saxe/Documents/ActiveProjects/tensorflow/tensorflow/lite/micro/tools/make/gen/quicklogic-eos-s3_cortex-m4/lib/libtensorflow-microlite.a(micro_interpreter.o)
                0x0000000000004358                tflite::MicroInterpreter::Invoke()
 .text._ZN12_GLOBAL__N_19StrCatStrEPciPKc
                0x00000000000043f4       0x2c /mnt/c/Users/saxe/Documents/ActiveProjects/tensorflow/tensorflow/lite/micro/tools/make/gen/quicklogic-eos-s3_cortex-m4/lib/libtensorflow-microlite.a(micro_string.o)
 .text._ZN12_GLOBAL__N_122FastUInt32ToBufferLeftEmPci
                0x0000000000004420       0x3e /mnt/c/Users/saxe/Documents/ActiveProjects/tensorflow/tensorflow/lite/micro/tools/make/gen/quicklogic-eos-s3_cortex-m4/lib/libtensorflow-microlite.a(micro_string.o)
 *fill*         0x000000000000445e        0x2 
 .text.MicroVsnprintf
                0x0000000000004460      0x27c /mnt/c/Users/saxe/Documents/ActiveProjects/tensorflow/tensorflow/lite/micro/tools/make/gen/quicklogic-eos-s3_cortex-m4/lib/libtensorflow-microlite.a(micro_string.o)
                0x0000000000004460                MicroVsnprintf
 .text._ZN6tflite3ops5micro4conv4InitEP13TfLiteContextPKcj
                0x00000000000046dc       0x12 /mnt/c/Users/saxe/Documents/ActiveProjects/tensorflow/tensorflow/lite/micro/tools/make/gen/quicklogic-eos-s3_cortex-m4/lib/libtensorflow-microlite.a(conv.o)
                0x00000000000046dc                tflite::ops::micro::conv::Init(TfLiteContext*, char const*, unsigned int)
 *fill*         0x00000000000046ee        0x2 
 .text._ZN6tflite12RuntimeShapeD2Ev
                0x00000000000046f0       0x18 /mnt/c/Users/saxe/Documents/ActiveProjects/tensorflow/tensorflow/lite/micro/tools/make/gen/quicklogic-eos-s3_cortex-m4/lib/libtensorflow-microlite.a(conv.o)
                0x00000000000046f0                tflite::RuntimeShape::~RuntimeShape()
                0x00000000000046f0                tflite::RuntimeShape::~RuntimeShape()
 .text._ZNK6tflite12RuntimeShape4DimsEi
                0x0000000000004708       0x14 /mnt/c/Users/saxe/Documents/ActiveProjects/tensorflow/tensorflow/lite/micro/tools/make/gen/quicklogic-eos-s3_cortex-m4/lib/libtensorflow-microlite.a(conv.o)
                0x0000000000004708                tflite::RuntimeShape::Dims(int) const
 .text._ZN6tflite29MultiplyByQuantizedMultiplierElli
                0x000000000000471c       0x88 /mnt/c/Users/saxe/Documents/ActiveProjects/tensorflow/tensorflow/lite/micro/tools/make/gen/quicklogic-eos-s3_cortex-m4/lib/libtensorflow-microlite.a(conv.o)
                0x000000000000471c                tflite::MultiplyByQuantizedMultiplier(long, long, int)
 .text._ZN6tflite13reference_ops4ConvERKNS_10ConvParamsERKNS_12RuntimeShapeEPKfS6_S8_S6_S8_S6_PfS6_S9_
                0x00000000000047a4      0x1f0 /mnt/c/Users/saxe/Documents/ActiveProjects/tensorflow/tensorflow/lite/micro/tools/make/gen/quicklogic-eos-s3_cortex-m4/lib/libtensorflow-microlite.a(conv.o)
                0x00000000000047a4                tflite::reference_ops::Conv(tflite::ConvParams const&, tflite::RuntimeShape const&, float const*, tflite::RuntimeShape const&, float const*, tflite::RuntimeShape const&, float const*, tflite::RuntimeShape const&, float*, tflite::RuntimeShape const&, float*)
 .text._ZN6tflite13reference_ops4ConvERKNS_10ConvParamsERKNS_12RuntimeShapeEPKhS6_S8_S6_PKlS6_PhS6_SB_Pv
                0x0000000000004994      0x34c /mnt/c/Users/saxe/Documents/ActiveProjects/tensorflow/tensorflow/lite/micro/tools/make/gen/quicklogic-eos-s3_cortex-m4/lib/libtensorflow-microlite.a(conv.o)
                0x0000000000004994                tflite::reference_ops::Conv(tflite::ConvParams const&, tflite::RuntimeShape const&, unsigned char const*, tflite::RuntimeShape const&, unsigned char const*, tflite::RuntimeShape const&, long const*, tflite::RuntimeShape const&, unsigned char*, tflite::RuntimeShape const&, unsigned char*, void*)
 .text._ZN6tflite14GetTensorShapeEPK12TfLiteTensor
                0x0000000000004ce0       0x30 /mnt/c/Users/saxe/Documents/ActiveProjects/tensorflow/tensorflow/lite/micro/tools/make/gen/quicklogic-eos-s3_cortex-m4/lib/libtensorflow-microlite.a(conv.o)
                0x0000000000004ce0                tflite::GetTensorShape(TfLiteTensor const*)
 .text._ZN6tflite14ComputeOutSizeE13TfLitePaddingiiii
                0x0000000000004d10       0x24 /mnt/c/Users/saxe/Documents/ActiveProjects/tensorflow/tensorflow/lite/micro/tools/make/gen/quicklogic-eos-s3_cortex-m4/lib/libtensorflow-microlite.a(conv.o)
                0x0000000000004d10                tflite::ComputeOutSize(TfLitePadding, int, int, int, int)
 .text._ZN6tflite3ops5micro4conv15CalculateOpDataEP13TfLiteContextP10TfLiteNodeP16TfLiteConvParamsiiiiii10TfLiteTypePNS2_6OpDataE
                0x0000000000004d34      0x158 /mnt/c/Users/saxe/Documents/ActiveProjects/tensorflow/tensorflow/lite/micro/tools/make/gen/quicklogic-eos-s3_cortex-m4/lib/libtensorflow-microlite.a(conv.o)
                0x0000000000004d34                tflite::ops::micro::conv::CalculateOpData(TfLiteContext*, TfLiteNode*, TfLiteConvParams*, int, int, int, int, int, int, TfLiteType, tflite::ops::micro::conv::OpData*)
 .text._ZN6tflite3ops5micro4conv7PrepareEP13TfLiteContextP10TfLiteNode
                0x0000000000004e8c      0x14a /mnt/c/Users/saxe/Documents/ActiveProjects/tensorflow/tensorflow/lite/micro/tools/make/gen/quicklogic-eos-s3_cortex-m4/lib/libtensorflow-microlite.a(conv.o)
                0x0000000000004e8c                tflite::ops::micro::conv::Prepare(TfLiteContext*, TfLiteNode*)
 .text._ZN6tflite3ops5micro4conv13EvalQuantizedEP13TfLiteContextP10TfLiteNodeP16TfLiteConvParamsPNS2_6OpDataEPK12TfLiteTensorSD_SD_PSB_SE_SE_
                0x0000000000004fd6      0x11a /mnt/c/Users/saxe/Documents/ActiveProjects/tensorflow/tensorflow/lite/micro/tools/make/gen/quicklogic-eos-s3_cortex-m4/lib/libtensorflow-microlite.a(conv.o)
                0x0000000000004fd6                tflite::ops::micro::conv::EvalQuantized(TfLiteContext*, TfLiteNode*, TfLiteConvParams*, tflite::ops::micro::conv::OpData*, TfLiteTensor const*, TfLiteTensor const*, TfLiteTensor const*, TfLiteTensor*, TfLiteTensor*, TfLiteTensor*)
 .text._ZN6tflite3ops5micro4conv23EvalQuantizedPerChannelEP13TfLiteContextP10TfLiteNodeP16TfLiteConvParamsPNS2_6OpDataEPK12TfLiteTensorSD_SD_PSB_SE_
                0x00000000000050f0      0x15c /mnt/c/Users/saxe/Documents/ActiveProjects/tensorflow/tensorflow/lite/micro/tools/make/gen/quicklogic-eos-s3_cortex-m4/lib/libtensorflow-microlite.a(conv.o)
                0x00000000000050f0                tflite::ops::micro::conv::EvalQuantizedPerChannel(TfLiteContext*, TfLiteNode*, TfLiteConvParams*, tflite::ops::micro::conv::OpData*, TfLiteTensor const*, TfLiteTensor const*, TfLiteTensor const*, TfLiteTensor*, TfLiteTensor*)
 .text._ZN6tflite3ops5micro4conv9EvalFloatEP13TfLiteContextP10TfLiteNodeP16TfLiteConvParamsPNS2_6OpDataEPK12TfLiteTensorSD_SD_PSB_SE_SE_
                0x000000000000524c      0x128 /mnt/c/Users/saxe/Documents/ActiveProjects/tensorflow/tensorflow/lite/micro/tools/make/gen/quicklogic-eos-s3_cortex-m4/lib/libtensorflow-microlite.a(conv.o)
                0x000000000000524c                tflite::ops::micro::conv::EvalFloat(TfLiteContext*, TfLiteNode*, TfLiteConvParams*, tflite::ops::micro::conv::OpData*, TfLiteTensor const*, TfLiteTensor const*, TfLiteTensor const*, TfLiteTensor*, TfLiteTensor*, TfLiteTensor*)
 .text._ZN6tflite3ops5micro4conv4EvalEP13TfLiteContextP10TfLiteNode
                0x0000000000005374      0x1d0 /mnt/c/Users/saxe/Documents/ActiveProjects/tensorflow/tensorflow/lite/micro/tools/make/gen/quicklogic-eos-s3_cortex-m4/lib/libtensorflow-microlite.a(conv.o)
                0x0000000000005374                tflite::ops::micro::conv::Eval(TfLiteContext*, TfLiteNode*)
 .text._ZN6tflite3ops5micro16Register_CONV_2DEv
                0x0000000000005544        0x8 /mnt/c/Users/saxe/Documents/ActiveProjects/tensorflow/tensorflow/lite/micro/tools/make/gen/quicklogic-eos-s3_cortex-m4/lib/libtensorflow-microlite.a(conv.o)
                0x0000000000005544                tflite::ops::micro::Register_CONV_2D()
 .text._ZN6tflite3ops5micro14depthwise_conv4InitEP13TfLiteContextPKcj
                0x000000000000554c       0x12 /mnt/c/Users/saxe/Documents/ActiveProjects/tensorflow/tensorflow/lite/micro/tools/make/gen/quicklogic-eos-s3_cortex-m4/lib/libtensorflow-microlite.a(depthwise_conv.o)
                0x000000000000554c                tflite::ops::micro::depthwise_conv::Init(TfLiteContext*, char const*, unsigned int)
 *fill*         0x000000000000555e        0x2 
 .text._ZN6tflite13reference_ops13DepthwiseConvERKNS_15DepthwiseParamsERKNS_12RuntimeShapeEPKfS6_S8_S6_S8_S6_Pf
                0x0000000000005560      0x218 /mnt/c/Users/saxe/Documents/ActiveProjects/tensorflow/tensorflow/lite/micro/tools/make/gen/quicklogic-eos-s3_cortex-m4/lib/libtensorflow-microlite.a(depthwise_conv.o)
                0x0000000000005560                tflite::reference_ops::DepthwiseConv(tflite::DepthwiseParams const&, tflite::RuntimeShape const&, float const*, tflite::RuntimeShape const&, float const*, tflite::RuntimeShape const&, float const*, tflite::RuntimeShape const&, float*)
 .text._ZN6tflite3ops5micro14depthwise_conv7PrepareEP13TfLiteContextP10TfLiteNode
                0x0000000000005778       0x6e /mnt/c/Users/saxe/Documents/ActiveProjects/tensorflow/tensorflow/lite/micro/tools/make/gen/quicklogic-eos-s3_cortex-m4/lib/libtensorflow-microlite.a(depthwise_conv.o)
                0x0000000000005778                tflite::ops::micro::depthwise_conv::Prepare(TfLiteContext*, TfLiteNode*)
 *fill*         0x00000000000057e6        0x2 
 .text._ZN6tflite3ops5micro26Register_DEPTHWISE_CONV_2DEv
                0x00000000000057e8        0x8 /mnt/c/Users/saxe/Documents/ActiveProjects/tensorflow/tensorflow/lite/micro/tools/make/gen/quicklogic-eos-s3_cortex-m4/lib/libtensorflow-microlite.a(depthwise_conv.o)
                0x00000000000057e8                tflite::ops::micro::Register_DEPTHWISE_CONV_2D()
 .text._ZN6tflite13reference_ops14depthwise_conv24DepthwiseConvBasicKernelILNS_27DepthwiseConvOutputRoundingE1EE3RunERKNS_15DepthwiseParamsERKNS_12RuntimeShapeEPKhSA_SC_SA_PKlSA_Ph
                0x00000000000057f0      0x2d0 /mnt/c/Users/saxe/Documents/ActiveProjects/tensorflow/tensorflow/lite/micro/tools/make/gen/quicklogic-eos-s3_cortex-m4/lib/libtensorflow-microlite.a(depthwise_conv.o)
                0x00000000000057f0                tflite::reference_ops::depthwise_conv::DepthwiseConvBasicKernel<(tflite::DepthwiseConvOutputRounding)1>::Run(tflite::DepthwiseParams const&, tflite::RuntimeShape const&, unsigned char const*, tflite::RuntimeShape const&, unsigned char const*, tflite::RuntimeShape const&, long const*, tflite::RuntimeShape const&, unsigned char*)
 .text._ZN6tflite3ops5micro14depthwise_conv4EvalEP13TfLiteContextP10TfLiteNode
                0x0000000000005ac0      0x988 /mnt/c/Users/saxe/Documents/ActiveProjects/tensorflow/tensorflow/lite/micro/tools/make/gen/quicklogic-eos-s3_cortex-m4/lib/libtensorflow-microlite.a(depthwise_conv.o)
                0x0000000000005ac0                tflite::ops::micro::depthwise_conv::Eval(TfLiteContext*, TfLiteNode*)
 .text._ZN6tflite3ops5micro7pooling4InitEP13TfLiteContextPKcj
                0x0000000000006448       0x12 /mnt/c/Users/saxe/Documents/ActiveProjects/tensorflow/tensorflow/lite/micro/tools/make/gen/quicklogic-eos-s3_cortex-m4/lib/libtensorflow-microlite.a(pooling.o)
                0x0000000000006448                tflite::ops::micro::pooling::Init(TfLiteContext*, char const*, unsigned int)
 *fill*         0x000000000000645a        0x2 
 .text._ZN6tflite13reference_ops11AveragePoolERKNS_10PoolParamsERKNS_12RuntimeShapeEPKfS6_Pf
                0x000000000000645c      0x198 /mnt/c/Users/saxe/Documents/ActiveProjects/tensorflow/tensorflow/lite/micro/tools/make/gen/quicklogic-eos-s3_cortex-m4/lib/libtensorflow-microlite.a(pooling.o)
                0x000000000000645c                tflite::reference_ops::AveragePool(tflite::PoolParams const&, tflite::RuntimeShape const&, float const*, tflite::RuntimeShape const&, float*)
 .text._ZN6tflite13reference_ops11AveragePoolERKNS_10PoolParamsERKNS_12RuntimeShapeEPKhS6_Ph
                0x00000000000065f4      0x180 /mnt/c/Users/saxe/Documents/ActiveProjects/tensorflow/tensorflow/lite/micro/tools/make/gen/quicklogic-eos-s3_cortex-m4/lib/libtensorflow-microlite.a(pooling.o)
                0x00000000000065f4                tflite::reference_ops::AveragePool(tflite::PoolParams const&, tflite::RuntimeShape const&, unsigned char const*, tflite::RuntimeShape const&, unsigned char*)
 .text._ZN6tflite3ops5micro7pooling7PrepareEP13TfLiteContextP10TfLiteNode
                0x0000000000006774       0x6a /mnt/c/Users/saxe/Documents/ActiveProjects/tensorflow/tensorflow/lite/micro/tools/make/gen/quicklogic-eos-s3_cortex-m4/lib/libtensorflow-microlite.a(pooling.o)
                0x0000000000006774                tflite::ops::micro::pooling::Prepare(TfLiteContext*, TfLiteNode*)
 .text._ZN6tflite3ops5micro7pooling12_GLOBAL__N_115CalculateOpDataEPK13TfLiteContextPK16TfLitePoolParamsPK12TfLiteTensorSC_PNS3_6OpDataE.isra.6
                0x00000000000067de       0x78 /mnt/c/Users/saxe/Documents/ActiveProjects/tensorflow/tensorflow/lite/micro/tools/make/gen/quicklogic-eos-s3_cortex-m4/lib/libtensorflow-microlite.a(pooling.o)
 *fill*         0x0000000000006856        0x2 
 .text._ZN6tflite3ops5micro24Register_AVERAGE_POOL_2DEv
                0x0000000000006858        0x8 /mnt/c/Users/saxe/Documents/ActiveProjects/tensorflow/tensorflow/lite/micro/tools/make/gen/quicklogic-eos-s3_cortex-m4/lib/libtensorflow-microlite.a(pooling.o)
                0x0000000000006858                tflite::ops::micro::Register_AVERAGE_POOL_2D()
 .text._ZN6tflite24CalculateActivationRangeIfEEv21TfLiteFusedActivationPT_S3_
                0x0000000000006860       0x3c /mnt/c/Users/saxe/Documents/ActiveProjects/tensorflow/tensorflow/lite/micro/tools/make/gen/quicklogic-eos-s3_cortex-m4/lib/libtensorflow-microlite.a(pooling.o)
                0x0000000000006860                void tflite::CalculateActivationRange<float>(TfLiteFusedActivation, float*, float*)
 .text._ZN6tflite3ops5micro7pooling11AverageEvalEP13TfLiteContextP10TfLiteNode
                0x000000000000689c      0x26c /mnt/c/Users/saxe/Documents/ActiveProjects/tensorflow/tensorflow/lite/micro/tools/make/gen/quicklogic-eos-s3_cortex-m4/lib/libtensorflow-microlite.a(pooling.o)
                0x000000000000689c                tflite::ops::micro::pooling::AverageEval(TfLiteContext*, TfLiteNode*)
 .text.TfLiteIntArrayGetSizeInBytes
                0x0000000000006b08        0x6 /mnt/c/Users/saxe/Documents/ActiveProjects/tensorflow/tensorflow/lite/micro/tools/make/gen/quicklogic-eos-s3_cortex-m4/lib/libtensorflow-microlite.a(common.o)
                0x0000000000006b08                TfLiteIntArrayGetSizeInBytes
 *fill*         0x0000000000006b0e        0x2 
 .text.TfLiteTypeGetName
                0x0000000000006b10       0x18 /mnt/c/Users/saxe/Documents/ActiveProjects/tensorflow/tensorflow/lite/micro/tools/make/gen/quicklogic-eos-s3_cortex-m4/lib/libtensorflow-microlite.a(common.o)
                0x0000000000006b10                TfLiteTypeGetName
 .text._ZN6tflite13ErrorReporter6ReportEPKcz
                0x0000000000006b28       0x1c /mnt/c/Users/saxe/Documents/ActiveProjects/tensorflow/tensorflow/lite/micro/tools/make/gen/quicklogic-eos-s3_cortex-m4/lib/libtensorflow-microlite.a(error_reporter.o)
                0x0000000000006b28                tflite::ErrorReporter::Report(char const*, ...)
 .text._ZN6tflite13ErrorReporter11ReportErrorEPvPKcz
                0x0000000000006b44       0x1c /mnt/c/Users/saxe/Documents/ActiveProjects/tensorflow/tensorflow/lite/micro/tools/make/gen/quicklogic-eos-s3_cortex-m4/lib/libtensorflow-microlite.a(error_reporter.o)
                0x0000000000006b44                tflite::ErrorReporter::ReportError(void*, char const*, ...)
 .text._ZN6tflite12_GLOBAL__N_124SafeBuiltinDataAllocator18BuiltinDataDeleterclEPv
                0x0000000000006b60        0x8 /mnt/c/Users/saxe/Documents/ActiveProjects/tensorflow/tensorflow/lite/micro/tools/make/gen/quicklogic-eos-s3_cortex-m4/lib/libtensorflow-microlite.a(flatbuffer_conversions.o)
 .text._ZN6tflite12_GLOBAL__N_117ConvertActivationENS_22ActivationFunctionTypeE
                0x0000000000006b68       0x14 /mnt/c/Users/saxe/Documents/ActiveProjects/tensorflow/tensorflow/lite/micro/tools/make/gen/quicklogic-eos-s3_cortex-m4/lib/libtensorflow-microlite.a(flatbuffer_conversions.o)
 .text._ZN6tflite12_GLOBAL__N_114ConvertPaddingENS_7PaddingE
                0x0000000000006b7c       0x10 /mnt/c/Users/saxe/Documents/ActiveProjects/tensorflow/tensorflow/lite/micro/tools/make/gen/quicklogic-eos-s3_cortex-m4/lib/libtensorflow-microlite.a(flatbuffer_conversions.o)
 .text._ZNK6tflite8Operator15builtin_optionsEv
                0x0000000000006b8c       0x14 /mnt/c/Users/saxe/Documents/ActiveProjects/tensorflow/tensorflow/lite/micro/tools/make/gen/quicklogic-eos-s3_cortex-m4/lib/libtensorflow-microlite.a(flatbuffer_conversions.o)
                0x0000000000006b8c                tflite::Operator::builtin_options() const
 .text._ZN6tflite17ConvertTensorTypeENS_10TensorTypeEP10TfLiteTypePNS_13ErrorReporterE
                0x0000000000006ba0       0x60 /mnt/c/Users/saxe/Documents/ActiveProjects/tensorflow/tensorflow/lite/micro/tools/make/gen/quicklogic-eos-s3_cortex-m4/lib/libtensorflow-microlite.a(flatbuffer_conversions.o)
                0x0000000000006ba0                tflite::ConvertTensorType(tflite::TensorType, TfLiteType*, tflite::ErrorReporter*)
 .text._ZNK11flatbuffers5Table8GetFieldIhEET_tS2_
                0x0000000000006c00       0x12 /mnt/c/Users/saxe/Documents/ActiveProjects/tensorflow/tensorflow/lite/micro/tools/make/gen/quicklogic-eos-s3_cortex-m4/lib/libtensorflow-microlite.a(flatbuffer_conversions.o)
                0x0000000000006c00                unsigned char flatbuffers::Table::GetField<unsigned char>(unsigned short, unsigned char) const
 .text._ZNK6tflite8Operator20builtin_options_typeEv