Archive member included to satisfy reference by file (symbol)

/mnt/c/Users/saxe/Documents/ActiveProjects/qorc-sdk-tfl/qf_tfl/qf_person_detection/GCC_Project/../../../tensorflow/tensorflow/lite/micro/tools/make/gen/quicklogic-eos-s3_cortex-m4/lib/libtensorflow-microlite.a(micro_error_reporter.o)
                              /mnt/c/Users/saxe/Documents/ActiveProjects/qorc-sdk-tfl/qf_tfl/qf_person_detection/GCC_Project/output/person_detection_benchmark.o (vtable for tflite::MicroErrorReporter)
/mnt/c/Users/saxe/Documents/ActiveProjects/qorc-sdk-tfl/qf_tfl/qf_person_detection/GCC_Project/../../../tensorflow/tensorflow/lite/micro/tools/make/gen/quicklogic-eos-s3_cortex-m4/lib/libtensorflow-microlite.a(micro_interpreter.o)
                              /mnt/c/Users/saxe/Documents/ActiveProjects/qorc-sdk-tfl/qf_tfl/qf_person_detection/GCC_Project/output/person_detection_benchmark.o (tflite::MicroInterpreter::MicroInterpreter(tflite::Model const*, tflite::MicroOpResolver const&, unsigned char*, unsigned int, tflite::ErrorReporter*, tflite::Profiler*))
/mnt/c/Users/saxe/Documents/ActiveProjects/qorc-sdk-tfl/qf_tfl/qf_person_detection/GCC_Project/../../../tensorflow/tensorflow/lite/micro/tools/make/gen/quicklogic-eos-s3_cortex-m4/lib/libtensorflow-microlite.a(micro_string.o)
                              /mnt/c/Users/saxe/Documents/ActiveProjects/qorc-sdk-tfl/qf_tfl/qf_person_detection/GCC_Project/../../../tensorflow/tensorflow/lite/micro/tools/make/gen/quicklogic-eos-s3_cortex-m4/lib/libtensorflow-microlite.a(micro_error_reporter.o) (MicroVsnprintf)
/mnt/c/Users/saxe/Documents/ActiveProjects/qorc-sdk-tfl/qf_tfl/qf_person_detection/GCC_Project/../../../tensorflow/tensorflow/lite/micro/tools/make/gen/quicklogic-eos-s3_cortex-m4/lib/libtensorflow-microlite.a(conv.o)
                              /mnt/c/Users/saxe/Documents/ActiveProjects/qorc-sdk-tfl/qf_tfl/qf_person_detection/GCC_Project/output/person_detection_benchmark.o (tflite::ops::micro::Register_CONV_2D())
/mnt/c/Users/saxe/Documents/ActiveProjects/qorc-sdk-tfl/qf_tfl/qf_person_detection/GCC_Project/../../../tensorflow/tensorflow/lite/micro/tools/make/gen/quicklogic-eos-s3_cortex-m4/lib/libtensorflow-microlite.a(depthwise_conv.o)
                              /mnt/c/Users/saxe/Documents/ActiveProjects/qorc-sdk-tfl/qf_tfl/qf_person_detection/GCC_Project/output/person_detection_benchmark.o (tflite::ops::micro::Register_DEPTHWISE_CONV_2D())
/mnt/c/Users/saxe/Documents/ActiveProjects/qorc-sdk-tfl/qf_tfl/qf_person_detection/GCC_Project/../../../tensorflow/tensorflow/lite/micro/tools/make/gen/quicklogic-eos-s3_cortex-m4/lib/libtensorflow-microlite.a(pooling.o)
                              /mnt/c/Users/saxe/Documents/ActiveProjects/qorc-sdk-tfl/qf_tfl/qf_person_detection/GCC_Project/output/person_detection_benchmark.o (tflite::ops::micro::Register_AVERAGE_POOL_2D())
/mnt/c/Users/saxe/Documents/ActiveProjects/qorc-sdk-tfl/qf_tfl/qf_person_detection/GCC_Project/../../../tensorflow/tensorflow/lite/micro/tools/make/gen/quicklogic-eos-s3_cortex-m4/lib/libtensorflow-microlite.a(common.o)
                              /mnt/c/Users/saxe/Documents/ActiveProjects/qorc-sdk-tfl/qf_tfl/qf_person_detection/GCC_Project/../../../tensorflow/tensorflow/lite/micro/tools/make/gen/quicklogic-eos-s3_cortex-m4/lib/libtensorflow-microlite.a(conv.o) (TfLiteTypeGetName)
/mnt/c/Users/saxe/Documents/ActiveProjects/qorc-sdk-tfl/qf_tfl/qf_person_detection/GCC_Project/../../../tensorflow/tensorflow/lite/micro/tools/make/gen/quicklogic-eos-s3_cortex-m4/lib/libtensorflow-microlite.a(error_reporter.o)
                              /mnt/c/Users/saxe/Documents/ActiveProjects/qorc-sdk-tfl/qf_tfl/qf_person_detection/GCC_Project/output/person_detection_benchmark.o (tflite::ErrorReporter::Report(char const*, ...))
/mnt/c/Users/saxe/Documents/ActiveProjects/qorc-sdk-tfl/qf_tfl/qf_person_detection/GCC_Project/../../../tensorflow/tensorflow/lite/micro/tools/make/gen/quicklogic-eos-s3_cortex-m4/lib/libtensorflow-microlite.a(flatbuffer_conversions.o)
                              /mnt/c/Users/saxe/Documents/ActiveProjects/qorc-sdk-tfl/qf_tfl/qf_person_detection/GCC_Project/output/person_detection_benchmark.o (tflite::ParseConv2D(tflite::Operator const*, tflite::ErrorReporter*, tflite::BuiltinDataAllocator*, void**))
/mnt/c/Users/saxe/Documents/ActiveProjects/qorc-sdk-tfl/qf_tfl/qf_person_detection/GCC_Project/../../../tensorflow/tensorflow/lite/micro/tools/make/gen/quicklogic-eos-s3_cortex-m4/lib/libtensorflow-microlite.a(tensor_utils.o)
                              /mnt/c/Users/saxe/Documents/ActiveProjects/qorc-sdk-tfl/qf_tfl/qf_person_detection/GCC_Project/../../../tensorflow/tensorflow/lite/micro/tools/make/gen/quicklogic-eos-s3_cortex-m4/lib/libtensorflow-microlite.a(micro_interpreter.o) (tflite::ResetVariableTensor(TfLiteTensor*))
[...]
Memory Configuration

Name             Origin             Length             Attributes
rom              0x0000000000000000 0x0000000000080000 xr
ram              0x0000000020080000 0x0000000000080000 xrw
spiram           0x0000000020100000 0x0000000000000008 rw
HWA              0x0000000020100010 0x0000000000000008 rw
shm              0x0000000020100020 0x0000000000000008
*default*        0x0000000000000000 0xffffffffffffffff

Linker script and memory map

LOAD /usr/bin/../lib/gcc/arm-none-eabi/7.3.1/thumb/v7e-m/fpv4-sp/hard/crti.o
LOAD /usr/bin/../lib/gcc/arm-none-eabi/7.3.1/thumb/v7e-m/fpv4-sp/hard/crtbegin.o
LOAD /usr/bin/../lib/gcc/arm-none-eabi/7.3.1/../../../../arm-none-eabi/lib/thumb/v7e-m/fpv4-sp/hard/crt0.o
LOAD /mnt/c/Users/saxe/Documents/ActiveProjects/qorc-sdk-tfl/qf_tfl/qf_person_detection/GCC_Project/output/c_lib_retarget.o
LOAD /mnt/c/Users/saxe/Documents/ActiveProjects/qorc-sdk-tfl/qf_tfl/qf_person_detection/GCC_Project/output/circularBuffQueue.o
LOAD /mnt/c/Users/saxe/Documents/ActiveProjects/qorc-sdk-tfl/qf_tfl/qf_person_detection/GCC_Project/output/cli_args.o
LOAD /mnt/c/Users/saxe/Documents/ActiveProjects/qorc-sdk-tfl/qf_tfl/qf_person_detection/GCC_Project/output/cli_hexdump.o
LOAD /mnt/c/Users/saxe/Documents/ActiveProjects/qorc-sdk-tfl/qf_tfl/qf_person_detection/GCC_Project/output/cli_io.o
LOAD /mnt/c/Users/saxe/Documents/ActiveProjects/qorc-sdk-tfl/qf_tfl/qf_person_detection/GCC_Project/output/cli_loop.o
LOAD /mnt/c/Users/saxe/Documents/ActiveProjects/qorc-sdk-tfl/qf_tfl/qf_person_detection/GCC_Project/output/cli_misc.o
LOAD /mnt/c/Users/saxe/Documents/ActiveProjects/qorc-sdk-tfl/qf_tfl/qf_person_detection/GCC_Project/output/cli_platform.o
LOAD /mnt/c/Users/saxe/Documents/ActiveProjects/qorc-sdk-tfl/qf_tfl/qf_person_detection/GCC_Project/output/cli_stdcmds.o
LOAD /mnt/c/Users/saxe/Documents/ActiveProjects/qorc-sdk-tfl/qf_tfl/qf_person_detection/GCC_Project/output/crc32.o
LOAD /mnt/c/Users/saxe/Documents/ActiveProjects/qorc-sdk-tfl/qf_tfl/qf_person_detection/GCC_Project/output/croutine.o
LOAD /mnt/c/Users/saxe/Documents/ActiveProjects/qorc-sdk-tfl/qf_tfl/qf_person_detection/GCC_Project/output/dbg_bufferedprinttask.o
LOAD /mnt/c/Users/saxe/Documents/ActiveProjects/qorc-sdk-tfl/qf_tfl/qf_person_detection/GCC_Project/output/dbg_queue_monitor.o
LOAD /mnt/c/Users/saxe/Documents/ActiveProjects/qorc-sdk-tfl/qf_tfl/qf_person_detection/GCC_Project/output/dbg_uart.o
LOAD /mnt/c/Users/saxe/Documents/ActiveProjects/qorc-sdk-tfl/qf_tfl/qf_person_detection/GCC_Project/output/dbgtrace.o
LOAD /mnt/c/Users/saxe/Documents/ActiveProjects/qorc-sdk-tfl/qf_tfl/qf_person_detection/GCC_Project/output/eoss3_hal_adc.o
LOAD /mnt/c/Users/saxe/Documents/ActiveProjects/qorc-sdk-tfl/qf_tfl/qf_person_detection/GCC_Project/output/eoss3_hal_fpga_clk_sync.o
LOAD /mnt/c/Users/saxe/Documents/ActiveProjects/qorc-sdk-tfl/qf_tfl/qf_person_detection/GCC_Project/output/eoss3_hal_fpga_gpio.o
LOAD /mnt/c/Users/saxe/Documents/ActiveProjects/qorc-sdk-tfl/qf_tfl/qf_person_detection/GCC_Project/output/eoss3_hal_fpga_sdma.o
LOAD /mnt/c/Users/saxe/Documents/ActiveProjects/qorc-sdk-tfl/qf_tfl/qf_person_detection/GCC_Project/output/eoss3_hal_fpga_uart.o
LOAD /mnt/c/Users/saxe/Documents/ActiveProjects/qorc-sdk-tfl/qf_tfl/qf_person_detection/GCC_Project/output/eoss3_hal_fpga_usbserial.o
LOAD /mnt/c/Users/saxe/Documents/ActiveProjects/qorc-sdk-tfl/qf_tfl/qf_person_detection/GCC_Project/output/eoss3_hal_gpio.o
LOAD /mnt/c/Users/saxe/Documents/ActiveProjects/qorc-sdk-tfl/qf_tfl/qf_person_detection/GCC_Project/output/eoss3_hal_i2c.o
LOAD /mnt/c/Users/saxe/Documents/ActiveProjects/qorc-sdk-tfl/qf_tfl/qf_person_detection/GCC_Project/output/eoss3_hal_i2s.o
LOAD /mnt/c/Users/saxe/Documents/ActiveProjects/qorc-sdk-tfl/qf_tfl/qf_person_detection/GCC_Project/output/eoss3_hal_i2s_slave_assp.o
LOAD /mnt/c/Users/saxe/Documents/ActiveProjects/qorc-sdk-tfl/qf_tfl/qf_person_detection/GCC_Project/output/eoss3_hal_pad_config.o
LOAD /mnt/c/Users/saxe/Documents/ActiveProjects/qorc-sdk-tfl/qf_tfl/qf_person_detection/GCC_Project/output/eoss3_hal_pkfb.o
LOAD /mnt/c/Users/saxe/Documents/ActiveProjects/qorc-sdk-tfl/qf_tfl/qf_person_detection/GCC_Project/output/eoss3_hal_rtc.o
LOAD /mnt/c/Users/saxe/Documents/ActiveProjects/qorc-sdk-tfl/qf_tfl/qf_person_detection/GCC_Project/output/eoss3_hal_sdma.o
LOAD /mnt/c/Users/saxe/Documents/ActiveProjects/qorc-sdk-tfl/qf_tfl/qf_person_detection/GCC_Project/output/eoss3_hal_spi.o
LOAD /mnt/c/Users/saxe/Documents/ActiveProjects/qorc-sdk-tfl/qf_tfl/qf_person_detection/GCC_Project/output/eoss3_hal_timer.o
LOAD /mnt/c/Users/saxe/Documents/ActiveProjects/qorc-sdk-tfl/qf_tfl/qf_person_detection/GCC_Project/output/eoss3_hal_uart.o
LOAD /mnt/c/Users/saxe/Documents/ActiveProjects/qorc-sdk-tfl/qf_tfl/qf_person_detection/GCC_Project/output/eoss3_hal_wb.o
LOAD /mnt/c/Users/saxe/Documents/ActiveProjects/qorc-sdk-tfl/qf_tfl/qf_person_detection/GCC_Project/output/eoss3_hal_wdt.o
LOAD /mnt/c/Users/saxe/Documents/ActiveProjects/qorc-sdk-tfl/qf_tfl/qf_person_detection/GCC_Project/output/event_groups.o
LOAD /mnt/c/Users/saxe/Documents/ActiveProjects/qorc-sdk-tfl/qf_tfl/qf_person_detection/GCC_Project/output/exceptions.o
LOAD /mnt/c/Users/saxe/Documents/ActiveProjects/qorc-sdk-tfl/qf_tfl/qf_person_detection/GCC_Project/output/fpga_loader.o
LOAD /mnt/c/Users/saxe/Documents/ActiveProjects/qorc-sdk-tfl/qf_tfl/qf_person_detection/GCC_Project/output/freertos_static_memory.o
LOAD /mnt/c/Users/saxe/Documents/ActiveProjects/qorc-sdk-tfl/qf_tfl/qf_person_detection/GCC_Project/output/heap_4.o
LOAD /mnt/c/Users/saxe/Documents/ActiveProjects/qorc-sdk-tfl/qf_tfl/qf_person_detection/GCC_Project/output/hearable_pwrcfg.o
LOAD /mnt/c/Users/saxe/Documents/ActiveProjects/qorc-sdk-tfl/qf_tfl/qf_person_detection/GCC_Project/output/leds.o
LOAD /mnt/c/Users/saxe/Documents/ActiveProjects/qorc-sdk-tfl/qf_tfl/qf_person_detection/GCC_Project/output/list.o
LOAD /mnt/c/Users/saxe/Documents/ActiveProjects/qorc-sdk-tfl/qf_tfl/qf_person_detection/GCC_Project/output/main.o
LOAD /mnt/c/Users/saxe/Documents/ActiveProjects/qorc-sdk-tfl/qf_tfl/qf_person_detection/GCC_Project/output/main_dbg_cli_menu.o
LOAD /mnt/c/Users/saxe/Documents/ActiveProjects/qorc-sdk-tfl/qf_tfl/qf_person_detection/GCC_Project/output/person_detection_benchmark.o
LOAD /mnt/c/Users/saxe/Documents/ActiveProjects/qorc-sdk-tfl/qf_tfl/qf_person_detection/GCC_Project/output/pincfg_table.o
LOAD /mnt/c/Users/saxe/Documents/ActiveProjects/qorc-sdk-tfl/qf_tfl/qf_person_detection/GCC_Project/output/port.o
LOAD /mnt/c/Users/saxe/Documents/ActiveProjects/qorc-sdk-tfl/qf_tfl/qf_person_detection/GCC_Project/output/qf_hardwaresetup.o
LOAD /mnt/c/Users/saxe/Documents/ActiveProjects/qorc-sdk-tfl/qf_tfl/qf_person_detection/GCC_Project/output/ql_test_signals.o
LOAD /mnt/c/Users/saxe/Documents/ActiveProjects/qorc-sdk-tfl/qf_tfl/qf_person_detection/GCC_Project/output/ql_time.o
LOAD /mnt/c/Users/saxe/Documents/ActiveProjects/qorc-sdk-tfl/qf_tfl/qf_person_detection/GCC_Project/output/queue.o
LOAD /mnt/c/Users/saxe/Documents/ActiveProjects/qorc-sdk-tfl/qf_tfl/qf_person_detection/GCC_Project/output/s3x_clock.o
LOAD /mnt/c/Users/saxe/Documents/ActiveProjects/qorc-sdk-tfl/qf_tfl/qf_person_detection/GCC_Project/output/s3x_clock_hal.o
LOAD /mnt/c/Users/saxe/Documents/ActiveProjects/qorc-sdk-tfl/qf_tfl/qf_person_detection/GCC_Project/output/s3x_cpuload.o
LOAD /mnt/c/Users/saxe/Documents/ActiveProjects/qorc-sdk-tfl/qf_tfl/qf_person_detection/GCC_Project/output/s3x_dfs.o
LOAD /mnt/c/Users/saxe/Documents/ActiveProjects/qorc-sdk-tfl/qf_tfl/qf_person_detection/GCC_Project/output/s3x_lpm.o
LOAD /mnt/c/Users/saxe/Documents/ActiveProjects/qorc-sdk-tfl/qf_tfl/qf_person_detection/GCC_Project/output/s3x_pi.o
LOAD /mnt/c/Users/saxe/Documents/ActiveProjects/qorc-sdk-tfl/qf_tfl/qf_person_detection/GCC_Project/output/s3x_pwrcfg.o
LOAD /mnt/c/Users/saxe/Documents/ActiveProjects/qorc-sdk-tfl/qf_tfl/qf_person_detection/GCC_Project/output/s3x_qos.o
LOAD /mnt/c/Users/saxe/Documents/ActiveProjects/qorc-sdk-tfl/qf_tfl/qf_person_detection/GCC_Project/output/sec_debug.o
LOAD /mnt/c/Users/saxe/Documents/ActiveProjects/qorc-sdk-tfl/qf_tfl/qf_person_detection/GCC_Project/output/spi_flash.o
LOAD /mnt/c/Users/saxe/Documents/ActiveProjects/qorc-sdk-tfl/qf_tfl/qf_person_detection/GCC_Project/output/startup_EOSS3B_GCC.o
LOAD /mnt/c/Users/saxe/Documents/ActiveProjects/qorc-sdk-tfl/qf_tfl/qf_person_detection/GCC_Project/output/stream_buffer.o
LOAD /mnt/c/Users/saxe/Documents/ActiveProjects/qorc-sdk-tfl/qf_tfl/qf_person_detection/GCC_Project/output/tasks.o
LOAD /mnt/c/Users/saxe/Documents/ActiveProjects/qorc-sdk-tfl/qf_tfl/qf_person_detection/GCC_Project/output/timers.o
LOAD /mnt/c/Users/saxe/Documents/ActiveProjects/qorc-sdk-tfl/qf_tfl/qf_person_detection/GCC_Project/output/vectors_CM4F_gcc.o
LOAD /mnt/c/Users/saxe/Documents/ActiveProjects/qorc-sdk-tfl/qf_tfl/qf_person_detection/GCC_Project/output/watchdog.o
LOAD /mnt/c/Users/saxe/Documents/ActiveProjects/qorc-sdk-tfl/qf_tfl/qf_person_detection/GCC_Project/../../../Libraries/CMSIS/lib/GCC/libarm_cortexM4lf_math.a
LOAD /mnt/c/Users/saxe/Documents/ActiveProjects/qorc-sdk-tfl/qf_tfl/qf_person_detection/GCC_Project/../../../tensorflow/tensorflow/lite/micro/tools/make/gen/quicklogic-eos-s3_cortex-m4/lib/libtensorflow-microlite.a
LOAD /mnt/c/Users/saxe/Documents/ActiveProjects/qorc-sdk-tfl/qf_tfl/qf_person_detection/GCC_Project/../../../tensorflow/tensorflow/lite/micro/tools/make/gen/quicklogic-eos-s3_cortex-m4/obj/tensorflow/lite/micro/tools/make/downloads/person_model_grayscale/no_person_image_data.o
LOAD /mnt/c/Users/saxe/Documents/ActiveProjects/qorc-sdk-tfl/qf_tfl/qf_person_detection/GCC_Project/../../../tensorflow/tensorflow/lite/micro/tools/make/gen/quicklogic-eos-s3_cortex-m4/obj/tensorflow/lite/micro/tools/make/downloads/person_model_grayscale/person_detect_model_data.o
LOAD /mnt/c/Users/saxe/Documents/ActiveProjects/qorc-sdk-tfl/qf_tfl/qf_person_detection/GCC_Project/../../../tensorflow/tensorflow/lite/micro/tools/make/gen/quicklogic-eos-s3_cortex-m4/obj/tensorflow/lite/micro/tools/make/downloads/person_model_grayscale/person_image_data.o
LOAD /usr/bin/../lib/gcc/arm-none-eabi/7.3.1/../../../../arm-none-eabi/lib/thumb/v7e-m/fpv4-sp/hard/libstdc++_nano.a
LOAD /usr/bin/../lib/gcc/arm-none-eabi/7.3.1/../../../../arm-none-eabi/lib/thumb/v7e-m/fpv4-sp/hard/libm.a
START GROUP
LOAD /usr/bin/../lib/gcc/arm-none-eabi/7.3.1/thumb/v7e-m/fpv4-sp/hard/libgcc.a
LOAD /usr/bin/../lib/gcc/arm-none-eabi/7.3.1/../../../../arm-none-eabi/lib/thumb/v7e-m/fpv4-sp/hard/libg_nano.a
LOAD /usr/bin/../lib/gcc/arm-none-eabi/7.3.1/../../../../arm-none-eabi/lib/thumb/v7e-m/fpv4-sp/hard/libc_nano.a
END GROUP
START GROUP
LOAD /usr/bin/../lib/gcc/arm-none-eabi/7.3.1/thumb/v7e-m/fpv4-sp/hard/libgcc.a
LOAD /usr/bin/../lib/gcc/arm-none-eabi/7.3.1/../../../../arm-none-eabi/lib/thumb/v7e-m/fpv4-sp/hard/libc_nano.a
LOAD /usr/bin/../lib/gcc/arm-none-eabi/7.3.1/../../../../arm-none-eabi/lib/thumb/v7e-m/fpv4-sp/hard/libnosys.a
END GROUP
START GROUP
LOAD /usr/bin/../lib/gcc/arm-none-eabi/7.3.1/thumb/v7e-m/fpv4-sp/hard/libgcc.a
LOAD /usr/bin/../lib/gcc/arm-none-eabi/7.3.1/../../../../arm-none-eabi/lib/thumb/v7e-m/fpv4-sp/hard/libc_nano.a
LOAD /usr/bin/../lib/gcc/arm-none-eabi/7.3.1/../../../../arm-none-eabi/lib/thumb/v7e-m/fpv4-sp/hard/libnosys.a
END GROUP
LOAD /usr/bin/../lib/gcc/arm-none-eabi/7.3.1/thumb/v7e-m/fpv4-sp/hard/crtend.o
LOAD /usr/bin/../lib/gcc/arm-none-eabi/7.3.1/thumb/v7e-m/fpv4-sp/hard/crtn.o

.text           0x0000000000000000    0x4c007
 *(.isr_vector)
 .isr_vector    0x0000000000000000      0x124 /mnt/c/Users/saxe/Documents/ActiveProjects/qorc-sdk-tfl/qf_tfl/qf_person_detection/GCC_Project/output/vectors_CM4F_gcc.o
                0x0000000000000000                __Vectors
 *(.text*)
 .text          0x0000000000000124       0x40 /usr/bin/../lib/gcc/arm-none-eabi/7.3.1/thumb/v7e-m/fpv4-sp/hard/crtbegin.o
 .text          0x0000000000000164       0x74 /usr/bin/../lib/gcc/arm-none-eabi/7.3.1/../../../../arm-none-eabi/lib/thumb/v7e-m/fpv4-sp/hard/crt0.o
                0x0000000000000164                _mainCRTStartup
                0x0000000000000164                _start
 .text._write   0x00000000000001d8        0xe /mnt/c/Users/saxe/Documents/ActiveProjects/qorc-sdk-tfl/qf_tfl/qf_person_detection/GCC_Project/output/c_lib_retarget.o
                0x00000000000001d8                _write
 .text._close   0x00000000000001e6        0x6 /mnt/c/Users/saxe/Documents/ActiveProjects/qorc-sdk-tfl/qf_tfl/qf_person_detection/GCC_Project/output/c_lib_retarget.o
                0x00000000000001e6                _close
 .text._lseek   0x00000000000001ec        0x4 /mnt/c/Users/saxe/Documents/ActiveProjects/qorc-sdk-tfl/qf_tfl/qf_person_detection/GCC_Project/output/c_lib_retarget.o
                0x00000000000001ec                _lseek
 .text._read    0x00000000000001f0        0x4 /mnt/c/Users/saxe/Documents/ActiveProjects/qorc-sdk-tfl/qf_tfl/qf_person_detection/GCC_Project/output/c_lib_retarget.o
                0x00000000000001f0                _read
 .text.__debug_lockup
                0x00000000000001f4       0x14 /mnt/c/Users/saxe/Documents/ActiveProjects/qorc-sdk-tfl/qf_tfl/qf_person_detection/GCC_Project/output/dbg_uart.o
 .text._semihost_write
                0x0000000000000208       0x54 /mnt/c/Users/saxe/Documents/ActiveProjects/qorc-sdk-tfl/qf_tfl/qf_person_detection/GCC_Project/output/dbg_uart.o
                0x0000000000000208                _semihost_write
 .text.dbg_ch_raw
                0x000000000000025c       0x74 /mnt/c/Users/saxe/Documents/ActiveProjects/qorc-sdk-tfl/qf_tfl/qf_person_detection/GCC_Project/output/dbg_uart.o
                0x000000000000025c                dbg_ch_raw
 .text.dbg_nl   0x00000000000002d0       0x12 /mnt/c/Users/saxe/Documents/ActiveProjects/qorc-sdk-tfl/qf_tfl/qf_person_detection/GCC_Project/output/dbg_uart.o
                0x00000000000002d0                dbg_nl
 .text.dbg_ch   0x00000000000002e2        0xc /mnt/c/Users/saxe/Documents/ActiveProjects/qorc-sdk-tfl/qf_tfl/qf_person_detection/GCC_Project/output/dbg_uart.o
                0x00000000000002e2                dbg_ch
 .text.dbg_hex4
                0x00000000000002ee       0x14 /mnt/c/Users/saxe/Documents/ActiveProjects/qorc-sdk-tfl/qf_tfl/qf_person_detection/GCC_Project/output/dbg_uart.o
 .text.dbg_hex8
                0x0000000000000302       0x14 /mnt/c/Users/saxe/Documents/ActiveProjects/qorc-sdk-tfl/qf_tfl/qf_person_detection/GCC_Project/output/dbg_uart.o
                0x0000000000000302                dbg_hex8
 .text.dbg_hex16
                0x0000000000000316       0x14 /mnt/c/Users/saxe/Documents/ActiveProjects/qorc-sdk-tfl/qf_tfl/qf_person_detection/GCC_Project/output/dbg_uart.o
                0x0000000000000316                dbg_hex16
 .text.dbg_hex32
                0x000000000000032a       0x14 /mnt/c/Users/saxe/Documents/ActiveProjects/qorc-sdk-tfl/qf_tfl/qf_person_detection/GCC_Project/output/dbg_uart.o
                0x000000000000032a                dbg_hex32
 *fill*         0x000000000000033e        0x2 
 .text._dbg_int
                0x0000000000000340       0x44 /mnt/c/Users/saxe/Documents/ActiveProjects/qorc-sdk-tfl/qf_tfl/qf_person_detection/GCC_Project/output/dbg_uart.o
 .text.dbg_memdumpx
                0x0000000000000384       0xde /mnt/c/Users/saxe/Documents/ActiveProjects/qorc-sdk-tfl/qf_tfl/qf_person_detection/GCC_Project/output/dbg_uart.o
 *fill*         0x0000000000000462        0x2 
 .text.dbg_str  0x0000000000000464       0x84 /mnt/c/Users/saxe/Documents/ActiveProjects/qorc-sdk-tfl/qf_tfl/qf_person_detection/GCC_Project/output/dbg_uart.o
                0x0000000000000464                dbg_str
 .text._dbg_str_xxx
                0x00000000000004e8       0x16 /mnt/c/Users/saxe/Documents/ActiveProjects/qorc-sdk-tfl/qf_tfl/qf_person_detection/GCC_Project/output/dbg_uart.o
 .text.dbg_str_hexXX
                0x00000000000004fe       0x22 /mnt/c/Users/saxe/Documents/ActiveProjects/qorc-sdk-tfl/qf_tfl/qf_person_detection/GCC_Project/output/dbg_uart.o
 .text.dbg_int  0x0000000000000520       0x24 /mnt/c/Users/saxe/Documents/ActiveProjects/qorc-sdk-tfl/qf_tfl/qf_person_detection/GCC_Project/output/dbg_uart.o
                0x0000000000000520                dbg_int
 .text.dbg_str_str
                0x0000000000000544       0x16 /mnt/c/Users/saxe/Documents/ActiveProjects/qorc-sdk-tfl/qf_tfl/qf_person_detection/GCC_Project/output/dbg_uart.o
                0x0000000000000544                dbg_str_str
 .text.dbg_str_int
                0x000000000000055a       0x16 /mnt/c/Users/saxe/Documents/ActiveProjects/qorc-sdk-tfl/qf_tfl/qf_person_detection/GCC_Project/output/dbg_uart.o
                0x000000000000055a                dbg_str_int
 .text.dbg_str_hex32
                0x0000000000000570        0xc /mnt/c/Users/saxe/Documents/ActiveProjects/qorc-sdk-tfl/qf_tfl/qf_person_detection/GCC_Project/output/dbg_uart.o
                0x0000000000000570                dbg_str_hex32
 .text.dbg_fatal_error
                0x000000000000057c       0x12 /mnt/c/Users/saxe/Documents/ActiveProjects/qorc-sdk-tfl/qf_tfl/qf_person_detection/GCC_Project/output/dbg_uart.o
                0x000000000000057c                dbg_fatal_error
 .text.dbg_fatal_error_int
                0x000000000000058e        0xe /mnt/c/Users/saxe/Documents/ActiveProjects/qorc-sdk-tfl/qf_tfl/qf_person_detection/GCC_Project/output/dbg_uart.o
                0x000000000000058e                dbg_fatal_error_int
 .text.dbg_memdump32
                0x000000000000059c       0x1e /mnt/c/Users/saxe/Documents/ActiveProjects/qorc-sdk-tfl/qf_tfl/qf_person_detection/GCC_Project/output/dbg_uart.o
                0x000000000000059c                dbg_memdump32
 *fill*         0x00000000000005ba        0x2 
 .text.HAL_GPIO_Write
                0x00000000000005bc       0x28 /mnt/c/Users/saxe/Documents/ActiveProjects/qorc-sdk-tfl/qf_tfl/qf_person_detection/GCC_Project/output/eoss3_hal_gpio.o
                0x00000000000005bc                HAL_GPIO_Write
 .text.HAL_PAD_Config
                0x00000000000005e4      0x194 /mnt/c/Users/saxe/Documents/ActiveProjects/qorc-sdk-tfl/qf_tfl/qf_person_detection/GCC_Project/output/eoss3_hal_pad_config.o
                0x00000000000005e4                HAL_PAD_Config
 .text.configure_s3_pads
                0x0000000000000778       0x1a /mnt/c/Users/saxe/Documents/ActiveProjects/qorc-sdk-tfl/qf_tfl/qf_person_detection/GCC_Project/output/eoss3_hal_pad_config.o
                0x0000000000000778                configure_s3_pads
 *fill*         0x0000000000000792        0x2 
 .text.eoss3_rtc_enable_irq
                0x0000000000000794       0x28 /mnt/c/Users/saxe/Documents/ActiveProjects/qorc-sdk-tfl/qf_tfl/qf_person_detection/GCC_Project/output/eoss3_hal_rtc.o
 .text.write_rtc_reg
                0x00000000000007bc       0x18 /mnt/c/Users/saxe/Documents/ActiveProjects/qorc-sdk-tfl/qf_tfl/qf_person_detection/GCC_Project/output/eoss3_hal_rtc.o
 .text.__rtc_setup_alarm.isra.0
                0x00000000000007d4       0x44 /mnt/c/Users/saxe/Documents/ActiveProjects/qorc-sdk-tfl/qf_tfl/qf_person_detection/GCC_Project/output/eoss3_hal_rtc.o
 .text.HAL_RTC_ISR
                0x0000000000000818       0x24 /mnt/c/Users/saxe/Documents/ActiveProjects/qorc-sdk-tfl/qf_tfl/qf_person_detection/GCC_Project/output/eoss3_hal_rtc.o
                0x0000000000000818                HAL_RTC_ISR
 .text.unlock_spi1_bus
                0x000000000000083c       0x5c /mnt/c/Users/saxe/Documents/ActiveProjects/qorc-sdk-tfl/qf_tfl/qf_person_detection/GCC_Project/output/eoss3_hal_spi.o
                0x000000000000083c                unlock_spi1_bus
 .text.SPI_DMA_Complete
                0x0000000000000898       0x88 /mnt/c/Users/saxe/Documents/ActiveProjects/qorc-sdk-tfl/qf_tfl/qf_person_detection/GCC_Project/output/eoss3_hal_spi.o
                0x0000000000000898                SPI_DMA_Complete
 .text.HAL_SPI_IRQHandler
                0x0000000000000920       0x6c /mnt/c/Users/saxe/Documents/ActiveProjects/qorc-sdk-tfl/qf_tfl/qf_person_detection/GCC_Project/output/eoss3_hal_spi.o
                0x0000000000000920                HAL_SPI_IRQHandler
 .text.HAL_Timer_ISR
                0x000000000000098c       0x88 /mnt/c/Users/saxe/Documents/ActiveProjects/qorc-sdk-tfl/qf_tfl/qf_person_detection/GCC_Project/output/eoss3_hal_timer.o
                0x000000000000098c                HAL_Timer_ISR
 .text.uart_baud_rate
                0x0000000000000a14       0xa0 /mnt/c/Users/saxe/Documents/ActiveProjects/qorc-sdk-tfl/qf_tfl/qf_person_detection/GCC_Project/output/eoss3_hal_uart.o
 .text.is_hw_uart_enabled
                0x0000000000000ab4       0x20 /mnt/c/Users/saxe/Documents/ActiveProjects/qorc-sdk-tfl/qf_tfl/qf_person_detection/GCC_Project/output/eoss3_hal_uart.o
 .text.uart_disable
                0x0000000000000ad4       0x1c /mnt/c/Users/saxe/Documents/ActiveProjects/qorc-sdk-tfl/qf_tfl/qf_person_detection/GCC_Project/output/eoss3_hal_uart.o
 .text.uart_lpm_callback
                0x0000000000000af0       0x70 /mnt/c/Users/saxe/Documents/ActiveProjects/qorc-sdk-tfl/qf_tfl/qf_person_detection/GCC_Project/output/eoss3_hal_uart.o
 .text.uart_init
                0x0000000000000b60      0x168 /mnt/c/Users/saxe/Documents/ActiveProjects/qorc-sdk-tfl/qf_tfl/qf_person_detection/GCC_Project/output/eoss3_hal_uart.o
                0x0000000000000b60                uart_init
 .text.uart_isr_handler
                0x0000000000000cc8       0x84 /mnt/c/Users/saxe/Documents/ActiveProjects/qorc-sdk-tfl/qf_tfl/qf_person_detection/GCC_Project/output/eoss3_hal_uart.o
                0x0000000000000cc8                uart_isr_handler
 .text.uart_tx_raw
                0x0000000000000d4c       0x38 /mnt/c/Users/saxe/Documents/ActiveProjects/qorc-sdk-tfl/qf_tfl/qf_person_detection/GCC_Project/output/eoss3_hal_uart.o
                0x0000000000000d4c                uart_tx_raw
 .text.uart_tx  0x0000000000000d84       0x1c /mnt/c/Users/saxe/Documents/ActiveProjects/qorc-sdk-tfl/qf_tfl/qf_person_detection/GCC_Project/output/eoss3_hal_uart.o
                0x0000000000000d84                uart_tx
 .text.uart_tx_buf
                0x0000000000000da0       0x1a /mnt/c/Users/saxe/Documents/ActiveProjects/qorc-sdk-tfl/qf_tfl/qf_person_detection/GCC_Project/output/eoss3_hal_uart.o
                0x0000000000000da0                uart_tx_buf
 *fill*         0x0000000000000dba        0x2 
 .text.WDT_ISR  0x0000000000000dbc       0x8c /mnt/c/Users/saxe/Documents/ActiveProjects/qorc-sdk-tfl/qf_tfl/qf_person_detection/GCC_Project/output/eoss3_hal_wdt.o
                0x0000000000000dbc                WDT_ISR
 .text.spurious_interrupt
                0x0000000000000e48        0xc /mnt/c/Users/saxe/Documents/ActiveProjects/qorc-sdk-tfl/qf_tfl/qf_person_detection/GCC_Project/output/exceptions.o
 .text.prvGetRegistersFromStack
                0x0000000000000e54       0xf0 /mnt/c/Users/saxe/Documents/ActiveProjects/qorc-sdk-tfl/qf_tfl/qf_person_detection/GCC_Project/output/exceptions.o
                0x0000000000000e54                prvGetRegistersFromStack
 .text.HardFault_Handler
                0x0000000000000f44       0x16 /mnt/c/Users/saxe/Documents/ActiveProjects/qorc-sdk-tfl/qf_tfl/qf_person_detection/GCC_Project/output/exceptions.o
                0x0000000000000f44                HardFault_Handler
 .text.NMI_Handler
                0x0000000000000f5a        0x6 /mnt/c/Users/saxe/Documents/ActiveProjects/qorc-sdk-tfl/qf_tfl/qf_person_detection/GCC_Project/output/exceptions.o
                0x0000000000000f5a                NMI_Handler
 .text.MemManage_Handler
                0x0000000000000f60        0x6 /mnt/c/Users/saxe/Documents/ActiveProjects/qorc-sdk-tfl/qf_tfl/qf_person_detection/GCC_Project/output/exceptions.o
                0x0000000000000f60                MemManage_Handler
 .text.BusFault_Handler
                0x0000000000000f66        0x6 /mnt/c/Users/saxe/Documents/ActiveProjects/qorc-sdk-tfl/qf_tfl/qf_person_detection/GCC_Project/output/exceptions.o
                0x0000000000000f66                BusFault_Handler
 .text.UsageFault_Handler
                0x0000000000000f6c        0x6 /mnt/c/Users/saxe/Documents/ActiveProjects/qorc-sdk-tfl/qf_tfl/qf_person_detection/GCC_Project/output/exceptions.o
                0x0000000000000f6c                UsageFault_Handler
 .text.DebugMon_Handler
                0x0000000000000f72        0x6 /mnt/c/Users/saxe/Documents/ActiveProjects/qorc-sdk-tfl/qf_tfl/qf_person_detection/GCC_Project/output/exceptions.o
                0x0000000000000f72                DebugMon_Handler
 .text.Uart_Handler
                0x0000000000000f78       0x50 /mnt/c/Users/saxe/Documents/ActiveProjects/qorc-sdk-tfl/qf_tfl/qf_person_detection/GCC_Project/output/exceptions.o
                0x0000000000000f78                Uart_Handler
 .text.Timer_Handler
                0x0000000000000fc8       0x24 /mnt/c/Users/saxe/Documents/ActiveProjects/qorc-sdk-tfl/qf_tfl/qf_person_detection/GCC_Project/output/exceptions.o
                0x0000000000000fc8                Timer_Handler
 .text.CpuWdtInt_Handler
                0x0000000000000fec       0x24 /mnt/c/Users/saxe/Documents/ActiveProjects/qorc-sdk-tfl/qf_tfl/qf_person_detection/GCC_Project/output/exceptions.o
                0x0000000000000fec                CpuWdtInt_Handler
 .text.CpuWdtRst_Handler
                0x0000000000001010        0x6 /mnt/c/Users/saxe/Documents/ActiveProjects/qorc-sdk-tfl/qf_tfl/qf_person_detection/GCC_Project/output/exceptions.o
                0x0000000000001010                CpuWdtRst_Handler
 .text.BusTimeout_Handler
                0x0000000000001016        0x6 /mnt/c/Users/saxe/Documents/ActiveProjects/qorc-sdk-tfl/qf_tfl/qf_person_detection/GCC_Project/output/exceptions.o
                0x0000000000001016                BusTimeout_Handler
 .text.Fpu_Handler
                0x000000000000101c        0x6 /mnt/c/Users/saxe/Documents/ActiveProjects/qorc-sdk-tfl/qf_tfl/qf_person_detection/GCC_Project/output/exceptions.o
                0x000000000000101c                Fpu_Handler
 *fill*         0x0000000000001022        0x2 
 .text.Pkfb_Handler
                0x0000000000001024       0x10 /mnt/c/Users/saxe/Documents/ActiveProjects/qorc-sdk-tfl/qf_tfl/qf_person_detection/GCC_Project/output/exceptions.o
                0x0000000000001024                Pkfb_Handler
 .text.I2s_Handler
                0x0000000000001034        0x6 /mnt/c/Users/saxe/Documents/ActiveProjects/qorc-sdk-tfl/qf_tfl/qf_person_detection/GCC_Project/output/exceptions.o
                0x0000000000001034                I2s_Handler
 .text.Audio_Handler
                0x000000000000103a        0x6 /mnt/c/Users/saxe/Documents/ActiveProjects/qorc-sdk-tfl/qf_tfl/qf_person_detection/GCC_Project/output/exceptions.o
                0x000000000000103a                Audio_Handler
 .text.SpiMs_Handler
                0x0000000000001040       0x5c /mnt/c/Users/saxe/Documents/ActiveProjects/qorc-sdk-tfl/qf_tfl/qf_person_detection/GCC_Project/output/exceptions.o
                0x0000000000001040                SpiMs_Handler
 .text.CfgDma_Handler
                0x000000000000109c       0x28 /mnt/c/Users/saxe/Documents/ActiveProjects/qorc-sdk-tfl/qf_tfl/qf_person_detection/GCC_Project/output/exceptions.o
                0x000000000000109c                CfgDma_Handler
 .text.PmuTimer_Handler
                0x00000000000010c4        0x2 /mnt/c/Users/saxe/Documents/ActiveProjects/qorc-sdk-tfl/qf_tfl/qf_person_detection/GCC_Project/output/exceptions.o
                0x00000000000010c4                PmuTimer_Handler
 .text.AdcDone_Handler
                0x00000000000010c6        0x8 /mnt/c/Users/saxe/Documents/ActiveProjects/qorc-sdk-tfl/qf_tfl/qf_person_detection/GCC_Project/output/exceptions.o
                0x00000000000010c6                AdcDone_Handler
 *fill*         0x00000000000010ce        0x2 
 .text.RtcAlarm_Handler
                0x00000000000010d0       0x1c /mnt/c/Users/saxe/Documents/ActiveProjects/qorc-sdk-tfl/qf_tfl/qf_person_detection/GCC_Project/output/exceptions.o
                0x00000000000010d0                RtcAlarm_Handler
 .text.ResetInt_Handler
                0x00000000000010ec        0x8 /mnt/c/Users/saxe/Documents/ActiveProjects/qorc-sdk-tfl/qf_tfl/qf_person_detection/GCC_Project/output/exceptions.o
                0x00000000000010ec                ResetInt_Handler
 .text.Ffe0_Handler
                0x00000000000010f4       0x18 /mnt/c/Users/saxe/Documents/ActiveProjects/qorc-sdk-tfl/qf_tfl/qf_person_detection/GCC_Project/output/exceptions.o
                0x00000000000010f4                Ffe0_Handler
 .text.FbMsg_Handler
                0x000000000000110c       0x70 /mnt/c/Users/saxe/Documents/ActiveProjects/qorc-sdk-tfl/qf_tfl/qf_person_detection/GCC_Project/output/exceptions.o
                0x000000000000110c                FbMsg_Handler
 .text.SensorGpio_Handler
                0x000000000000117c        0x8 /mnt/c/Users/saxe/Documents/ActiveProjects/qorc-sdk-tfl/qf_tfl/qf_person_detection/GCC_Project/output/exceptions.o
                0x000000000000117c                SensorGpio_Handler
 .text.M4SramSleep_Handler
                0x0000000000001184        0x8 /mnt/c/Users/saxe/Documents/ActiveProjects/qorc-sdk-tfl/qf_tfl/qf_person_detection/GCC_Project/output/exceptions.o
                0x0000000000001184                M4SramSleep_Handler
 .text.LDO30_PG_Handler
                0x000000000000118c        0x8 /mnt/c/Users/saxe/Documents/ActiveProjects/qorc-sdk-tfl/qf_tfl/qf_person_detection/GCC_Project/output/exceptions.o
                0x000000000000118c                LDO30_PG_Handler
 .text.LDO50_PG_Handler
                0x0000000000001194        0x8 /mnt/c/Users/saxe/Documents/ActiveProjects/qorc-sdk-tfl/qf_tfl/qf_person_detection/GCC_Project/output/exceptions.o
                0x0000000000001194                LDO50_PG_Handler
 .text.DMIC_Voice_Det_Handler
                0x000000000000119c        0x8 /mnt/c/Users/saxe/Documents/ActiveProjects/qorc-sdk-tfl/qf_tfl/qf_person_detection/GCC_Project/output/exceptions.o
                0x000000000000119c                DMIC_Voice_Det_Handler
 .text.ApPDMClkOn_Handler
                0x00000000000011a4        0x8 /mnt/c/Users/saxe/Documents/ActiveProjects/qorc-sdk-tfl/qf_tfl/qf_person_detection/GCC_Project/output/exceptions.o
                0x00000000000011a4                ApPDMClkOn_Handler
 .text.ApPDMClkOff_Handler
                0x00000000000011ac        0x8 /mnt/c/Users/saxe/Documents/ActiveProjects/qorc-sdk-tfl/qf_tfl/qf_person_detection/GCC_Project/output/exceptions.o
                0x00000000000011ac                ApPDMClkOff_Handler
 .text.Dmac0BlkDone_Handler
                0x00000000000011b4        0x8 /mnt/c/Users/saxe/Documents/ActiveProjects/qorc-sdk-tfl/qf_tfl/qf_person_detection/GCC_Project/output/exceptions.o
                0x00000000000011b4                Dmac0BlkDone_Handler
 .text.Dmac0BufDone_Handler
                0x00000000000011bc        0x8 /mnt/c/Users/saxe/Documents/ActiveProjects/qorc-sdk-tfl/qf_tfl/qf_person_detection/GCC_Project/output/exceptions.o
                0x00000000000011bc                Dmac0BufDone_Handler
 .text.Dmac1BlkDone_Handler
                0x00000000000011c4        0x8 /mnt/c/Users/saxe/Documents/ActiveProjects/qorc-sdk-tfl/qf_tfl/qf_person_detection/GCC_Project/output/exceptions.o
                0x00000000000011c4                Dmac1BlkDone_Handler
 .text.Dmac1BufDone_Handler
                0x00000000000011cc        0x8 /mnt/c/Users/saxe/Documents/ActiveProjects/qorc-sdk-tfl/qf_tfl/qf_person_detection/GCC_Project/output/exceptions.o
                0x00000000000011cc                Dmac1BufDone_Handler
 .text.Sdma0Done_Handler
                0x00000000000011d4        0x8 /mnt/c/Users/saxe/Documents/ActiveProjects/qorc-sdk-tfl/qf_tfl/qf_person_detection/GCC_Project/output/exceptions.o
                0x00000000000011d4                Sdma0Done_Handler
 .text.Sdma1Done_Handler
                0x00000000000011dc        0x8 /mnt/c/Users/saxe/Documents/ActiveProjects/qorc-sdk-tfl/qf_tfl/qf_person_detection/GCC_Project/output/exceptions.o
                0x00000000000011dc                Sdma1Done_Handler
 .text.Sdma2Done_Handler
                0x00000000000011e4        0x8 /mnt/c/Users/saxe/Documents/ActiveProjects/qorc-sdk-tfl/qf_tfl/qf_person_detection/GCC_Project/output/exceptions.o
                0x00000000000011e4                Sdma2Done_Handler
 .text.Sdma3Done_Handler
                0x00000000000011ec        0x8 /mnt/c/Users/saxe/Documents/ActiveProjects/qorc-sdk-tfl/qf_tfl/qf_person_detection/GCC_Project/output/exceptions.o
                0x00000000000011ec                Sdma3Done_Handler
 .text.Sdma4Done_Handler
                0x00000000000011f4        0x8 /mnt/c/Users/saxe/Documents/ActiveProjects/qorc-sdk-tfl/qf_tfl/qf_person_detection/GCC_Project/output/exceptions.o
                0x00000000000011f4                Sdma4Done_Handler
 .text.Sdma5Done_Handler
                0x00000000000011fc        0x8 /mnt/c/Users/saxe/Documents/ActiveProjects/qorc-sdk-tfl/qf_tfl/qf_person_detection/GCC_Project/output/exceptions.o
                0x00000000000011fc                Sdma5Done_Handler
 .text.Sdma6Done_Handler
                0x0000000000001204        0x8 /mnt/c/Users/saxe/Documents/ActiveProjects/qorc-sdk-tfl/qf_tfl/qf_person_detection/GCC_Project/output/exceptions.o
                0x0000000000001204                Sdma6Done_Handler
 .text.Sdma7Done_Handler
                0x000000000000120c        0x8 /mnt/c/Users/saxe/Documents/ActiveProjects/qorc-sdk-tfl/qf_tfl/qf_person_detection/GCC_Project/output/exceptions.o
                0x000000000000120c                Sdma7Done_Handler
 .text.Sdma8Done_Handler
                0x0000000000001214        0x8 /mnt/c/Users/saxe/Documents/ActiveProjects/qorc-sdk-tfl/qf_tfl/qf_person_detection/GCC_Project/output/exceptions.o
                0x0000000000001214                Sdma8Done_Handler
 .text.Sdma9Done_Handler
                0x000000000000121c        0x8 /mnt/c/Users/saxe/Documents/ActiveProjects/qorc-sdk-tfl/qf_tfl/qf_person_detection/GCC_Project/output/exceptions.o
                0x000000000000121c                Sdma9Done_Handler
 .text.Sdma10Done_Handler
                0x0000000000001224        0x8 /mnt/c/Users/saxe/Documents/ActiveProjects/qorc-sdk-tfl/qf_tfl/qf_person_detection/GCC_Project/output/exceptions.o
                0x0000000000001224                Sdma10Done_Handler
 .text.Sdma11Done_Handler
                0x000000000000122c        0x8 /mnt/c/Users/saxe/Documents/ActiveProjects/qorc-sdk-tfl/qf_tfl/qf_person_detection/GCC_Project/output/exceptions.o
                0x000000000000122c                Sdma11Done_Handler
 .text.SdmaErr_Handler
                0x0000000000001234        0x8 /mnt/c/Users/saxe/Documents/ActiveProjects/qorc-sdk-tfl/qf_tfl/qf_person_detection/GCC_Project/output/exceptions.o
                0x0000000000001234                SdmaErr_Handler
 .text.I2S_SlvM4TxOr_Handler
                0x000000000000123c        0x8 /mnt/c/Users/saxe/Documents/ActiveProjects/qorc-sdk-tfl/qf_tfl/qf_person_detection/GCC_Project/output/exceptions.o
                0x000000000000123c                I2S_SlvM4TxOr_Handler
 .text.SRAM_128KB_Handler
                0x0000000000001244        0x8 /mnt/c/Users/saxe/Documents/ActiveProjects/qorc-sdk-tfl/qf_tfl/qf_person_detection/GCC_Project/output/exceptions.o
                0x0000000000001244                SRAM_128KB_Handler
 .text.LPSD_Voice_Det_Handler
                0x000000000000124c        0x8 /mnt/c/Users/saxe/Documents/ActiveProjects/qorc-sdk-tfl/qf_tfl/qf_person_detection/GCC_Project/output/exceptions.o
                0x000000000000124c                LPSD_Voice_Det_Handler
 .text.FfeWdt_Handler
                0x0000000000001254        0x8 /mnt/c/Users/saxe/Documents/ActiveProjects/qorc-sdk-tfl/qf_tfl/qf_person_detection/GCC_Project/output/exceptions.o
                0x0000000000001254                FfeWdt_Handler
 .text.ApBoot_Handler
                0x000000000000125c        0x8 /mnt/c/Users/saxe/Documents/ActiveProjects/qorc-sdk-tfl/qf_tfl/qf_person_detection/GCC_Project/output/exceptions.o
                0x000000000000125c                ApBoot_Handler
 .text.SwInt2_Handler
                0x0000000000001264        0x8 /mnt/c/Users/saxe/Documents/ActiveProjects/qorc-sdk-tfl/qf_tfl/qf_person_detection/GCC_Project/output/exceptions.o
                0x0000000000001264                SwInt2_Handler
 .text.SwInt1_Handler
                0x000000000000126c       0x24 /mnt/c/Users/saxe/Documents/ActiveProjects/qorc-sdk-tfl/qf_tfl/qf_person_detection/GCC_Project/output/exceptions.o
                0x000000000000126c                SwInt1_Handler
 .text.Ffe0Msg_Handler
                0x0000000000001290        0x8 /mnt/c/Users/saxe/Documents/ActiveProjects/qorc-sdk-tfl/qf_tfl/qf_person_detection/GCC_Project/output/exceptions.o
                0x0000000000001290                Ffe0Msg_Handler
 .text.lpsdVoiceOffHandler
                0x0000000000001298        0x8 /mnt/c/Users/saxe/Documents/ActiveProjects/qorc-sdk-tfl/qf_tfl/qf_person_detection/GCC_Project/output/exceptions.o
                0x0000000000001298                lpsdVoiceOffHandler
 .text.dmicVoiceOffHandler
                0x00000000000012a0        0x8 /mnt/c/Users/saxe/Documents/ActiveProjects/qorc-sdk-tfl/qf_tfl/qf_person_detection/GCC_Project/output/exceptions.o
                0x00000000000012a0                dmicVoiceOffHandler
 .text.vApplicationMallocFailedHook
                0x00000000000012a8       0x24 /mnt/c/Users/saxe/Documents/ActiveProjects/qorc-sdk-tfl/qf_tfl/qf_person_detection/GCC_Project/output/exceptions.o
                0x00000000000012a8                vApplicationMallocFailedHook
 .text.vApplicationStackOverflowHook
                0x00000000000012cc       0x24 /mnt/c/Users/saxe/Documents/ActiveProjects/qorc-sdk-tfl/qf_tfl/qf_person_detection/GCC_Project/output/exceptions.o
                0x00000000000012cc                vApplicationStackOverflowHook
 .text.vApplicationTickHook
                0x00000000000012f0        0x2 /mnt/c/Users/saxe/Documents/ActiveProjects/qorc-sdk-tfl/qf_tfl/qf_person_detection/GCC_Project/output/exceptions.o
                0x00000000000012f0                vApplicationTickHook
 *fill*         0x00000000000012f2        0x2 
 .text.prvInsertBlockIntoFreeList
                0x00000000000012f4       0x74 /mnt/c/Users/saxe/Documents/ActiveProjects/qorc-sdk-tfl/qf_tfl/qf_person_detection/GCC_Project/output/heap_4.o
 .text.pvPortMalloc
                0x0000000000001368      0x1a0 /mnt/c/Users/saxe/Documents/ActiveProjects/qorc-sdk-tfl/qf_tfl/qf_person_detection/GCC_Project/output/heap_4.o
                0x0000000000001368                pvPortMalloc
 .text.vListInitialise
                0x0000000000001508       0x16 /mnt/c/Users/saxe/Documents/ActiveProjects/qorc-sdk-tfl/qf_tfl/qf_person_detection/GCC_Project/output/list.o
                0x0000000000001508                vListInitialise
 .text.vListInitialiseItem
                0x000000000000151e        0x6 /mnt/c/Users/saxe/Documents/ActiveProjects/qorc-sdk-tfl/qf_tfl/qf_person_detection/GCC_Project/output/list.o
                0x000000000000151e                vListInitialiseItem
 .text.vListInsertEnd
                0x0000000000001524       0x18 /mnt/c/Users/saxe/Documents/ActiveProjects/qorc-sdk-tfl/qf_tfl/qf_person_detection/GCC_Project/output/list.o
                0x0000000000001524                vListInsertEnd
 .text.vListInsert
                0x000000000000153c       0x2e /mnt/c/Users/saxe/Documents/ActiveProjects/qorc-sdk-tfl/qf_tfl/qf_person_detection/GCC_Project/output/list.o
                0x000000000000153c                vListInsert
 .text.uxListRemove
                0x000000000000156a       0x22 /mnt/c/Users/saxe/Documents/ActiveProjects/qorc-sdk-tfl/qf_tfl/qf_person_detection/GCC_Project/output/list.o
                0x000000000000156a                uxListRemove
 .text.startup.main
                0x000000000000158c       0xb4 /mnt/c/Users/saxe/Documents/ActiveProjects/qorc-sdk-tfl/qf_tfl/qf_person_detection/GCC_Project/output/main.o
                0x000000000000158c                main
 .text.SystemInit
                0x0000000000001640        0x2 /mnt/c/Users/saxe/Documents/ActiveProjects/qorc-sdk-tfl/qf_tfl/qf_person_detection/GCC_Project/output/main.o
                0x0000000000001640                SystemInit
 .text._ZN6tflite18MicroErrorReporterD0Ev
                0x0000000000001642        0x2 /mnt/c/Users/saxe/Documents/ActiveProjects/qorc-sdk-tfl/qf_tfl/qf_person_detection/GCC_Project/output/person_detection_benchmark.o
                0x0000000000001642                tflite::MicroErrorReporter::~MicroErrorReporter()
                0x0000000000001642                tflite::MicroErrorReporter::~MicroErrorReporter()
                0x0000000000001642                tflite::MicroErrorReporter::~MicroErrorReporter()
 .text._ZNK6tflite15MicroOpResolver6FindOpENS_15BuiltinOperatorEi
                0x0000000000001644        0x6 /mnt/c/Users/saxe/Documents/ActiveProjects/qorc-sdk-tfl/qf_tfl/qf_person_detection/GCC_Project/output/person_detection_benchmark.o
                0x0000000000001644                tflite::MicroOpResolver::FindOp(tflite::BuiltinOperator, int) const
 .text._ZNK6tflite15MicroOpResolver6FindOpEPKci
                0x000000000000164a        0x6 /mnt/c/Users/saxe/Documents/ActiveProjects/qorc-sdk-tfl/qf_tfl/qf_person_detection/GCC_Project/output/person_detection_benchmark.o
                0x000000000000164a                tflite::MicroOpResolver::FindOp(char const*, int) const
 .text._ZNK6tflite22MicroMutableOpResolverILj3EE6FindOpENS_15BuiltinOperatorE
                0x0000000000001650       0x26 /mnt/c/Users/saxe/Documents/ActiveProjects/qorc-sdk-tfl/qf_tfl/qf_person_detection/GCC_Project/output/person_detection_benchmark.o
                0x0000000000001650                tflite::MicroMutableOpResolver<3u>::FindOp(tflite::BuiltinOperator) const
 .text._ZN6tflite22MicroMutableOpResolverILj3EED0Ev
                0x0000000000001676        0x2 /mnt/c/Users/saxe/Documents/ActiveProjects/qorc-sdk-tfl/qf_tfl/qf_person_detection/GCC_Project/output/person_detection_benchmark.o
                0x0000000000001676                tflite::MicroMutableOpResolver<3u>::~MicroMutableOpResolver()
                0x0000000000001676                tflite::MicroMutableOpResolver<3u>::~MicroMutableOpResolver()
                0x0000000000001676                tflite::MicroMutableOpResolver<3u>::~MicroMutableOpResolver()
 .text._ZNK6tflite22MicroMutableOpResolverILj3EE15GetOpDataParserENS_15BuiltinOperatorE
                0x0000000000001678       0x26 /mnt/c/Users/saxe/Documents/ActiveProjects/qorc-sdk-tfl/qf_tfl/qf_person_detection/GCC_Project/output/person_detection_benchmark.o
                0x0000000000001678                tflite::MicroMutableOpResolver<3u>::GetOpDataParser(tflite::BuiltinOperator) const
 .text._ZNK6tflite22MicroMutableOpResolverILj3EE6FindOpEPKc
                0x000000000000169e       0x36 /mnt/c/Users/saxe/Documents/ActiveProjects/qorc-sdk-tfl/qf_tfl/qf_person_detection/GCC_Project/output/person_detection_benchmark.o
                0x000000000000169e                tflite::MicroMutableOpResolver<3u>::FindOp(char const*) const
 .text._Z29RunSingleIterationCustomInputPKh
                0x00000000000016d4       0xf0 /mnt/c/Users/saxe/Documents/ActiveProjects/qorc-sdk-tfl/qf_tfl/qf_person_detection/GCC_Project/output/person_detection_benchmark.o
                0x00000000000016d4                RunSingleIterationCustomInput(unsigned char const*)
 .text.loop     0x00000000000017c4       0x38 /mnt/c/Users/saxe/Documents/ActiveProjects/qorc-sdk-tfl/qf_tfl/qf_person_detection/GCC_Project/output/person_detection_benchmark.o
                0x00000000000017c4                loop
 .text._ZN6tflite22MicroMutableOpResolverILj3EE10AddBuiltinENS_15BuiltinOperatorERK18TfLiteRegistrationPF12TfLiteStatusPKNS_8OperatorEPNS_13ErrorReporterEPNS_20BuiltinDataAllocatorEPPvE
                0x00000000000017fc       0x9c /mnt/c/Users/saxe/Documents/ActiveProjects/qorc-sdk-tfl/qf_tfl/qf_person_detection/GCC_Project/output/person_detection_benchmark.o
                0x00000000000017fc                tflite::MicroMutableOpResolver<3u>::AddBuiltin(tflite::BuiltinOperator, TfLiteRegistration const&, TfLiteStatus (*)(tflite::Operator const*, tflite::ErrorReporter*, tflite::BuiltinDataAllocator*, void**))
 .text.setup    0x0000000000001898      0x23c /mnt/c/Users/saxe/Documents/ActiveProjects/qorc-sdk-tfl/qf_tfl/qf_person_detection/GCC_Project/output/person_detection_benchmark.o
                0x0000000000001898                setup
 *fill*         0x0000000000001ad4        0xc 
 .text.SVC_Handler
                0x0000000000001ae0       0x24 /mnt/c/Users/saxe/Documents/ActiveProjects/qorc-sdk-tfl/qf_tfl/qf_person_detection/GCC_Project/output/port.o
                0x0000000000001ae0                SVC_Handler
 .text.vPortEnterCritical
                0x0000000000001b04       0x58 /mnt/c/Users/saxe/Documents/ActiveProjects/qorc-sdk-tfl/qf_tfl/qf_person_detection/GCC_Project/output/port.o
                0x0000000000001b04                vPortEnterCritical
 .text.vPortExitCritical
                0x0000000000001b5c       0x3c /mnt/c/Users/saxe/Documents/ActiveProjects/qorc-sdk-tfl/qf_tfl/qf_person_detection/GCC_Project/output/port.o
                0x0000000000001b5c                vPortExitCritical
 *fill*         0x0000000000001b98        0x8 
 .text.PendSV_Handler
                0x0000000000001ba0       0x64 /mnt/c/Users/saxe/Documents/ActiveProjects/qorc-sdk-tfl/qf_tfl/qf_person_detection/GCC_Project/output/port.o
                0x0000000000001ba0                PendSV_Handler
 .text.xPortSysTickHandler
                0x0000000000001c04       0x2c /mnt/c/Users/saxe/Documents/ActiveProjects/qorc-sdk-tfl/qf_tfl/qf_person_detection/GCC_Project/output/port.o
                0x0000000000001c04                xPortSysTickHandler
 .text.vPortValidateInterruptPriority
                0x0000000000001c30       0x7c /mnt/c/Users/saxe/Documents/ActiveProjects/qorc-sdk-tfl/qf_tfl/qf_person_detection/GCC_Project/output/port.o
                0x0000000000001c30                vPortValidateInterruptPriority
 .text.system_init
                0x0000000000001cac       0x6c /mnt/c/Users/saxe/Documents/ActiveProjects/qorc-sdk-tfl/qf_tfl/qf_person_detection/GCC_Project/output/qf_hardwaresetup.o
                0x0000000000001cac                system_init
 .text.qf_hardwareSetup
                0x0000000000001d18       0x74 /mnt/c/Users/saxe/Documents/ActiveProjects/qorc-sdk-tfl/qf_tfl/qf_person_detection/GCC_Project/output/qf_hardwaresetup.o
                0x0000000000001d18                qf_hardwareSetup
 .text.prvIsQueueEmpty
                0x0000000000001d8c       0x16 /mnt/c/Users/saxe/Documents/ActiveProjects/qorc-sdk-tfl/qf_tfl/qf_person_detection/GCC_Project/output/queue.o
 .text.prvCopyDataToQueue
                0x0000000000001da2       0x72 /mnt/c/Users/saxe/Documents/ActiveProjects/qorc-sdk-tfl/qf_tfl/qf_person_detection/GCC_Project/output/queue.o
 .text.prvUnlockQueue
                0x0000000000001e14       0x70 /mnt/c/Users/saxe/Documents/ActiveProjects/qorc-sdk-tfl/qf_tfl/qf_person_detection/GCC_Project/output/queue.o
 .text.xQueueGenericReset
                0x0000000000001e84       0x90 /mnt/c/Users/saxe/Documents/ActiveProjects/qorc-sdk-tfl/qf_tfl/qf_person_detection/GCC_Project/output/queue.o
                0x0000000000001e84                xQueueGenericReset
 .text.xQueueGenericCreate
                0x0000000000001f14       0x74 /mnt/c/Users/saxe/Documents/ActiveProjects/qorc-sdk-tfl/qf_tfl/qf_person_detection/GCC_Project/output/queue.o
                0x0000000000001f14                xQueueGenericCreate
 .text.xQueueGenericSend
                0x0000000000001f88      0x198 /mnt/c/Users/saxe/Documents/ActiveProjects/qorc-sdk-tfl/qf_tfl/qf_person_detection/GCC_Project/output/queue.o
                0x0000000000001f88                xQueueGenericSend
 .text.xQueueGenericSendFromISR
                0x0000000000002120       0xf0 /mnt/c/Users/saxe/Documents/ActiveProjects/qorc-sdk-tfl/qf_tfl/qf_person_detection/GCC_Project/output/queue.o
                0x0000000000002120                xQueueGenericSendFromISR
 .text.xQueueGenericSendFromISRDebug
                0x0000000000002210       0x30 /mnt/c/Users/saxe/Documents/ActiveProjects/qorc-sdk-tfl/qf_tfl/qf_person_detection/GCC_Project/output/queue.o
                0x0000000000002210                xQueueGenericSendFromISRDebug
 .text.xQueueGiveFromISR
                0x0000000000002240       0xdc /mnt/c/Users/saxe/Documents/ActiveProjects/qorc-sdk-tfl/qf_tfl/qf_person_detection/GCC_Project/output/queue.o
                0x0000000000002240                xQueueGiveFromISR
 .text.xQueueSemaphoreTake
                0x000000000000231c      0x1b0 /mnt/c/Users/saxe/Documents/ActiveProjects/qorc-sdk-tfl/qf_tfl/qf_person_detection/GCC_Project/output/queue.o
                0x000000000000231c                xQueueSemaphoreTake
 .text.vQueueAddToRegistry
                0x00000000000024cc       0x10 /mnt/c/Users/saxe/Documents/ActiveProjects/qorc-sdk-tfl/qf_tfl/qf_person_detection/GCC_Project/output/queue.o
                0x00000000000024cc                vQueueAddToRegistry
 .text.s3x_clkd_write_div
                0x00000000000024dc       0xa8 /mnt/c/Users/saxe/Documents/ActiveProjects/qorc-sdk-tfl/qf_tfl/qf_person_detection/GCC_Project/output/s3x_clock.o
 .text.s3x_clkd_read_div
                0x0000000000002584       0x44 /mnt/c/Users/saxe/Documents/ActiveProjects/qorc-sdk-tfl/qf_tfl/qf_person_detection/GCC_Project/output/s3x_clock.o
 .text.s3x_clkd_cal_div
                0x00000000000025c8       0x38 /mnt/c/Users/saxe/Documents/ActiveProjects/qorc-sdk-tfl/qf_tfl/qf_person_detection/GCC_Project/output/s3x_clock.o
 .text.S3x_Id_To_Domain
                0x0000000000002600       0x1c /mnt/c/Users/saxe/Documents/ActiveProjects/qorc-sdk-tfl/qf_tfl/qf_person_detection/GCC_Project/output/s3x_clock.o
                0x0000000000002600                S3x_Id_To_Domain
 .text.s3x_clkd_update_div_val
                0x000000000000261c       0x44 /mnt/c/Users/saxe/Documents/ActiveProjects/qorc-sdk-tfl/qf_tfl/qf_person_detection/GCC_Project/output/s3x_clock.o
                0x000000000000261c                s3x_clkd_update_div_val
 .text.s3x_clkd_update_fd_rate
                0x0000000000002660        0xe /mnt/c/Users/saxe/Documents/ActiveProjects/qorc-sdk-tfl/qf_tfl/qf_person_detection/GCC_Project/output/s3x_clock.o
                0x0000000000002660                s3x_clkd_update_fd_rate
 *fill*         0x000000000000266e        0x2 
 .text.s3x_clkd_update_sd_div
                0x0000000000002670       0x54 /mnt/c/Users/saxe/Documents/ActiveProjects/qorc-sdk-tfl/qf_tfl/qf_person_detection/GCC_Project/output/s3x_clock.o
 .text.s3x_clkd_update_all_src_div
                0x00000000000026c4       0xd0 /mnt/c/Users/saxe/Documents/ActiveProjects/qorc-sdk-tfl/qf_tfl/qf_person_detection/GCC_Project/output/s3x_clock.o
                0x00000000000026c4                s3x_clkd_update_all_src_div
 .text.S3x_Clkd_Get_Hsosc_Rate
                0x0000000000002794       0x34 /mnt/c/Users/saxe/Documents/ActiveProjects/qorc-sdk-tfl/qf_tfl/qf_person_detection/GCC_Project/output/s3x_clock.o
                0x0000000000002794                S3x_Clkd_Get_Hsosc_Rate
 .text.S3x_Clkd_Change_Hsosc
                0x00000000000027c8       0x70 /mnt/c/Users/saxe/Documents/ActiveProjects/qorc-sdk-tfl/qf_tfl/qf_person_detection/GCC_Project/output/s3x_clock.o
                0x00000000000027c8                S3x_Clkd_Change_Hsosc
 .text.s3x_clkd_get_src_rate
                0x0000000000002838       0x12 /mnt/c/Users/saxe/Documents/ActiveProjects/qorc-sdk-tfl/qf_tfl/qf_person_detection/GCC_Project/output/s3x_clock.o
                0x0000000000002838                s3x_clkd_get_src_rate
 *fill*         0x000000000000284a        0x2 
 .text.s3x_clkd_get_div
                0x000000000000284c       0x60 /mnt/c/Users/saxe/Documents/ActiveProjects/qorc-sdk-tfl/qf_tfl/qf_person_detection/GCC_Project/output/s3x_clock.o
                0x000000000000284c                s3x_clkd_get_div
 .text.s3x_clkd_srate
                0x00000000000028ac      0x138 /mnt/c/Users/saxe/Documents/ActiveProjects/qorc-sdk-tfl/qf_tfl/qf_person_detection/GCC_Project/output/s3x_clock.o
 .text.s3x_clkd_grate
                0x00000000000029e4       0x68 /mnt/c/Users/saxe/Documents/ActiveProjects/qorc-sdk-tfl/qf_tfl/qf_person_detection/GCC_Project/output/s3x_clock.o
 .text.s3x_clkd_set_src_div_st
                0x0000000000002a4c       0x50 /mnt/c/Users/saxe/Documents/ActiveProjects/qorc-sdk-tfl/qf_tfl/qf_person_detection/GCC_Project/output/s3x_clock.o
 .text.s3x_update_clk_rate
                0x0000000000002a9c       0xb0 /mnt/c/Users/saxe/Documents/ActiveProjects/qorc-sdk-tfl/qf_tfl/qf_person_detection/GCC_Project/output/s3x_clock.o
                0x0000000000002a9c                s3x_update_clk_rate
 .text.s3x_clkd_get_gate_mask_st
                0x0000000000002b4c       0x16 /mnt/c/Users/saxe/Documents/ActiveProjects/qorc-sdk-tfl/qf_tfl/qf_person_detection/GCC_Project/output/s3x_clock.o
                0x0000000000002b4c                s3x_clkd_get_gate_mask_st
 *fill*         0x0000000000002b62        0x2 
 .text.s3x_clkd_set_gate_mask
                0x0000000000002b64       0x50 /mnt/c/Users/saxe/Documents/ActiveProjects/qorc-sdk-tfl/qf_tfl/qf_person_detection/GCC_Project/output/s3x_clock.o
                0x0000000000002b64                s3x_clkd_set_gate_mask
 .text.s3x_clkd_enable_gate
                0x0000000000002bb4       0x68 /mnt/c/Users/saxe/Documents/ActiveProjects/qorc-sdk-tfl/qf_tfl/qf_person_detection/GCC_Project/output/s3x_clock.o
 .text.s3x_clkd_disable_gate
                0x0000000000002c1c       0x54 /mnt/c/Users/saxe/Documents/ActiveProjects/qorc-sdk-tfl/qf_tfl/qf_person_detection/GCC_Project/output/s3x_clock.o
 .text._S3x_Clk_Enable
                0x0000000000002c70       0xb8 /mnt/c/Users/saxe/Documents/ActiveProjects/qorc-sdk-tfl/qf_tfl/qf_person_detection/GCC_Project/output/s3x_clock.o
                0x0000000000002c70                _S3x_Clk_Enable
 .text._S3x_Clk_Disable
                0x0000000000002d28       0xc8 /mnt/c/Users/saxe/Documents/ActiveProjects/qorc-sdk-tfl/qf_tfl/qf_person_detection/GCC_Project/output/s3x_clock.o
                0x0000000000002d28                _S3x_Clk_Disable
 .text._S3x_Clk_Get_Status
                0x0000000000002df0       0x2c /mnt/c/Users/saxe/Documents/ActiveProjects/qorc-sdk-tfl/qf_tfl/qf_person_detection/GCC_Project/output/s3x_clock.o
                0x0000000000002df0                _S3x_Clk_Get_Status
 .text._S3x_Clk_Get_Rate
                0x0000000000002e1c       0x28 /mnt/c/Users/saxe/Documents/ActiveProjects/qorc-sdk-tfl/qf_tfl/qf_person_detection/GCC_Project/output/s3x_clock.o
                0x0000000000002e1c                _S3x_Clk_Get_Rate
 .text.S3x_Clk_Init
                0x0000000000002e44      0x160 /mnt/c/Users/saxe/Documents/ActiveProjects/qorc-sdk-tfl/qf_tfl/qf_person_detection/GCC_Project/output/s3x_clock.o
                0x0000000000002e44                S3x_Clk_Init
 .text.S3x_Clk_Enable
                0x0000000000002fa4        0x4 /mnt/c/Users/saxe/Documents/ActiveProjects/qorc-sdk-tfl/qf_tfl/qf_person_detection/GCC_Project/output/s3x_clock_hal.o
                0x0000000000002fa4                S3x_Clk_Enable
 .text.S3x_Clk_Disable
                0x0000000000002fa8        0x4 /mnt/c/Users/saxe/Documents/ActiveProjects/qorc-sdk-tfl/qf_tfl/qf_person_detection/GCC_Project/output/s3x_clock_hal.o
                0x0000000000002fa8                S3x_Clk_Disable
 .text.S3x_Clk_Get_Rate
                0x0000000000002fac        0x4 /mnt/c/Users/saxe/Documents/ActiveProjects/qorc-sdk-tfl/qf_tfl/qf_person_detection/GCC_Project/output/s3x_clock_hal.o
                0x0000000000002fac                S3x_Clk_Get_Rate
 .text.DFS_cpuload
                0x0000000000002fb0       0x64 /mnt/c/Users/saxe/Documents/ActiveProjects/qorc-sdk-tfl/qf_tfl/qf_person_detection/GCC_Project/output/s3x_cpuload.o
                0x0000000000002fb0                DFS_cpuload
 .text.DFS_resetsleepticks
                0x0000000000003014        0xc /mnt/c/Users/saxe/Documents/ActiveProjects/qorc-sdk-tfl/qf_tfl/qf_person_detection/GCC_Project/output/s3x_cpuload.o
                0x0000000000003014                DFS_resetsleepticks
 .text.DFS_UpdateTimer
                0x0000000000003020       0x5c /mnt/c/Users/saxe/Documents/ActiveProjects/qorc-sdk-tfl/qf_tfl/qf_person_detection/GCC_Project/output/s3x_dfs.o
 .text.DFS_StartTimer
                0x000000000000307c       0x88 /mnt/c/Users/saxe/Documents/ActiveProjects/qorc-sdk-tfl/qf_tfl/qf_person_detection/GCC_Project/output/s3x_dfs.o
                0x000000000000307c                DFS_StartTimer
 .text.S3x_Set_Policy
                0x0000000000003104      0x108 /mnt/c/Users/saxe/Documents/ActiveProjects/qorc-sdk-tfl/qf_tfl/qf_person_detection/GCC_Project/output/s3x_dfs.o
                0x0000000000003104                S3x_Set_Policy
 .text.S3x_get_max_rate_dfs_node
                0x000000000000320c       0x28 /mnt/c/Users/saxe/Documents/ActiveProjects/qorc-sdk-tfl/qf_tfl/qf_person_detection/GCC_Project/output/s3x_dfs.o
                0x000000000000320c                S3x_get_max_rate_dfs_node
 .text.S3x_Stepup_Policy
                0x0000000000003234       0x80 /mnt/c/Users/saxe/Documents/ActiveProjects/qorc-sdk-tfl/qf_tfl/qf_person_detection/GCC_Project/output/s3x_dfs.o
 .text.DFS_TimerCB
                0x00000000000032b4        0xe /mnt/c/Users/saxe/Documents/ActiveProjects/qorc-sdk-tfl/qf_tfl/qf_person_detection/GCC_Project/output/s3x_dfs.o
 *fill*         0x00000000000032c2        0x2 
 .text.DFS_Get_Curr_Policy
                0x00000000000032c4        0xc /mnt/c/Users/saxe/Documents/ActiveProjects/qorc-sdk-tfl/qf_tfl/qf_person_detection/GCC_Project/output/s3x_dfs.o
                0x00000000000032c4                DFS_Get_Curr_Policy
 .text.DFS_Initialize
                0x00000000000032d0       0x14 /mnt/c/Users/saxe/Documents/ActiveProjects/qorc-sdk-tfl/qf_tfl/qf_person_detection/GCC_Project/output/s3x_dfs.o
                0x00000000000032d0                DFS_Initialize
 .text.S3x_Register_Lpm_Cb
                0x00000000000032e4       0x3c /mnt/c/Users/saxe/Documents/ActiveProjects/qorc-sdk-tfl/qf_tfl/qf_person_detection/GCC_Project/output/s3x_lpm.o
                0x00000000000032e4                S3x_Register_Lpm_Cb
 .text.s3x_setup_systick_interrupt
                0x0000000000003320       0x54 /mnt/c/Users/saxe/Documents/ActiveProjects/qorc-sdk-tfl/qf_tfl/qf_person_detection/GCC_Project/output/s3x_lpm.o
                0x0000000000003320                s3x_setup_systick_interrupt
 .text.SysTick_Handler
                0x0000000000003374       0x12 /mnt/c/Users/saxe/Documents/ActiveProjects/qorc-sdk-tfl/qf_tfl/qf_person_detection/GCC_Project/output/s3x_lpm.o
                0x0000000000003374                SysTick_Handler
 *fill*         0x0000000000003386        0x2 
 .text.s3x_get_pi
                0x0000000000003388       0x20 /mnt/c/Users/saxe/Documents/ActiveProjects/qorc-sdk-tfl/qf_tfl/qf_person_detection/GCC_Project/output/s3x_pi.o
                0x0000000000003388                s3x_get_pi
 .text.s3x_get_pi_gindex
                0x00000000000033a8       0x14 /mnt/c/Users/saxe/Documents/ActiveProjects/qorc-sdk-tfl/qf_tfl/qf_person_detection/GCC_Project/output/s3x_pi.o
                0x00000000000033a8                s3x_get_pi_gindex
 .text.s3x_pi_get_st
                0x00000000000033bc       0x26 /mnt/c/Users/saxe/Documents/ActiveProjects/qorc-sdk-tfl/qf_tfl/qf_person_detection/GCC_Project/output/s3x_pi.o
                0x00000000000033bc                s3x_pi_get_st
 *fill*         0x00000000000033e2        0x2 
 .text.s3x_pi_set_cfg_st
                0x00000000000033e4       0x94 /mnt/c/Users/saxe/Documents/ActiveProjects/qorc-sdk-tfl/qf_tfl/qf_person_detection/GCC_Project/output/s3x_pi.o
                0x00000000000033e4                s3x_pi_set_cfg_st
 .text.s3x_pi_set_active_st
                0x0000000000003478       0xa0 /mnt/c/Users/saxe/Documents/ActiveProjects/qorc-sdk-tfl/qf_tfl/qf_person_detection/GCC_Project/output/s3x_pi.o
                0x0000000000003478                s3x_pi_set_active_st
 .text.s3x_pi_get_clkg_st
                0x0000000000003518       0x36 /mnt/c/Users/saxe/Documents/ActiveProjects/qorc-sdk-tfl/qf_tfl/qf_person_detection/GCC_Project/output/s3x_pi.o
                0x0000000000003518                s3x_pi_get_clkg_st
 .text.s3x_pi_set_clkg_st
                0x000000000000354e       0x26 /mnt/c/Users/saxe/Documents/ActiveProjects/qorc-sdk-tfl/qf_tfl/qf_person_detection/GCC_Project/output/s3x_pi.o
                0x000000000000354e                s3x_pi_set_clkg_st
 .text.s3x_set_pi_state
                0x0000000000003574        0xc /mnt/c/Users/saxe/Documents/ActiveProjects/qorc-sdk-tfl/qf_tfl/qf_person_detection/GCC_Project/output/s3x_pi.o
                0x0000000000003574                s3x_set_pi_state
 .text.s3x_get_pi_init_state
                0x0000000000003580       0x18 /mnt/c/Users/saxe/Documents/ActiveProjects/qorc-sdk-tfl/qf_tfl/qf_person_detection/GCC_Project/output/s3x_pi.o
                0x0000000000003580                s3x_get_pi_init_state
 .text.S3x_pi_init
                0x0000000000003598       0x20 /mnt/c/Users/saxe/Documents/ActiveProjects/qorc-sdk-tfl/qf_tfl/qf_person_detection/GCC_Project/output/s3x_pi.o
                0x0000000000003598                S3x_pi_init
 .text.S3x_pwrcfg_init
                0x00000000000035b8       0x2c /mnt/c/Users/saxe/Documents/ActiveProjects/qorc-sdk-tfl/qf_tfl/qf_person_detection/GCC_Project/output/s3x_pwrcfg.o
                0x00000000000035b8                S3x_pwrcfg_init
 .text.S3x_get_qos_rate
                0x00000000000035e4       0x38 /mnt/c/Users/saxe/Documents/ActiveProjects/qorc-sdk-tfl/qf_tfl/qf_person_detection/GCC_Project/output/s3x_qos.o
                0x00000000000035e4                S3x_get_qos_rate
 .text.save_assert_info
                0x000000000000361c       0x74 /mnt/c/Users/saxe/Documents/ActiveProjects/qorc-sdk-tfl/qf_tfl/qf_person_detection/GCC_Project/output/sec_debug.o
                0x000000000000361c                save_assert_info
 .text.invoke_soft_fault
                0x0000000000003690       0x20 /mnt/c/Users/saxe/Documents/ActiveProjects/qorc-sdk-tfl/qf_tfl/qf_person_detection/GCC_Project/output/sec_debug.o
                0x0000000000003690                invoke_soft_fault
 .text.Reset_Handler
                0x00000000000036b0       0x2c /mnt/c/Users/saxe/Documents/ActiveProjects/qorc-sdk-tfl/qf_tfl/qf_person_detection/GCC_Project/output/startup_EOSS3B_GCC.o
                0x00000000000036b0                Reset_Handler
 .text.__semihost_call
                0x00000000000036dc        0x6 /mnt/c/Users/saxe/Documents/ActiveProjects/qorc-sdk-tfl/qf_tfl/qf_person_detection/GCC_Project/output/startup_EOSS3B_GCC.o
                0x00000000000036dc                __semihost_call
 *fill*         0x00000000000036e2        0x2 
 .text.prvResetNextTaskUnblockTime
                0x00000000000036e4       0x24 /mnt/c/Users/saxe/Documents/ActiveProjects/qorc-sdk-tfl/qf_tfl/qf_person_detection/GCC_Project/output/tasks.o
 .text.prvAddCurrentTaskToDelayedList
                0x0000000000003708       0x8c /mnt/c/Users/saxe/Documents/ActiveProjects/qorc-sdk-tfl/qf_tfl/qf_person_detection/GCC_Project/output/tasks.o
 .text.vTaskSuspendAll
                0x0000000000003794       0x10 /mnt/c/Users/saxe/Documents/ActiveProjects/qorc-sdk-tfl/qf_tfl/qf_person_detection/GCC_Project/output/tasks.o
                0x0000000000003794                vTaskSuspendAll
 .text.xTaskGetTickCount
                0x00000000000037a4        0xc /mnt/c/Users/saxe/Documents/ActiveProjects/qorc-sdk-tfl/qf_tfl/qf_person_detection/GCC_Project/output/tasks.o
                0x00000000000037a4                xTaskGetTickCount
 .text.xTaskIncrementTick
                0x00000000000037b0      0x144 /mnt/c/Users/saxe/Documents/ActiveProjects/qorc-sdk-tfl/qf_tfl/qf_person_detection/GCC_Project/output/tasks.o
                0x00000000000037b0                xTaskIncrementTick
 .text.xTaskResumeAll
                0x00000000000038f4       0xfc /mnt/c/Users/saxe/Documents/ActiveProjects/qorc-sdk-tfl/qf_tfl/qf_person_detection/GCC_Project/output/tasks.o
                0x00000000000038f4                xTaskResumeAll
 .text.vTaskSwitchContext
                0x00000000000039f0       0xb8 /mnt/c/Users/saxe/Documents/ActiveProjects/qorc-sdk-tfl/qf_tfl/qf_person_detection/GCC_Project/output/tasks.o
                0x00000000000039f0                vTaskSwitchContext
 .text.vTaskPlaceOnEventList
                0x0000000000003aa8       0x48 /mnt/c/Users/saxe/Documents/ActiveProjects/qorc-sdk-tfl/qf_tfl/qf_person_detection/GCC_Project/output/tasks.o
                0x0000000000003aa8                vTaskPlaceOnEventList
 .text.xTaskRemoveFromEventList
                0x0000000000003af0       0x98 /mnt/c/Users/saxe/Documents/ActiveProjects/qorc-sdk-tfl/qf_tfl/qf_person_detection/GCC_Project/output/tasks.o
                0x0000000000003af0                xTaskRemoveFromEventList
 .text.vTaskInternalSetTimeOutState
                0x0000000000003b88       0x18 /mnt/c/Users/saxe/Documents/ActiveProjects/qorc-sdk-tfl/qf_tfl/qf_person_detection/GCC_Project/output/tasks.o
                0x0000000000003b88                vTaskInternalSetTimeOutState
 .text.xTaskCheckForTimeOut
                0x0000000000003ba0       0x94 /mnt/c/Users/saxe/Documents/ActiveProjects/qorc-sdk-tfl/qf_tfl/qf_person_detection/GCC_Project/output/tasks.o
                0x0000000000003ba0                xTaskCheckForTimeOut
 .text.vTaskMissedYield
                0x0000000000003c34        0xc /mnt/c/Users/saxe/Documents/ActiveProjects/qorc-sdk-tfl/qf_tfl/qf_person_detection/GCC_Project/output/tasks.o
                0x0000000000003c34                vTaskMissedYield
 .text.uxTaskGetTCBNumber
                0x0000000000003c40       0x14 /mnt/c/Users/saxe/Documents/ActiveProjects/qorc-sdk-tfl/qf_tfl/qf_person_detection/GCC_Project/output/tasks.o
                0x0000000000003c40                uxTaskGetTCBNumber
 .text.xTaskGetCurrentTaskHandle
                0x0000000000003c54        0xc /mnt/c/Users/saxe/Documents/ActiveProjects/qorc-sdk-tfl/qf_tfl/qf_person_detection/GCC_Project/output/tasks.o
                0x0000000000003c54                xTaskGetCurrentTaskHandle
 .text.xTaskGetSchedulerState
                0x0000000000003c60       0x20 /mnt/c/Users/saxe/Documents/ActiveProjects/qorc-sdk-tfl/qf_tfl/qf_person_detection/GCC_Project/output/tasks.o
                0x0000000000003c60                xTaskGetSchedulerState
 .text.xTaskPriorityInherit
                0x0000000000003c80       0xa4 /mnt/c/Users/saxe/Documents/ActiveProjects/qorc-sdk-tfl/qf_tfl/qf_person_detection/GCC_Project/output/tasks.o
                0x0000000000003c80                xTaskPriorityInherit
 .text.xTaskPriorityDisinherit
                0x0000000000003d24       0xc0 /mnt/c/Users/saxe/Documents/ActiveProjects/qorc-sdk-tfl/qf_tfl/qf_person_detection/GCC_Project/output/tasks.o
                0x0000000000003d24                xTaskPriorityDisinherit
 .text.vTaskPriorityDisinheritAfterTimeout
                0x0000000000003de4       0xd0 /mnt/c/Users/saxe/Documents/ActiveProjects/qorc-sdk-tfl/qf_tfl/qf_person_detection/GCC_Project/output/tasks.o
                0x0000000000003de4                vTaskPriorityDisinheritAfterTimeout
 .text.pvTaskIncrementMutexHeldCount
                0x0000000000003eb4       0x18 /mnt/c/Users/saxe/Documents/ActiveProjects/qorc-sdk-tfl/qf_tfl/qf_person_detection/GCC_Project/output/tasks.o
                0x0000000000003eb4                pvTaskIncrementMutexHeldCount
 .text.prvCheckForValidListAndQueue
                0x0000000000003ecc       0x58 /mnt/c/Users/saxe/Documents/ActiveProjects/qorc-sdk-tfl/qf_tfl/qf_person_detection/GCC_Project/output/timers.o
 .text.xTimerCreate
                0x0000000000003f24       0x58 /mnt/c/Users/saxe/Documents/ActiveProjects/qorc-sdk-tfl/qf_tfl/qf_person_detection/GCC_Project/output/timers.o
                0x0000000000003f24                xTimerCreate
 .text.xTimerGenericCommand
                0x0000000000003f7c       0x70 /mnt/c/Users/saxe/Documents/ActiveProjects/qorc-sdk-tfl/qf_tfl/qf_person_detection/GCC_Project/output/timers.o
                0x0000000000003f7c                xTimerGenericCommand
 .text._ZN6tflite18MicroErrorReporter6ReportEPKcSt9__va_list
                0x0000000000003fec       0x2c /mnt/c/Users/saxe/Documents/ActiveProjects/qorc-sdk-tfl/qf_tfl/qf_person_detection/GCC_Project/../../../tensorflow/tensorflow/lite/micro/tools/make/gen/quicklogic-eos-s3_cortex-m4/lib/libtensorflow-microlite.a(micro_error_reporter.o)
                0x0000000000003fec                tflite::MicroErrorReporter::Report(char const*, std::__va_list)
 .text._ZN6tflite8internal13ContextHelper24AllocatePersistentBufferEP13TfLiteContextjPPv
                0x0000000000004018        0x8 /mnt/c/Users/saxe/Documents/ActiveProjects/qorc-sdk-tfl/qf_tfl/qf_person_detection/GCC_Project/../../../tensorflow/tensorflow/lite/micro/tools/make/gen/quicklogic-eos-s3_cortex-m4/lib/libtensorflow-microlite.a(micro_interpreter.o)
                0x0000000000004018                tflite::internal::ContextHelper::AllocatePersistentBuffer(TfLiteContext*, unsigned int, void**)
 .text._ZN6tflite8internal13ContextHelper27RequestScratchBufferInArenaEP13TfLiteContextjPi
                0x0000000000004020        0xe /mnt/c/Users/saxe/Documents/ActiveProjects/qorc-sdk-tfl/qf_tfl/qf_person_detection/GCC_Project/../../../tensorflow/tensorflow/lite/micro/tools/make/gen/quicklogic-eos-s3_cortex-m4/lib/libtensorflow-microlite.a(micro_interpreter.o)
                0x0000000000004020                tflite::internal::ContextHelper::RequestScratchBufferInArena(TfLiteContext*, unsigned int, int*)
 .text._ZN6tflite8internal13ContextHelper16GetScratchBufferEP13TfLiteContexti
                0x000000000000402e        0x8 /mnt/c/Users/saxe/Documents/ActiveProjects/qorc-sdk-tfl/qf_tfl/qf_person_detection/GCC_Project/../../../tensorflow/tensorflow/lite/micro/tools/make/gen/quicklogic-eos-s3_cortex-m4/lib/libtensorflow-microlite.a(micro_interpreter.o)
                0x000000000000402e                tflite::internal::ContextHelper::GetScratchBuffer(TfLiteContext*, int)
 .text._ZN6tflite8internal13ContextHelper13ReportOpErrorEP13TfLiteContextPKcz
                0x0000000000004036       0x20 /mnt/c/Users/saxe/Documents/ActiveProjects/qorc-sdk-tfl/qf_tfl/qf_person_detection/GCC_Project/../../../tensorflow/tensorflow/lite/micro/tools/make/gen/quicklogic-eos-s3_cortex-m4/lib/libtensorflow-microlite.a(micro_interpreter.o)
                0x0000000000004036                tflite::internal::ContextHelper::ReportOpError(TfLiteContext*, char const*, ...)
 .text._ZNK11flatbuffers5Table22GetOptionalFieldOffsetEt
                0x0000000000004056       0x10 /mnt/c/Users/saxe/Documents/ActiveProjects/qorc-sdk-tfl/qf_tfl/qf_person_detection/GCC_Project/../../../tensorflow/tensorflow/lite/micro/tools/make/gen/quicklogic-eos-s3_cortex-m4/lib/libtensorflow-microlite.a(micro_interpreter.o)
                0x0000000000004056                flatbuffers::Table::GetOptionalFieldOffset(unsigned short) const
 *fill*         0x0000000000004066        0x2 
 .text._ZN6tflite16MicroInterpreter4InitEPNS_8ProfilerE
                0x0000000000004068       0x50 /mnt/c/Users/saxe/Documents/ActiveProjects/qorc-sdk-tfl/qf_tfl/qf_person_detection/GCC_Project/../../../tensorflow/tensorflow/lite/micro/tools/make/gen/quicklogic-eos-s3_cortex-m4/lib/libtensorflow-microlite.a(micro_interpreter.o)
                0x0000000000004068                tflite::MicroInterpreter::Init(tflite::Profiler*)
 .text._ZN6tflite16MicroInterpreterC2EPKNS_5ModelERKNS_15MicroOpResolverEPhjPNS_13ErrorReporterEPNS_8ProfilerE
                0x00000000000040b8       0x4a /mnt/c/Users/saxe/Documents/ActiveProjects/qorc-sdk-tfl/qf_tfl/qf_person_detection/GCC_Project/../../../tensorflow/tensorflow/lite/micro/tools/make/gen/quicklogic-eos-s3_cortex-m4/lib/libtensorflow-microlite.a(micro_interpreter.o)
                0x00000000000040b8                tflite::MicroInterpreter::MicroInterpreter(tflite::Model const*, tflite::MicroOpResolver const&, unsigned char*, unsigned int, tflite::ErrorReporter*, tflite::Profiler*)
                0x00000000000040b8                tflite::MicroInterpreter::MicroInterpreter(tflite::Model const*, tflite::MicroOpResolver const&, unsigned char*, unsigned int, tflite::ErrorReporter*, tflite::Profiler*)
 .text._ZN11flatbuffers5Table10GetPointerIPKNS_6VectorIlEEEET_t
                0x0000000000004102       0x12 /mnt/c/Users/saxe/Documents/ActiveProjects/qorc-sdk-tfl/qf_tfl/qf_person_detection/GCC_Project/../../../tensorflow/tensorflow/lite/micro/tools/make/gen/quicklogic-eos-s3_cortex-m4/lib/libtensorflow-microlite.a(micro_interpreter.o)
                0x0000000000004102                flatbuffers::Vector<long> const* flatbuffers::Table::GetPointer<flatbuffers::Vector<long> const*>(unsigned short)
 .text._ZN6tflite16MicroInterpreter5inputEj
                0x0000000000004114       0x34 /mnt/c/Users/saxe/Documents/ActiveProjects/qorc-sdk-tfl/qf_tfl/qf_person_detection/GCC_Project/../../../tensorflow/tensorflow/lite/micro/tools/make/gen/quicklogic-eos-s3_cortex-m4/lib/libtensorflow-microlite.a(micro_interpreter.o)
                0x0000000000004114                tflite::MicroInterpreter::input(unsigned int)
 .text._ZN6tflite16MicroInterpreter6outputEj
                0x0000000000004148       0x34 /mnt/c/Users/saxe/Documents/ActiveProjects/qorc-sdk-tfl/qf_tfl/qf_person_detection/GCC_Project/../../../tensorflow/tensorflow/lite/micro/tools/make/gen/quicklogic-eos-s3_cortex-m4/lib/libtensorflow-microlite.a(micro_interpreter.o)
                0x0000000000004148                tflite::MicroInterpreter::output(unsigned int)
 .text._ZN11flatbuffers5Table10GetPointerIPKNS_6VectorINS_6OffsetIN6tflite8OperatorEEEEEEET_t
                0x000000000000417c       0x12 /mnt/c/Users/saxe/Documents/ActiveProjects/qorc-sdk-tfl/qf_tfl/qf_person_detection/GCC_Project/../../../tensorflow/tensorflow/lite/micro/tools/make/gen/quicklogic-eos-s3_cortex-m4/lib/libtensorflow-microlite.a(micro_interpreter.o)
                0x000000000000417c                flatbuffers::Vector<flatbuffers::Offset<tflite::Operator> > const* flatbuffers::Table::GetPointer<flatbuffers::Vector<flatbuffers::Offset<tflite::Operator> > const*>(unsigned short)
 .text._ZN6tflite16MicroInterpreterD2Ev
                0x000000000000418e       0x3a /mnt/c/Users/saxe/Documents/ActiveProjects/qorc-sdk-tfl/qf_tfl/qf_person_detection/GCC_Project/../../../tensorflow/tensorflow/lite/micro/tools/make/gen/quicklogic-eos-s3_cortex-m4/lib/libtensorflow-microlite.a(micro_interpreter.o)
                0x000000000000418e                tflite::MicroInterpreter::~MicroInterpreter()
                0x000000000000418e                tflite::MicroInterpreter::~MicroInterpreter()
 .text._ZN6tflite16MicroInterpreter15AllocateTensorsEv
                0x00000000000041c8      0x114 /mnt/c/Users/saxe/Documents/ActiveProjects/qorc-sdk-tfl/qf_tfl/qf_person_detection/GCC_Project/../../../tensorflow/tensorflow/lite/micro/tools/make/gen/quicklogic-eos-s3_cortex-m4/lib/libtensorflow-microlite.a(micro_interpreter.o)
                0x00000000000041c8                tflite::MicroInterpreter::AllocateTensors()
 .text._ZN6tflite16MicroInterpreter6InvokeEv
                0x00000000000042dc       0x9c /mnt/c/Users/saxe/Documents/ActiveProjects/qorc-sdk-tfl/qf_tfl/qf_person_detection/GCC_Project/../../../tensorflow/tensorflow/lite/micro/tools/make/gen/quicklogic-eos-s3_cortex-m4/lib/libtensorflow-microlite.a(micro_interpreter.o)
                0x00000000000042dc                tflite::MicroInterpreter::Invoke()
 .text._ZN12_GLOBAL__N_19StrCatStrEPciPKc
                0x0000000000004378       0x2c /mnt/c/Users/saxe/Documents/ActiveProjects/qorc-sdk-tfl/qf_tfl/qf_person_detection/GCC_Project/../../../tensorflow/tensorflow/lite/micro/tools/make/gen/quicklogic-eos-s3_cortex-m4/lib/libtensorflow-microlite.a(micro_string.o)
 .text._ZN12_GLOBAL__N_122FastUInt32ToBufferLeftEmPci
                0x00000000000043a4       0x3e /mnt/c/Users/saxe/Documents/ActiveProjects/qorc-sdk-tfl/qf_tfl/qf_person_detection/GCC_Project/../../../tensorflow/tensorflow/lite/micro/tools/make/gen/quicklogic-eos-s3_cortex-m4/lib/libtensorflow-microlite.a(micro_string.o)
 *fill*         0x00000000000043e2        0x2 
 .text.MicroVsnprintf
                0x00000000000043e4      0x27c /mnt/c/Users/saxe/Documents/ActiveProjects/qorc-sdk-tfl/qf_tfl/qf_person_detection/GCC_Project/../../../tensorflow/tensorflow/lite/micro/tools/make/gen/quicklogic-eos-s3_cortex-m4/lib/libtensorflow-microlite.a(micro_string.o)
                0x00000000000043e4                MicroVsnprintf
 .text._ZN6tflite3ops5micro4conv4InitEP13TfLiteContextPKcj
                0x0000000000004660       0x1c /mnt/c/Users/saxe/Documents/ActiveProjects/qorc-sdk-tfl/qf_tfl/qf_person_detection/GCC_Project/../../../tensorflow/tensorflow/lite/micro/tools/make/gen/quicklogic-eos-s3_cortex-m4/lib/libtensorflow-microlite.a(conv.o)
                0x0000000000004660                tflite::ops::micro::conv::Init(TfLiteContext*, char const*, unsigned int)
 .text._ZN6tflite12RuntimeShapeD2Ev
                0x000000000000467c       0x18 /mnt/c/Users/saxe/Documents/ActiveProjects/qorc-sdk-tfl/qf_tfl/qf_person_detection/GCC_Project/../../../tensorflow/tensorflow/lite/micro/tools/make/gen/quicklogic-eos-s3_cortex-m4/lib/libtensorflow-microlite.a(conv.o)
                0x000000000000467c                tflite::RuntimeShape::~RuntimeShape()
                0x000000000000467c                tflite::RuntimeShape::~RuntimeShape()
 .text._ZNK6tflite12RuntimeShape4DimsEi
                0x0000000000004694       0x14 /mnt/c/Users/saxe/Documents/ActiveProjects/qorc-sdk-tfl/qf_tfl/qf_person_detection/GCC_Project/../../../tensorflow/tensorflow/lite/micro/tools/make/gen/quicklogic-eos-s3_cortex-m4/lib/libtensorflow-microlite.a(conv.o)
                0x0000000000004694                tflite::RuntimeShape::Dims(int) const
 .text._ZN6tflite29MultiplyByQuantizedMultiplierElli
                0x00000000000046a8       0x88 /mnt/c/Users/saxe/Documents/ActiveProjects/qorc-sdk-tfl/qf_tfl/qf_person_detection/GCC_Project/../../../tensorflow/tensorflow/lite/micro/tools/make/gen/quicklogic-eos-s3_cortex-m4/lib/libtensorflow-microlite.a(conv.o)
                0x00000000000046a8                tflite::MultiplyByQuantizedMultiplier(long, long, int)
 .text._ZN6tflite13reference_ops4ConvERKNS_10ConvParamsERKNS_12RuntimeShapeEPKfS6_S8_S6_S8_S6_PfS6_S9_
                0x0000000000004730      0x1f0 /mnt/c/Users/saxe/Documents/ActiveProjects/qorc-sdk-tfl/qf_tfl/qf_person_detection/GCC_Project/../../../tensorflow/tensorflow/lite/micro/tools/make/gen/quicklogic-eos-s3_cortex-m4/lib/libtensorflow-microlite.a(conv.o)
                0x0000000000004730                tflite::reference_ops::Conv(tflite::ConvParams const&, tflite::RuntimeShape const&, float const*, tflite::RuntimeShape const&, float const*, tflite::RuntimeShape const&, float const*, tflite::RuntimeShape const&, float*, tflite::RuntimeShape const&, float*)
 .text._ZN6tflite13reference_ops4ConvERKNS_10ConvParamsERKNS_12RuntimeShapeEPKhS6_S8_S6_PKlS6_PhS6_SB_Pv
                0x0000000000004920      0x1ea /mnt/c/Users/saxe/Documents/ActiveProjects/qorc-sdk-tfl/qf_tfl/qf_person_detection/GCC_Project/../../../tensorflow/tensorflow/lite/micro/tools/make/gen/quicklogic-eos-s3_cortex-m4/lib/libtensorflow-microlite.a(conv.o)
                0x0000000000004920                tflite::reference_ops::Conv(tflite::ConvParams const&, tflite::RuntimeShape const&, unsigned char const*, tflite::RuntimeShape const&, unsigned char const*, tflite::RuntimeShape const&, long const*, tflite::RuntimeShape const&, unsigned char*, tflite::RuntimeShape const&, unsigned char*, void*)
 .text._ZN6tflite21reference_integer_ops14ConvPerChannelERKNS_10ConvParamsEPKlS5_RKNS_12RuntimeShapeEPKaS8_SA_S8_S5_S8_Pa
                0x0000000000004b0a      0x1e4 /mnt/c/Users/saxe/Documents/ActiveProjects/qorc-sdk-tfl/qf_tfl/qf_person_detection/GCC_Project/../../../tensorflow/tensorflow/lite/micro/tools/make/gen/quicklogic-eos-s3_cortex-m4/lib/libtensorflow-microlite.a(conv.o)
                0x0000000000004b0a                tflite::reference_integer_ops::ConvPerChannel(tflite::ConvParams const&, long const*, long const*, tflite::RuntimeShape const&, signed char const*, tflite::RuntimeShape const&, signed char const*, tflite::RuntimeShape const&, long const*, tflite::RuntimeShape const&, signed char*)
 *fill*         0x0000000000004cee        0x2 
 .text._ZN6tflite14GetTensorShapeEPK12TfLiteTensor
                0x0000000000004cf0       0x30 /mnt/c/Users/saxe/Documents/ActiveProjects/qorc-sdk-tfl/qf_tfl/qf_person_detection/GCC_Project/../../../tensorflow/tensorflow/lite/micro/tools/make/gen/quicklogic-eos-s3_cortex-m4/lib/libtensorflow-microlite.a(conv.o)
                0x0000000000004cf0                tflite::GetTensorShape(TfLiteTensor const*)
 .text._ZN6tflite14ComputeOutSizeE13TfLitePaddingiiii
                0x0000000000004d20       0x24 /mnt/c/Users/saxe/Documents/ActiveProjects/qorc-sdk-tfl/qf_tfl/qf_person_detection/GCC_Project/../../../tensorflow/tensorflow/lite/micro/tools/make/gen/quicklogic-eos-s3_cortex-m4/lib/libtensorflow-microlite.a(conv.o)
                0x0000000000004d20                tflite::ComputeOutSize(TfLitePadding, int, int, int, int)
 .text._ZN6tflite3ops5micro4conv15CalculateOpDataEP13TfLiteContextP10TfLiteNodePK16TfLiteConvParamsiiiiii10TfLiteTypePNS2_6OpDataE
                0x0000000000004d44      0x154 /mnt/c/Users/saxe/Documents/ActiveProjects/qorc-sdk-tfl/qf_tfl/qf_person_detection/GCC_Project/../../../tensorflow/tensorflow/lite/micro/tools/make/gen/quicklogic-eos-s3_cortex-m4/lib/libtensorflow-microlite.a(conv.o)
                0x0000000000004d44                tflite::ops::micro::conv::CalculateOpData(TfLiteContext*, TfLiteNode*, TfLiteConvParams const*, int, int, int, int, int, int, TfLiteType, tflite::ops::micro::conv::OpData*)
 .text._ZN6tflite3ops5micro4conv7PrepareEP13TfLiteContextP10TfLiteNode
                0x0000000000004e98      0x15c /mnt/c/Users/saxe/Documents/ActiveProjects/qorc-sdk-tfl/qf_tfl/qf_person_detection/GCC_Project/../../../tensorflow/tensorflow/lite/micro/tools/make/gen/quicklogic-eos-s3_cortex-m4/lib/libtensorflow-microlite.a(conv.o)
                0x0000000000004e98                tflite::ops::micro::conv::Prepare(TfLiteContext*, TfLiteNode*)
 .text._ZN6tflite3ops5micro4conv13EvalQuantizedEP13TfLiteContextP10TfLiteNodeP16TfLiteConvParamsRKNS2_6OpDataEPK12TfLiteTensorSE_SE_PSC_SF_SF_
                0x0000000000004ff4      0x112 /mnt/c/Users/saxe/Documents/ActiveProjects/qorc-sdk-tfl/qf_tfl/qf_person_detection/GCC_Project/../../../tensorflow/tensorflow/lite/micro/tools/make/gen/quicklogic-eos-s3_cortex-m4/lib/libtensorflow-microlite.a(conv.o)
                0x0000000000004ff4                tflite::ops::micro::conv::EvalQuantized(TfLiteContext*, TfLiteNode*, TfLiteConvParams*, tflite::ops::micro::conv::OpData const&, TfLiteTensor const*, TfLiteTensor const*, TfLiteTensor const*, TfLiteTensor*, TfLiteTensor*, TfLiteTensor*)
 .text._ZN6tflite3ops5micro4conv23EvalQuantizedPerChannelEP13TfLiteContextP10TfLiteNodeP16TfLiteConvParamsRKNS2_6OpDataEPK12TfLiteTensorSE_SE_PSC_SF_
                0x0000000000005106       0xc8 /mnt/c/Users/saxe/Documents/ActiveProjects/qorc-sdk-tfl/qf_tfl/qf_person_detection/GCC_Project/../../../tensorflow/tensorflow/lite/micro/tools/make/gen/quicklogic-eos-s3_cortex-m4/lib/libtensorflow-microlite.a(conv.o)
                0x0000000000005106                tflite::ops::micro::conv::EvalQuantizedPerChannel(TfLiteContext*, TfLiteNode*, TfLiteConvParams*, tflite::ops::micro::conv::OpData const&, TfLiteTensor const*, TfLiteTensor const*, TfLiteTensor const*, TfLiteTensor*, TfLiteTensor*)
 *fill*         0x00000000000051ce        0x2 
 .text._ZN6tflite3ops5micro4conv9EvalFloatEP13TfLiteContextP10TfLiteNodeP16TfLiteConvParamsRKNS2_6OpDataEPK12TfLiteTensorSE_SE_PSC_SF_SF_
                0x00000000000051d0      0x124 /mnt/c/Users/saxe/Documents/ActiveProjects/qorc-sdk-tfl/qf_tfl/qf_person_detection/GCC_Project/../../../tensorflow/tensorflow/lite/micro/tools/make/gen/quicklogic-eos-s3_cortex-m4/lib/libtensorflow-microlite.a(conv.o)
                0x00000000000051d0                tflite::ops::micro::conv::EvalFloat(TfLiteContext*, TfLiteNode*, TfLiteConvParams*, tflite::ops::micro::conv::OpData const&, TfLiteTensor const*, TfLiteTensor const*, TfLiteTensor const*, TfLiteTensor*, TfLiteTensor*, TfLiteTensor*)
 .text._ZN6tflite3ops5micro4conv4EvalEP13TfLiteContextP10TfLiteNode
                0x00000000000052f4       0xa8 /mnt/c/Users/saxe/Documents/ActiveProjects/qorc-sdk-tfl/qf_tfl/qf_person_detection/GCC_Project/../../../tensorflow/tensorflow/lite/micro/tools/make/gen/quicklogic-eos-s3_cortex-m4/lib/libtensorflow-microlite.a(conv.o)
                0x00000000000052f4                tflite::ops::micro::conv::Eval(TfLiteContext*, TfLiteNode*)
 .text._ZN6tflite3ops5micro16Register_CONV_2DEv
                0x000000000000539c        0x8 /mnt/c/Users/saxe/Documents/ActiveProjects/qorc-sdk-tfl/qf_tfl/qf_person_detection/GCC_Project/../../../tensorflow/tensorflow/lite/micro/tools/make/gen/quicklogic-eos-s3_cortex-m4/lib/libtensorflow-microlite.a(conv.o)
                0x000000000000539c                tflite::ops::micro::Register_CONV_2D()
 .text._ZN6tflite3ops5micro14depthwise_conv4InitEP13TfLiteContextPKcj
                0x00000000000053a4       0x1c /mnt/c/Users/saxe/Documents/ActiveProjects/qorc-sdk-tfl/qf_tfl/qf_person_detection/GCC_Project/../../../tensorflow/tensorflow/lite/micro/tools/make/gen/quicklogic-eos-s3_cortex-m4/lib/libtensorflow-microlite.a(depthwise_conv.o)
                0x00000000000053a4                tflite::ops::micro::depthwise_conv::Init(TfLiteContext*, char const*, unsigned int)
 .text._ZN6tflite21reference_integer_ops23DepthwiseConvPerChannelERKNS_15DepthwiseParamsEPKlS5_RKNS_12RuntimeShapeEPKaS8_SA_S8_S5_S8_Pa
                0x00000000000053c0      0x212 /mnt/c/Users/saxe/Documents/ActiveProjects/qorc-sdk-tfl/qf_tfl/qf_person_detection/GCC_Project/../../../tensorflow/tensorflow/lite/micro/tools/make/gen/quicklogic-eos-s3_cortex-m4/lib/libtensorflow-microlite.a(depthwise_conv.o)
                0x00000000000053c0                tflite::reference_integer_ops::DepthwiseConvPerChannel(tflite::DepthwiseParams const&, long const*, long const*, tflite::RuntimeShape const&, signed char const*, tflite::RuntimeShape const&, signed char const*, tflite::RuntimeShape const&, long const*, tflite::RuntimeShape const&, signed char*)
 *fill*         0x00000000000055d2        0x2 
 .text._ZN6tflite13reference_ops13DepthwiseConvERKNS_15DepthwiseParamsERKNS_12RuntimeShapeEPKfS6_S8_S6_S8_S6_Pf
                0x00000000000055d4      0x218 /mnt/c/Users/saxe/Documents/ActiveProjects/qorc-sdk-tfl/qf_tfl/qf_person_detection/GCC_Project/../../../tensorflow/tensorflow/lite/micro/tools/make/gen/quicklogic-eos-s3_cortex-m4/lib/libtensorflow-microlite.a(depthwise_conv.o)
                0x00000000000055d4                tflite::reference_ops::DepthwiseConv(tflite::DepthwiseParams const&, tflite::RuntimeShape const&, float const*, tflite::RuntimeShape const&, float const*, tflite::RuntimeShape const&, float const*, tflite::RuntimeShape const&, float*)
 .text._ZN6tflite3ops5micro14depthwise_conv7PrepareEP13TfLiteContextP10TfLiteNode
                0x00000000000057ec      0x240 /mnt/c/Users/saxe/Documents/ActiveProjects/qorc-sdk-tfl/qf_tfl/qf_person_detection/GCC_Project/../../../tensorflow/tensorflow/lite/micro/tools/make/gen/quicklogic-eos-s3_cortex-m4/lib/libtensorflow-microlite.a(depthwise_conv.o)
                0x00000000000057ec                tflite::ops::micro::depthwise_conv::Prepare(TfLiteContext*, TfLiteNode*)
 .text._ZN6tflite3ops5micro26Register_DEPTHWISE_CONV_2DEv
                0x0000000000005a2c        0x8 /mnt/c/Users/saxe/Documents/ActiveProjects/qorc-sdk-tfl/qf_tfl/qf_person_detection/GCC_Project/../../../tensorflow/tensorflow/lite/micro/tools/make/gen/quicklogic-eos-s3_cortex-m4/lib/libtensorflow-microlite.a(depthwise_conv.o)
                0x0000000000005a2c                tflite::ops::micro::Register_DEPTHWISE_CONV_2D()
 .text._ZN6tflite13reference_ops14depthwise_conv24DepthwiseConvBasicKernelILNS_27DepthwiseConvOutputRoundingE1EE3RunERKNS_15DepthwiseParamsERKNS_12RuntimeShapeEPKhSA_SC_SA_PKlSA_Ph
                0x0000000000005a34      0x204 /mnt/c/Users/saxe/Documents/ActiveProjects/qorc-sdk-tfl/qf_tfl/qf_person_detection/GCC_Project/../../../tensorflow/tensorflow/lite/micro/tools/make/gen/quicklogic-eos-s3_cortex-m4/lib/libtensorflow-microlite.a(depthwise_conv.o)
                0x0000000000005a34                tflite::reference_ops::depthwise_conv::DepthwiseConvBasicKernel<(tflite::DepthwiseConvOutputRounding)1>::Run(tflite::DepthwiseParams const&, tflite::RuntimeShape const&, unsigned char const*, tflite::RuntimeShape const&, unsigned char const*, tflite::RuntimeShape const&, long const*, tflite::RuntimeShape const&, unsigned char*)
 .text._ZN6tflite3ops5micro14depthwise_conv4EvalEP13TfLiteContextP10TfLiteNode
                0x0000000000005c38      0x2c0 /mnt/c/Users/saxe/Documents/ActiveProjects/qorc-sdk-tfl/qf_tfl/qf_person_detection/GCC_Project/../../../tensorflow/tensorflow/lite/micro/tools/make/gen/quicklogic-eos-s3_cortex-m4/lib/libtensorflow-microlite.a(depthwise_conv.o)
                0x0000000000005c38                tflite::ops::micro::depthwise_conv::Eval(TfLiteContext*, TfLiteNode*)
 .text._ZN6tflite6OffsetERKNS_12RuntimeShapeEiiii
                0x0000000000005ef8       0x18 /mnt/c/Users/saxe/Documents/ActiveProjects/qorc-sdk-tfl/qf_tfl/qf_person_detection/GCC_Project/../../../tensorflow/tensorflow/lite/micro/tools/make/gen/quicklogic-eos-s3_cortex-m4/lib/libtensorflow-microlite.a(pooling.o)
                0x0000000000005ef8                tflite::Offset(tflite::RuntimeShape const&, int, int, int, int)
 .text._ZN6tflite13reference_ops11AveragePoolERKNS_10PoolParamsERKNS_12RuntimeShapeEPKfS6_Pf
                0x0000000000005f10      0x194 /mnt/c/Users/saxe/Documents/ActiveProjects/qorc-sdk-tfl/qf_tfl/qf_person_detection/GCC_Project/../../../tensorflow/tensorflow/lite/micro/tools/make/gen/quicklogic-eos-s3_cortex-m4/lib/libtensorflow-microlite.a(pooling.o)
                0x0000000000005f10                tflite::reference_ops::AveragePool(tflite::PoolParams const&, tflite::RuntimeShape const&, float const*, tflite::RuntimeShape const&, float*)
 .text._ZN6tflite13reference_ops11AveragePoolERKNS_10PoolParamsERKNS_12RuntimeShapeEPKhS6_Ph
                0x00000000000060a4      0x170 /mnt/c/Users/saxe/Documents/ActiveProjects/qorc-sdk-tfl/qf_tfl/qf_person_detection/GCC_Project/../../../tensorflow/tensorflow/lite/micro/tools/make/gen/quicklogic-eos-s3_cortex-m4/lib/libtensorflow-microlite.a(pooling.o)
                0x00000000000060a4                tflite::reference_ops::AveragePool(tflite::PoolParams const&, tflite::RuntimeShape const&, unsigned char const*, tflite::RuntimeShape const&, unsigned char*)
 .text._ZN6tflite21reference_integer_ops11AveragePoolERKNS_10PoolParamsERKNS_12RuntimeShapeEPKaS6_Pa
                0x0000000000006214      0x17e /mnt/c/Users/saxe/Documents/ActiveProjects/qorc-sdk-tfl/qf_tfl/qf_person_detection/GCC_Project/../../../tensorflow/tensorflow/lite/micro/tools/make/gen/quicklogic-eos-s3_cortex-m4/lib/libtensorflow-microlite.a(pooling.o)
                0x0000000000006214                tflite::reference_integer_ops::AveragePool(tflite::PoolParams const&, tflite::RuntimeShape const&, signed char const*, tflite::RuntimeShape const&, signed char*)
 .text._ZN6tflite3ops5micro7pooling12_GLOBAL__N_115CalculateOpDataEPK13TfLiteContextPK16TfLitePoolParamsPK12TfLiteTensorSC_PNS3_6OpDataE.isra.6
                0x0000000000006392       0x78 /mnt/c/Users/saxe/Documents/ActiveProjects/qorc-sdk-tfl/qf_tfl/qf_person_detection/GCC_Project/../../../tensorflow/tensorflow/lite/micro/tools/make/gen/quicklogic-eos-s3_cortex-m4/lib/libtensorflow-microlite.a(pooling.o)
 *fill*         0x000000000000640a        0x2 
 .text._ZN6tflite3ops5micro24Register_AVERAGE_POOL_2DEv
                0x000000000000640c        0x8 /mnt/c/Users/saxe/Documents/ActiveProjects/qorc-sdk-tfl/qf_tfl/qf_person_detection/GCC_Project/../../../tensorflow/tensorflow/lite/micro/tools/make/gen/quicklogic-eos-s3_cortex-m4/lib/libtensorflow-microlite.a(pooling.o)
                0x000000000000640c                tflite::ops::micro::Register_AVERAGE_POOL_2D()
 .text._ZN6tflite24CalculateActivationRangeIfEEv21TfLiteFusedActivationPT_S3_
                0x0000000000006414       0x3c /mnt/c/Users/saxe/Documents/ActiveProjects/qorc-sdk-tfl/qf_tfl/qf_person_detection/GCC_Project/../../../tensorflow/tensorflow/lite/micro/tools/make/gen/quicklogic-eos-s3_cortex-m4/lib/libtensorflow-microlite.a(pooling.o)
                0x0000000000006414                void tflite::CalculateActivationRange<float>(TfLiteFusedActivation, float*, float*)
 .text._ZN6tflite3ops5micro7pooling11AverageEvalEP13TfLiteContextP10TfLiteNode
                0x0000000000006450      0x140 /mnt/c/Users/saxe/Documents/ActiveProjects/qorc-sdk-tfl/qf_tfl/qf_person_detection/GCC_Project/../../../tensorflow/tensorflow/lite/micro/tools/make/gen/quicklogic-eos-s3_cortex-m4/lib/libtensorflow-microlite.a(pooling.o)
                0x0000000000006450                tflite::ops::micro::pooling::AverageEval(TfLiteContext*, TfLiteNode*)
 .text.TfLiteIntArrayGetSizeInBytes
                0x0000000000006590        0x6 /mnt/c/Users/saxe/Documents/ActiveProjects/qorc-sdk-tfl/qf_tfl/qf_person_detection/GCC_Project/../../../tensorflow/tensorflow/lite/micro/tools/make/gen/quicklogic-eos-s3_cortex-m4/lib/libtensorflow-microlite.a(common.o)
                0x0000000000006590                TfLiteIntArrayGetSizeInBytes
 *fill*         0x0000000000006596        0x2 
 .text.TfLiteTypeGetName