Archive member included to satisfy reference by file (symbol)

/mnt/c/Users/saxe/Documents/ActiveProjects/tensorflow/tensorflow/lite/micro/tools/make/gen/quicklogic-eos-s3_cortex-m4/lib/libtensorflow-microlite.a(micro_error_reporter.o)
                              /mnt/c/Users/saxe/Documents/AAAQuickLogic/ActiveProjects/qorc-sdk/qf_apps/qf_tfl_detect/GCC_Project/output/person_detection_benchmark.o (vtable for tflite::MicroErrorReporter)
/mnt/c/Users/saxe/Documents/ActiveProjects/tensorflow/tensorflow/lite/micro/tools/make/gen/quicklogic-eos-s3_cortex-m4/lib/libtensorflow-microlite.a(micro_string.o)
                              /mnt/c/Users/saxe/Documents/ActiveProjects/tensorflow/tensorflow/lite/micro/tools/make/gen/quicklogic-eos-s3_cortex-m4/lib/libtensorflow-microlite.a(micro_error_reporter.o) (MicroVsnprintf)
/mnt/c/Users/saxe/Documents/ActiveProjects/tensorflow/tensorflow/lite/micro/tools/make/gen/quicklogic-eos-s3_cortex-m4/lib/libtensorflow-microlite.a(debug_log.o)
                              /mnt/c/Users/saxe/Documents/ActiveProjects/tensorflow/tensorflow/lite/micro/tools/make/gen/quicklogic-eos-s3_cortex-m4/lib/libtensorflow-microlite.a(micro_error_reporter.o) (DebugLog)
/usr/bin/../lib/gcc/arm-none-eabi/7.3.1/thumb/v7e-m/fpv4-sp/hard/libgcc.a(_arm_addsubdf3.o)
                              /mnt/c/Users/saxe/Documents/AAAQuickLogic/ActiveProjects/qorc-sdk/qf_apps/qf_tfl_detect/GCC_Project/output/ql_test_signals.o (__aeabi_dadd)
/usr/bin/../lib/gcc/arm-none-eabi/7.3.1/thumb/v7e-m/fpv4-sp/hard/libgcc.a(_arm_muldivdf3.o)
                              /mnt/c/Users/saxe/Documents/AAAQuickLogic/ActiveProjects/qorc-sdk/qf_apps/qf_tfl_detect/GCC_Project/output/ql_test_signals.o (__aeabi_dmul)
/usr/bin/../lib/gcc/arm-none-eabi/7.3.1/thumb/v7e-m/fpv4-sp/hard/libgcc.a(_arm_fixdfsi.o)
                              /mnt/c/Users/saxe/Documents/AAAQuickLogic/ActiveProjects/qorc-sdk/qf_apps/qf_tfl_detect/GCC_Project/output/ql_test_signals.o (__aeabi_d2iz)
/usr/bin/../lib/gcc/arm-none-eabi/7.3.1/thumb/v7e-m/fpv4-sp/hard/libgcc.a(_arm_fixunsdfsi.o)
                              /mnt/c/Users/saxe/Documents/AAAQuickLogic/ActiveProjects/qorc-sdk/qf_apps/qf_tfl_detect/GCC_Project/output/s3x_cpuload.o (__aeabi_d2uiz)
/usr/bin/../lib/gcc/arm-none-eabi/7.3.1/thumb/v7e-m/fpv4-sp/hard/libgcc.a(_arm_truncdfsf2.o)
                              /mnt/c/Users/saxe/Documents/AAAQuickLogic/ActiveProjects/qorc-sdk/qf_apps/qf_tfl_detect/GCC_Project/output/eoss3_hal_i2c.o (__aeabi_d2f)
/usr/bin/../lib/gcc/arm-none-eabi/7.3.1/thumb/v7e-m/fpv4-sp/hard/libgcc.a(_aeabi_ldivmod.o)
                              /mnt/c/Users/saxe/Documents/AAAQuickLogic/ActiveProjects/qorc-sdk/qf_apps/qf_tfl_detect/GCC_Project/output/dbg_uart.o (__aeabi_ldivmod)
/usr/bin/../lib/gcc/arm-none-eabi/7.3.1/thumb/v7e-m/fpv4-sp/hard/libgcc.a(_aeabi_uldivmod.o)
                              /mnt/c/Users/saxe/Documents/AAAQuickLogic/ActiveProjects/qorc-sdk/qf_apps/qf_tfl_detect/GCC_Project/output/s3x_lpm.o (__aeabi_uldivmod)
/usr/bin/../lib/gcc/arm-none-eabi/7.3.1/thumb/v7e-m/fpv4-sp/hard/libgcc.a(_udivmoddi4.o)
                              /usr/bin/../lib/gcc/arm-none-eabi/7.3.1/thumb/v7e-m/fpv4-sp/hard/libgcc.a(_aeabi_ldivmod.o) (__udivmoddi4)
/usr/bin/../lib/gcc/arm-none-eabi/7.3.1/thumb/v7e-m/fpv4-sp/hard/libgcc.a(unwind-arm.o)
                              /mnt/c/Users/saxe/Documents/AAAQuickLogic/ActiveProjects/qorc-sdk/qf_apps/qf_tfl_detect/GCC_Project/output/person_detection_benchmark.o (__aeabi_unwind_cpp_pr0)
/usr/bin/../lib/gcc/arm-none-eabi/7.3.1/thumb/v7e-m/fpv4-sp/hard/libgcc.a(libunwind.o)
                              /usr/bin/../lib/gcc/arm-none-eabi/7.3.1/thumb/v7e-m/fpv4-sp/hard/libgcc.a(unwind-arm.o) (restore_core_regs)
/usr/bin/../lib/gcc/arm-none-eabi/7.3.1/thumb/v7e-m/fpv4-sp/hard/libgcc.a(pr-support.o)
                              /usr/bin/../lib/gcc/arm-none-eabi/7.3.1/thumb/v7e-m/fpv4-sp/hard/libgcc.a(unwind-arm.o) (__gnu_unwind_execute)
/usr/bin/../lib/gcc/arm-none-eabi/7.3.1/thumb/v7e-m/fpv4-sp/hard/libgcc.a(_dvmd_tls.o)
                              /usr/bin/../lib/gcc/arm-none-eabi/7.3.1/thumb/v7e-m/fpv4-sp/hard/libgcc.a(_aeabi_ldivmod.o) (__aeabi_ldiv0)
/usr/bin/../lib/gcc/arm-none-eabi/7.3.1/../../../../arm-none-eabi/lib/thumb/v7e-m/fpv4-sp/hard/libg_nano.a(lib_a-abort.o)
                              /usr/bin/../lib/gcc/arm-none-eabi/7.3.1/thumb/v7e-m/fpv4-sp/hard/libgcc.a(unwind-arm.o) (abort)
/usr/bin/../lib/gcc/arm-none-eabi/7.3.1/../../../../arm-none-eabi/lib/thumb/v7e-m/fpv4-sp/hard/libg_nano.a(lib_a-exit.o)
                              /usr/bin/../lib/gcc/arm-none-eabi/7.3.1/../../../../arm-none-eabi/lib/thumb/v7e-m/fpv4-sp/hard/crt0.o (exit)
/usr/bin/../lib/gcc/arm-none-eabi/7.3.1/../../../../arm-none-eabi/lib/thumb/v7e-m/fpv4-sp/hard/libg_nano.a(lib_a-fputs.o)
[...]
Memory Configuration

Name             Origin             Length             Attributes
rom              0x0000000000000000 0x000000000005dcd0 xr
ram              0x000000002005dcd0 0x0000000000022300 xrw
spiram           0x000000002007ffd0 0x0000000000000008 rw
HWA              0x000000002007ffe0 0x0000000000000008 rw
shm              0x000000002007fff0 0x0000000000000008
*default*        0x0000000000000000 0xffffffffffffffff

Linker script and memory map

LOAD /usr/bin/../lib/gcc/arm-none-eabi/7.3.1/thumb/v7e-m/fpv4-sp/hard/crti.o
LOAD /usr/bin/../lib/gcc/arm-none-eabi/7.3.1/thumb/v7e-m/fpv4-sp/hard/crtbegin.o
LOAD /usr/bin/../lib/gcc/arm-none-eabi/7.3.1/../../../../arm-none-eabi/lib/thumb/v7e-m/fpv4-sp/hard/crt0.o
LOAD /mnt/c/Users/saxe/Documents/AAAQuickLogic/ActiveProjects/qorc-sdk/qf_apps/qf_tfl_detect/GCC_Project/output/c_lib_retarget.o
LOAD /mnt/c/Users/saxe/Documents/AAAQuickLogic/ActiveProjects/qorc-sdk/qf_apps/qf_tfl_detect/GCC_Project/output/circularBuffQueue.o
LOAD /mnt/c/Users/saxe/Documents/AAAQuickLogic/ActiveProjects/qorc-sdk/qf_apps/qf_tfl_detect/GCC_Project/output/cli_args.o
LOAD /mnt/c/Users/saxe/Documents/AAAQuickLogic/ActiveProjects/qorc-sdk/qf_apps/qf_tfl_detect/GCC_Project/output/cli_hexdump.o
LOAD /mnt/c/Users/saxe/Documents/AAAQuickLogic/ActiveProjects/qorc-sdk/qf_apps/qf_tfl_detect/GCC_Project/output/cli_io.o
LOAD /mnt/c/Users/saxe/Documents/AAAQuickLogic/ActiveProjects/qorc-sdk/qf_apps/qf_tfl_detect/GCC_Project/output/cli_loop.o
LOAD /mnt/c/Users/saxe/Documents/AAAQuickLogic/ActiveProjects/qorc-sdk/qf_apps/qf_tfl_detect/GCC_Project/output/cli_misc.o
LOAD /mnt/c/Users/saxe/Documents/AAAQuickLogic/ActiveProjects/qorc-sdk/qf_apps/qf_tfl_detect/GCC_Project/output/cli_platform.o
LOAD /mnt/c/Users/saxe/Documents/AAAQuickLogic/ActiveProjects/qorc-sdk/qf_apps/qf_tfl_detect/GCC_Project/output/cli_stdcmds.o
LOAD /mnt/c/Users/saxe/Documents/AAAQuickLogic/ActiveProjects/qorc-sdk/qf_apps/qf_tfl_detect/GCC_Project/output/crc32.o
LOAD /mnt/c/Users/saxe/Documents/AAAQuickLogic/ActiveProjects/qorc-sdk/qf_apps/qf_tfl_detect/GCC_Project/output/croutine.o
LOAD /mnt/c/Users/saxe/Documents/AAAQuickLogic/ActiveProjects/qorc-sdk/qf_apps/qf_tfl_detect/GCC_Project/output/dbg_bufferedprinttask.o
LOAD /mnt/c/Users/saxe/Documents/AAAQuickLogic/ActiveProjects/qorc-sdk/qf_apps/qf_tfl_detect/GCC_Project/output/dbg_queue_monitor.o
LOAD /mnt/c/Users/saxe/Documents/AAAQuickLogic/ActiveProjects/qorc-sdk/qf_apps/qf_tfl_detect/GCC_Project/output/dbg_uart.o
LOAD /mnt/c/Users/saxe/Documents/AAAQuickLogic/ActiveProjects/qorc-sdk/qf_apps/qf_tfl_detect/GCC_Project/output/dbgtrace.o
LOAD /mnt/c/Users/saxe/Documents/AAAQuickLogic/ActiveProjects/qorc-sdk/qf_apps/qf_tfl_detect/GCC_Project/output/eoss3_hal_adc.o
LOAD /mnt/c/Users/saxe/Documents/AAAQuickLogic/ActiveProjects/qorc-sdk/qf_apps/qf_tfl_detect/GCC_Project/output/eoss3_hal_fpga_clk_sync.o
LOAD /mnt/c/Users/saxe/Documents/AAAQuickLogic/ActiveProjects/qorc-sdk/qf_apps/qf_tfl_detect/GCC_Project/output/eoss3_hal_fpga_gpio.o
LOAD /mnt/c/Users/saxe/Documents/AAAQuickLogic/ActiveProjects/qorc-sdk/qf_apps/qf_tfl_detect/GCC_Project/output/eoss3_hal_fpga_sdma.o
LOAD /mnt/c/Users/saxe/Documents/AAAQuickLogic/ActiveProjects/qorc-sdk/qf_apps/qf_tfl_detect/GCC_Project/output/eoss3_hal_fpga_uart.o
LOAD /mnt/c/Users/saxe/Documents/AAAQuickLogic/ActiveProjects/qorc-sdk/qf_apps/qf_tfl_detect/GCC_Project/output/eoss3_hal_fpga_usbserial.o
LOAD /mnt/c/Users/saxe/Documents/AAAQuickLogic/ActiveProjects/qorc-sdk/qf_apps/qf_tfl_detect/GCC_Project/output/eoss3_hal_gpio.o
LOAD /mnt/c/Users/saxe/Documents/AAAQuickLogic/ActiveProjects/qorc-sdk/qf_apps/qf_tfl_detect/GCC_Project/output/eoss3_hal_i2c.o
LOAD /mnt/c/Users/saxe/Documents/AAAQuickLogic/ActiveProjects/qorc-sdk/qf_apps/qf_tfl_detect/GCC_Project/output/eoss3_hal_i2s.o
LOAD /mnt/c/Users/saxe/Documents/AAAQuickLogic/ActiveProjects/qorc-sdk/qf_apps/qf_tfl_detect/GCC_Project/output/eoss3_hal_i2s_slave_assp.o
LOAD /mnt/c/Users/saxe/Documents/AAAQuickLogic/ActiveProjects/qorc-sdk/qf_apps/qf_tfl_detect/GCC_Project/output/eoss3_hal_pad_config.o
LOAD /mnt/c/Users/saxe/Documents/AAAQuickLogic/ActiveProjects/qorc-sdk/qf_apps/qf_tfl_detect/GCC_Project/output/eoss3_hal_pkfb.o
LOAD /mnt/c/Users/saxe/Documents/AAAQuickLogic/ActiveProjects/qorc-sdk/qf_apps/qf_tfl_detect/GCC_Project/output/eoss3_hal_rtc.o
LOAD /mnt/c/Users/saxe/Documents/AAAQuickLogic/ActiveProjects/qorc-sdk/qf_apps/qf_tfl_detect/GCC_Project/output/eoss3_hal_sdma.o
LOAD /mnt/c/Users/saxe/Documents/AAAQuickLogic/ActiveProjects/qorc-sdk/qf_apps/qf_tfl_detect/GCC_Project/output/eoss3_hal_spi.o
LOAD /mnt/c/Users/saxe/Documents/AAAQuickLogic/ActiveProjects/qorc-sdk/qf_apps/qf_tfl_detect/GCC_Project/output/eoss3_hal_timer.o
LOAD /mnt/c/Users/saxe/Documents/AAAQuickLogic/ActiveProjects/qorc-sdk/qf_apps/qf_tfl_detect/GCC_Project/output/eoss3_hal_uart.o
LOAD /mnt/c/Users/saxe/Documents/AAAQuickLogic/ActiveProjects/qorc-sdk/qf_apps/qf_tfl_detect/GCC_Project/output/eoss3_hal_wb.o
LOAD /mnt/c/Users/saxe/Documents/AAAQuickLogic/ActiveProjects/qorc-sdk/qf_apps/qf_tfl_detect/GCC_Project/output/eoss3_hal_wdt.o
LOAD /mnt/c/Users/saxe/Documents/AAAQuickLogic/ActiveProjects/qorc-sdk/qf_apps/qf_tfl_detect/GCC_Project/output/event_groups.o
LOAD /mnt/c/Users/saxe/Documents/AAAQuickLogic/ActiveProjects/qorc-sdk/qf_apps/qf_tfl_detect/GCC_Project/output/exceptions.o
LOAD /mnt/c/Users/saxe/Documents/AAAQuickLogic/ActiveProjects/qorc-sdk/qf_apps/qf_tfl_detect/GCC_Project/output/fpga_loader.o
LOAD /mnt/c/Users/saxe/Documents/AAAQuickLogic/ActiveProjects/qorc-sdk/qf_apps/qf_tfl_detect/GCC_Project/output/freertos_static_memory.o
LOAD /mnt/c/Users/saxe/Documents/AAAQuickLogic/ActiveProjects/qorc-sdk/qf_apps/qf_tfl_detect/GCC_Project/output/heap_4.o
LOAD /mnt/c/Users/saxe/Documents/AAAQuickLogic/ActiveProjects/qorc-sdk/qf_apps/qf_tfl_detect/GCC_Project/output/hearable_pwrcfg.o
LOAD /mnt/c/Users/saxe/Documents/AAAQuickLogic/ActiveProjects/qorc-sdk/qf_apps/qf_tfl_detect/GCC_Project/output/leds.o
LOAD /mnt/c/Users/saxe/Documents/AAAQuickLogic/ActiveProjects/qorc-sdk/qf_apps/qf_tfl_detect/GCC_Project/output/list.o
LOAD /mnt/c/Users/saxe/Documents/AAAQuickLogic/ActiveProjects/qorc-sdk/qf_apps/qf_tfl_detect/GCC_Project/output/main.o
LOAD /mnt/c/Users/saxe/Documents/AAAQuickLogic/ActiveProjects/qorc-sdk/qf_apps/qf_tfl_detect/GCC_Project/output/main_dbg_cli_menu.o
LOAD /mnt/c/Users/saxe/Documents/AAAQuickLogic/ActiveProjects/qorc-sdk/qf_apps/qf_tfl_detect/GCC_Project/output/person_detection_benchmark.o
LOAD /mnt/c/Users/saxe/Documents/AAAQuickLogic/ActiveProjects/qorc-sdk/qf_apps/qf_tfl_detect/GCC_Project/output/pincfg_table.o
LOAD /mnt/c/Users/saxe/Documents/AAAQuickLogic/ActiveProjects/qorc-sdk/qf_apps/qf_tfl_detect/GCC_Project/output/port.o
LOAD /mnt/c/Users/saxe/Documents/AAAQuickLogic/ActiveProjects/qorc-sdk/qf_apps/qf_tfl_detect/GCC_Project/output/qf_hardwaresetup.o
LOAD /mnt/c/Users/saxe/Documents/AAAQuickLogic/ActiveProjects/qorc-sdk/qf_apps/qf_tfl_detect/GCC_Project/output/ql_test_signals.o
LOAD /mnt/c/Users/saxe/Documents/AAAQuickLogic/ActiveProjects/qorc-sdk/qf_apps/qf_tfl_detect/GCC_Project/output/ql_time.o
LOAD /mnt/c/Users/saxe/Documents/AAAQuickLogic/ActiveProjects/qorc-sdk/qf_apps/qf_tfl_detect/GCC_Project/output/queue.o
LOAD /mnt/c/Users/saxe/Documents/AAAQuickLogic/ActiveProjects/qorc-sdk/qf_apps/qf_tfl_detect/GCC_Project/output/s3x_clock.o
LOAD /mnt/c/Users/saxe/Documents/AAAQuickLogic/ActiveProjects/qorc-sdk/qf_apps/qf_tfl_detect/GCC_Project/output/s3x_clock_hal.o
LOAD /mnt/c/Users/saxe/Documents/AAAQuickLogic/ActiveProjects/qorc-sdk/qf_apps/qf_tfl_detect/GCC_Project/output/s3x_cpuload.o
LOAD /mnt/c/Users/saxe/Documents/AAAQuickLogic/ActiveProjects/qorc-sdk/qf_apps/qf_tfl_detect/GCC_Project/output/s3x_dfs.o
LOAD /mnt/c/Users/saxe/Documents/AAAQuickLogic/ActiveProjects/qorc-sdk/qf_apps/qf_tfl_detect/GCC_Project/output/s3x_lpm.o
LOAD /mnt/c/Users/saxe/Documents/AAAQuickLogic/ActiveProjects/qorc-sdk/qf_apps/qf_tfl_detect/GCC_Project/output/s3x_pi.o
LOAD /mnt/c/Users/saxe/Documents/AAAQuickLogic/ActiveProjects/qorc-sdk/qf_apps/qf_tfl_detect/GCC_Project/output/s3x_pwrcfg.o
LOAD /mnt/c/Users/saxe/Documents/AAAQuickLogic/ActiveProjects/qorc-sdk/qf_apps/qf_tfl_detect/GCC_Project/output/s3x_qos.o
LOAD /mnt/c/Users/saxe/Documents/AAAQuickLogic/ActiveProjects/qorc-sdk/qf_apps/qf_tfl_detect/GCC_Project/output/sec_debug.o
LOAD /mnt/c/Users/saxe/Documents/AAAQuickLogic/ActiveProjects/qorc-sdk/qf_apps/qf_tfl_detect/GCC_Project/output/spi_flash.o
LOAD /mnt/c/Users/saxe/Documents/AAAQuickLogic/ActiveProjects/qorc-sdk/qf_apps/qf_tfl_detect/GCC_Project/output/startup_EOSS3B_GCC.o
LOAD /mnt/c/Users/saxe/Documents/AAAQuickLogic/ActiveProjects/qorc-sdk/qf_apps/qf_tfl_detect/GCC_Project/output/stream_buffer.o
LOAD /mnt/c/Users/saxe/Documents/AAAQuickLogic/ActiveProjects/qorc-sdk/qf_apps/qf_tfl_detect/GCC_Project/output/tasks.o
LOAD /mnt/c/Users/saxe/Documents/AAAQuickLogic/ActiveProjects/qorc-sdk/qf_apps/qf_tfl_detect/GCC_Project/output/timers.o
LOAD /mnt/c/Users/saxe/Documents/AAAQuickLogic/ActiveProjects/qorc-sdk/qf_apps/qf_tfl_detect/GCC_Project/output/vectors_CM4F_gcc.o
LOAD /mnt/c/Users/saxe/Documents/AAAQuickLogic/ActiveProjects/qorc-sdk/qf_apps/qf_tfl_detect/GCC_Project/output/watchdog.o
LOAD /mnt/c/Users/saxe/Documents/AAAQuickLogic/ActiveProjects/qorc-sdk/qf_apps/qf_tfl_detect/GCC_Project/../../../Libraries/CMSIS/lib/GCC/libarm_cortexM4lf_math.a
LOAD /mnt/c/Users/saxe/Documents/ActiveProjects/tensorflow/tensorflow/lite/micro/tools/make/gen/quicklogic-eos-s3_cortex-m4/lib/libtensorflow-microlite.a
LOAD /mnt/c/Users/saxe/Documents/ActiveProjects/tensorflow/tensorflow/lite/micro/tools/make/gen/quicklogic-eos-s3_cortex-m4/obj/tensorflow/lite/micro/tools/make/downloads/person_model_grayscale/no_person_image_data.o
LOAD /mnt/c/Users/saxe/Documents/ActiveProjects/tensorflow/tensorflow/lite/micro/tools/make/gen/quicklogic-eos-s3_cortex-m4/obj/tensorflow/lite/micro/tools/make/downloads/person_model_grayscale/person_detect_model_data.o
LOAD /mnt/c/Users/saxe/Documents/ActiveProjects/tensorflow/tensorflow/lite/micro/tools/make/gen/quicklogic-eos-s3_cortex-m4/obj/tensorflow/lite/micro/tools/make/downloads/person_model_grayscale/person_image_data.o
LOAD /usr/bin/../lib/gcc/arm-none-eabi/7.3.1/../../../../arm-none-eabi/lib/thumb/v7e-m/fpv4-sp/hard/libstdc++_nano.a
LOAD /usr/bin/../lib/gcc/arm-none-eabi/7.3.1/../../../../arm-none-eabi/lib/thumb/v7e-m/fpv4-sp/hard/libm.a
START GROUP
LOAD /usr/bin/../lib/gcc/arm-none-eabi/7.3.1/thumb/v7e-m/fpv4-sp/hard/libgcc.a
LOAD /usr/bin/../lib/gcc/arm-none-eabi/7.3.1/../../../../arm-none-eabi/lib/thumb/v7e-m/fpv4-sp/hard/libg_nano.a
LOAD /usr/bin/../lib/gcc/arm-none-eabi/7.3.1/../../../../arm-none-eabi/lib/thumb/v7e-m/fpv4-sp/hard/libc_nano.a
END GROUP
START GROUP
LOAD /usr/bin/../lib/gcc/arm-none-eabi/7.3.1/thumb/v7e-m/fpv4-sp/hard/libgcc.a
LOAD /usr/bin/../lib/gcc/arm-none-eabi/7.3.1/../../../../arm-none-eabi/lib/thumb/v7e-m/fpv4-sp/hard/libc_nano.a
LOAD /usr/bin/../lib/gcc/arm-none-eabi/7.3.1/../../../../arm-none-eabi/lib/thumb/v7e-m/fpv4-sp/hard/libnosys.a
END GROUP
START GROUP
LOAD /usr/bin/../lib/gcc/arm-none-eabi/7.3.1/thumb/v7e-m/fpv4-sp/hard/libgcc.a
LOAD /usr/bin/../lib/gcc/arm-none-eabi/7.3.1/../../../../arm-none-eabi/lib/thumb/v7e-m/fpv4-sp/hard/libc_nano.a
LOAD /usr/bin/../lib/gcc/arm-none-eabi/7.3.1/../../../../arm-none-eabi/lib/thumb/v7e-m/fpv4-sp/hard/libnosys.a
END GROUP
LOAD /usr/bin/../lib/gcc/arm-none-eabi/7.3.1/thumb/v7e-m/fpv4-sp/hard/crtend.o
LOAD /usr/bin/../lib/gcc/arm-none-eabi/7.3.1/thumb/v7e-m/fpv4-sp/hard/crtn.o

.text           0x0000000000000000     0x75a7
 *(.isr_vector)
 .isr_vector    0x0000000000000000      0x124 /mnt/c/Users/saxe/Documents/AAAQuickLogic/ActiveProjects/qorc-sdk/qf_apps/qf_tfl_detect/GCC_Project/output/vectors_CM4F_gcc.o
                0x0000000000000000                __Vectors
 *(.text*)
 .text          0x0000000000000124       0x40 /usr/bin/../lib/gcc/arm-none-eabi/7.3.1/thumb/v7e-m/fpv4-sp/hard/crtbegin.o
 .text          0x0000000000000164       0x74 /usr/bin/../lib/gcc/arm-none-eabi/7.3.1/../../../../arm-none-eabi/lib/thumb/v7e-m/fpv4-sp/hard/crt0.o
                0x0000000000000164                _mainCRTStartup
                0x0000000000000164                _start
 .text._write   0x00000000000001d8        0xe /mnt/c/Users/saxe/Documents/AAAQuickLogic/ActiveProjects/qorc-sdk/qf_apps/qf_tfl_detect/GCC_Project/output/c_lib_retarget.o
                0x00000000000001d8                _write
 .text._close   0x00000000000001e6        0x6 /mnt/c/Users/saxe/Documents/AAAQuickLogic/ActiveProjects/qorc-sdk/qf_apps/qf_tfl_detect/GCC_Project/output/c_lib_retarget.o
                0x00000000000001e6                _close
 .text._lseek   0x00000000000001ec        0x4 /mnt/c/Users/saxe/Documents/AAAQuickLogic/ActiveProjects/qorc-sdk/qf_apps/qf_tfl_detect/GCC_Project/output/c_lib_retarget.o
                0x00000000000001ec                _lseek
 .text._read    0x00000000000001f0        0x4 /mnt/c/Users/saxe/Documents/AAAQuickLogic/ActiveProjects/qorc-sdk/qf_apps/qf_tfl_detect/GCC_Project/output/c_lib_retarget.o
                0x00000000000001f0                _read
 .text.__debug_lockup
                0x00000000000001f4       0x14 /mnt/c/Users/saxe/Documents/AAAQuickLogic/ActiveProjects/qorc-sdk/qf_apps/qf_tfl_detect/GCC_Project/output/dbg_uart.o
 .text._semihost_write
                0x0000000000000208       0x54 /mnt/c/Users/saxe/Documents/AAAQuickLogic/ActiveProjects/qorc-sdk/qf_apps/qf_tfl_detect/GCC_Project/output/dbg_uart.o
                0x0000000000000208                _semihost_write
 .text.dbg_ch_raw
                0x000000000000025c       0x74 /mnt/c/Users/saxe/Documents/AAAQuickLogic/ActiveProjects/qorc-sdk/qf_apps/qf_tfl_detect/GCC_Project/output/dbg_uart.o
                0x000000000000025c                dbg_ch_raw
 .text.dbg_nl   0x00000000000002d0       0x12 /mnt/c/Users/saxe/Documents/AAAQuickLogic/ActiveProjects/qorc-sdk/qf_apps/qf_tfl_detect/GCC_Project/output/dbg_uart.o
                0x00000000000002d0                dbg_nl
 .text.dbg_ch   0x00000000000002e2        0xc /mnt/c/Users/saxe/Documents/AAAQuickLogic/ActiveProjects/qorc-sdk/qf_apps/qf_tfl_detect/GCC_Project/output/dbg_uart.o
                0x00000000000002e2                dbg_ch
 .text.dbg_hex4
                0x00000000000002ee       0x14 /mnt/c/Users/saxe/Documents/AAAQuickLogic/ActiveProjects/qorc-sdk/qf_apps/qf_tfl_detect/GCC_Project/output/dbg_uart.o
 .text.dbg_hex8
                0x0000000000000302       0x14 /mnt/c/Users/saxe/Documents/AAAQuickLogic/ActiveProjects/qorc-sdk/qf_apps/qf_tfl_detect/GCC_Project/output/dbg_uart.o
                0x0000000000000302                dbg_hex8
 .text.dbg_hex16
                0x0000000000000316       0x14 /mnt/c/Users/saxe/Documents/AAAQuickLogic/ActiveProjects/qorc-sdk/qf_apps/qf_tfl_detect/GCC_Project/output/dbg_uart.o
                0x0000000000000316                dbg_hex16
 .text.dbg_hex32
                0x000000000000032a       0x14 /mnt/c/Users/saxe/Documents/AAAQuickLogic/ActiveProjects/qorc-sdk/qf_apps/qf_tfl_detect/GCC_Project/output/dbg_uart.o
                0x000000000000032a                dbg_hex32
 *fill*         0x000000000000033e        0x2 
 .text._dbg_int
                0x0000000000000340       0x44 /mnt/c/Users/saxe/Documents/AAAQuickLogic/ActiveProjects/qorc-sdk/qf_apps/qf_tfl_detect/GCC_Project/output/dbg_uart.o
 .text.dbg_memdumpx
                0x0000000000000384       0xde /mnt/c/Users/saxe/Documents/AAAQuickLogic/ActiveProjects/qorc-sdk/qf_apps/qf_tfl_detect/GCC_Project/output/dbg_uart.o
 *fill*         0x0000000000000462        0x2 
 .text.dbg_str  0x0000000000000464       0x84 /mnt/c/Users/saxe/Documents/AAAQuickLogic/ActiveProjects/qorc-sdk/qf_apps/qf_tfl_detect/GCC_Project/output/dbg_uart.o
                0x0000000000000464                dbg_str
 .text._dbg_str_xxx
                0x00000000000004e8       0x16 /mnt/c/Users/saxe/Documents/AAAQuickLogic/ActiveProjects/qorc-sdk/qf_apps/qf_tfl_detect/GCC_Project/output/dbg_uart.o
 .text.dbg_str_hexXX
                0x00000000000004fe       0x22 /mnt/c/Users/saxe/Documents/AAAQuickLogic/ActiveProjects/qorc-sdk/qf_apps/qf_tfl_detect/GCC_Project/output/dbg_uart.o
 .text.dbg_int  0x0000000000000520       0x24 /mnt/c/Users/saxe/Documents/AAAQuickLogic/ActiveProjects/qorc-sdk/qf_apps/qf_tfl_detect/GCC_Project/output/dbg_uart.o
                0x0000000000000520                dbg_int
 .text.dbg_str_str
                0x0000000000000544       0x16 /mnt/c/Users/saxe/Documents/AAAQuickLogic/ActiveProjects/qorc-sdk/qf_apps/qf_tfl_detect/GCC_Project/output/dbg_uart.o
                0x0000000000000544                dbg_str_str
 .text.dbg_str_int
                0x000000000000055a       0x16 /mnt/c/Users/saxe/Documents/AAAQuickLogic/ActiveProjects/qorc-sdk/qf_apps/qf_tfl_detect/GCC_Project/output/dbg_uart.o
                0x000000000000055a                dbg_str_int
 .text.dbg_str_hex32
                0x0000000000000570        0xc /mnt/c/Users/saxe/Documents/AAAQuickLogic/ActiveProjects/qorc-sdk/qf_apps/qf_tfl_detect/GCC_Project/output/dbg_uart.o
                0x0000000000000570                dbg_str_hex32
 .text.dbg_fatal_error
                0x000000000000057c       0x12 /mnt/c/Users/saxe/Documents/AAAQuickLogic/ActiveProjects/qorc-sdk/qf_apps/qf_tfl_detect/GCC_Project/output/dbg_uart.o
                0x000000000000057c                dbg_fatal_error
 .text.dbg_fatal_error_int
                0x000000000000058e        0xe /mnt/c/Users/saxe/Documents/AAAQuickLogic/ActiveProjects/qorc-sdk/qf_apps/qf_tfl_detect/GCC_Project/output/dbg_uart.o
                0x000000000000058e                dbg_fatal_error_int
 .text.dbg_memdump32
                0x000000000000059c       0x1e /mnt/c/Users/saxe/Documents/AAAQuickLogic/ActiveProjects/qorc-sdk/qf_apps/qf_tfl_detect/GCC_Project/output/dbg_uart.o
                0x000000000000059c                dbg_memdump32
 *fill*         0x00000000000005ba        0x2 
 .text.HAL_GPIO_Write
                0x00000000000005bc       0x28 /mnt/c/Users/saxe/Documents/AAAQuickLogic/ActiveProjects/qorc-sdk/qf_apps/qf_tfl_detect/GCC_Project/output/eoss3_hal_gpio.o
                0x00000000000005bc                HAL_GPIO_Write
 .text.HAL_PAD_Config
                0x00000000000005e4      0x194 /mnt/c/Users/saxe/Documents/AAAQuickLogic/ActiveProjects/qorc-sdk/qf_apps/qf_tfl_detect/GCC_Project/output/eoss3_hal_pad_config.o
                0x00000000000005e4                HAL_PAD_Config
 .text.configure_s3_pads
                0x0000000000000778       0x1a /mnt/c/Users/saxe/Documents/AAAQuickLogic/ActiveProjects/qorc-sdk/qf_apps/qf_tfl_detect/GCC_Project/output/eoss3_hal_pad_config.o
                0x0000000000000778                configure_s3_pads
 *fill*         0x0000000000000792        0x2 
 .text.eoss3_rtc_enable_irq
                0x0000000000000794       0x28 /mnt/c/Users/saxe/Documents/AAAQuickLogic/ActiveProjects/qorc-sdk/qf_apps/qf_tfl_detect/GCC_Project/output/eoss3_hal_rtc.o
 .text.write_rtc_reg
                0x00000000000007bc       0x18 /mnt/c/Users/saxe/Documents/AAAQuickLogic/ActiveProjects/qorc-sdk/qf_apps/qf_tfl_detect/GCC_Project/output/eoss3_hal_rtc.o
 .text.__rtc_setup_alarm.isra.0
                0x00000000000007d4       0x44 /mnt/c/Users/saxe/Documents/AAAQuickLogic/ActiveProjects/qorc-sdk/qf_apps/qf_tfl_detect/GCC_Project/output/eoss3_hal_rtc.o
 .text.HAL_RTC_ISR
                0x0000000000000818       0x24 /mnt/c/Users/saxe/Documents/AAAQuickLogic/ActiveProjects/qorc-sdk/qf_apps/qf_tfl_detect/GCC_Project/output/eoss3_hal_rtc.o
                0x0000000000000818                HAL_RTC_ISR
 .text.unlock_spi1_bus
                0x000000000000083c       0x5c /mnt/c/Users/saxe/Documents/AAAQuickLogic/ActiveProjects/qorc-sdk/qf_apps/qf_tfl_detect/GCC_Project/output/eoss3_hal_spi.o
                0x000000000000083c                unlock_spi1_bus
 .text.SPI_DMA_Complete
                0x0000000000000898       0x88 /mnt/c/Users/saxe/Documents/AAAQuickLogic/ActiveProjects/qorc-sdk/qf_apps/qf_tfl_detect/GCC_Project/output/eoss3_hal_spi.o
                0x0000000000000898                SPI_DMA_Complete
 .text.HAL_SPI_IRQHandler
                0x0000000000000920       0x6c /mnt/c/Users/saxe/Documents/AAAQuickLogic/ActiveProjects/qorc-sdk/qf_apps/qf_tfl_detect/GCC_Project/output/eoss3_hal_spi.o
                0x0000000000000920                HAL_SPI_IRQHandler
 .text.HAL_Timer_ISR
                0x000000000000098c       0x88 /mnt/c/Users/saxe/Documents/AAAQuickLogic/ActiveProjects/qorc-sdk/qf_apps/qf_tfl_detect/GCC_Project/output/eoss3_hal_timer.o
                0x000000000000098c                HAL_Timer_ISR
 .text.uart_baud_rate
                0x0000000000000a14       0xa0 /mnt/c/Users/saxe/Documents/AAAQuickLogic/ActiveProjects/qorc-sdk/qf_apps/qf_tfl_detect/GCC_Project/output/eoss3_hal_uart.o
 .text.is_hw_uart_enabled
                0x0000000000000ab4       0x20 /mnt/c/Users/saxe/Documents/AAAQuickLogic/ActiveProjects/qorc-sdk/qf_apps/qf_tfl_detect/GCC_Project/output/eoss3_hal_uart.o
 .text.uart_disable
                0x0000000000000ad4       0x1c /mnt/c/Users/saxe/Documents/AAAQuickLogic/ActiveProjects/qorc-sdk/qf_apps/qf_tfl_detect/GCC_Project/output/eoss3_hal_uart.o
 .text.uart_lpm_callback
                0x0000000000000af0       0x70 /mnt/c/Users/saxe/Documents/AAAQuickLogic/ActiveProjects/qorc-sdk/qf_apps/qf_tfl_detect/GCC_Project/output/eoss3_hal_uart.o
 .text.uart_init
                0x0000000000000b60      0x168 /mnt/c/Users/saxe/Documents/AAAQuickLogic/ActiveProjects/qorc-sdk/qf_apps/qf_tfl_detect/GCC_Project/output/eoss3_hal_uart.o
                0x0000000000000b60                uart_init
 .text.uart_isr_handler
                0x0000000000000cc8       0x84 /mnt/c/Users/saxe/Documents/AAAQuickLogic/ActiveProjects/qorc-sdk/qf_apps/qf_tfl_detect/GCC_Project/output/eoss3_hal_uart.o
                0x0000000000000cc8                uart_isr_handler
 .text.uart_tx_raw
                0x0000000000000d4c       0x38 /mnt/c/Users/saxe/Documents/AAAQuickLogic/ActiveProjects/qorc-sdk/qf_apps/qf_tfl_detect/GCC_Project/output/eoss3_hal_uart.o
                0x0000000000000d4c                uart_tx_raw
 .text.uart_tx  0x0000000000000d84       0x1c /mnt/c/Users/saxe/Documents/AAAQuickLogic/ActiveProjects/qorc-sdk/qf_apps/qf_tfl_detect/GCC_Project/output/eoss3_hal_uart.o
                0x0000000000000d84                uart_tx
 .text.uart_tx_buf
                0x0000000000000da0       0x1a /mnt/c/Users/saxe/Documents/AAAQuickLogic/ActiveProjects/qorc-sdk/qf_apps/qf_tfl_detect/GCC_Project/output/eoss3_hal_uart.o
                0x0000000000000da0                uart_tx_buf
 *fill*         0x0000000000000dba        0x2 
 .text.WDT_ISR  0x0000000000000dbc       0x8c /mnt/c/Users/saxe/Documents/AAAQuickLogic/ActiveProjects/qorc-sdk/qf_apps/qf_tfl_detect/GCC_Project/output/eoss3_hal_wdt.o
                0x0000000000000dbc                WDT_ISR
 .text.spurious_interrupt
                0x0000000000000e48        0xc /mnt/c/Users/saxe/Documents/AAAQuickLogic/ActiveProjects/qorc-sdk/qf_apps/qf_tfl_detect/GCC_Project/output/exceptions.o
 .text.prvGetRegistersFromStack
                0x0000000000000e54       0xf0 /mnt/c/Users/saxe/Documents/AAAQuickLogic/ActiveProjects/qorc-sdk/qf_apps/qf_tfl_detect/GCC_Project/output/exceptions.o
                0x0000000000000e54                prvGetRegistersFromStack
 .text.HardFault_Handler
                0x0000000000000f44       0x16 /mnt/c/Users/saxe/Documents/AAAQuickLogic/ActiveProjects/qorc-sdk/qf_apps/qf_tfl_detect/GCC_Project/output/exceptions.o
                0x0000000000000f44                HardFault_Handler
 .text.NMI_Handler
                0x0000000000000f5a        0x6 /mnt/c/Users/saxe/Documents/AAAQuickLogic/ActiveProjects/qorc-sdk/qf_apps/qf_tfl_detect/GCC_Project/output/exceptions.o
                0x0000000000000f5a                NMI_Handler
 .text.MemManage_Handler
                0x0000000000000f60        0x6 /mnt/c/Users/saxe/Documents/AAAQuickLogic/ActiveProjects/qorc-sdk/qf_apps/qf_tfl_detect/GCC_Project/output/exceptions.o
                0x0000000000000f60                MemManage_Handler
 .text.BusFault_Handler
                0x0000000000000f66        0x6 /mnt/c/Users/saxe/Documents/AAAQuickLogic/ActiveProjects/qorc-sdk/qf_apps/qf_tfl_detect/GCC_Project/output/exceptions.o
                0x0000000000000f66                BusFault_Handler
 .text.UsageFault_Handler
                0x0000000000000f6c        0x6 /mnt/c/Users/saxe/Documents/AAAQuickLogic/ActiveProjects/qorc-sdk/qf_apps/qf_tfl_detect/GCC_Project/output/exceptions.o
                0x0000000000000f6c                UsageFault_Handler
 .text.DebugMon_Handler
                0x0000000000000f72        0x6 /mnt/c/Users/saxe/Documents/AAAQuickLogic/ActiveProjects/qorc-sdk/qf_apps/qf_tfl_detect/GCC_Project/output/exceptions.o
                0x0000000000000f72                DebugMon_Handler
 .text.Uart_Handler
                0x0000000000000f78       0x50 /mnt/c/Users/saxe/Documents/AAAQuickLogic/ActiveProjects/qorc-sdk/qf_apps/qf_tfl_detect/GCC_Project/output/exceptions.o
                0x0000000000000f78                Uart_Handler
 .text.Timer_Handler
                0x0000000000000fc8       0x24 /mnt/c/Users/saxe/Documents/AAAQuickLogic/ActiveProjects/qorc-sdk/qf_apps/qf_tfl_detect/GCC_Project/output/exceptions.o
                0x0000000000000fc8                Timer_Handler
 .text.CpuWdtInt_Handler
                0x0000000000000fec       0x24 /mnt/c/Users/saxe/Documents/AAAQuickLogic/ActiveProjects/qorc-sdk/qf_apps/qf_tfl_detect/GCC_Project/output/exceptions.o
                0x0000000000000fec                CpuWdtInt_Handler
 .text.CpuWdtRst_Handler
                0x0000000000001010        0x6 /mnt/c/Users/saxe/Documents/AAAQuickLogic/ActiveProjects/qorc-sdk/qf_apps/qf_tfl_detect/GCC_Project/output/exceptions.o
                0x0000000000001010                CpuWdtRst_Handler
 .text.BusTimeout_Handler
                0x0000000000001016        0x6 /mnt/c/Users/saxe/Documents/AAAQuickLogic/ActiveProjects/qorc-sdk/qf_apps/qf_tfl_detect/GCC_Project/output/exceptions.o
                0x0000000000001016                BusTimeout_Handler
 .text.Fpu_Handler
                0x000000000000101c        0x6 /mnt/c/Users/saxe/Documents/AAAQuickLogic/ActiveProjects/qorc-sdk/qf_apps/qf_tfl_detect/GCC_Project/output/exceptions.o
                0x000000000000101c                Fpu_Handler
 *fill*         0x0000000000001022        0x2 
 .text.Pkfb_Handler
                0x0000000000001024       0x10 /mnt/c/Users/saxe/Documents/AAAQuickLogic/ActiveProjects/qorc-sdk/qf_apps/qf_tfl_detect/GCC_Project/output/exceptions.o
                0x0000000000001024                Pkfb_Handler
 .text.I2s_Handler
                0x0000000000001034        0x6 /mnt/c/Users/saxe/Documents/AAAQuickLogic/ActiveProjects/qorc-sdk/qf_apps/qf_tfl_detect/GCC_Project/output/exceptions.o
                0x0000000000001034                I2s_Handler
 .text.Audio_Handler
                0x000000000000103a        0x6 /mnt/c/Users/saxe/Documents/AAAQuickLogic/ActiveProjects/qorc-sdk/qf_apps/qf_tfl_detect/GCC_Project/output/exceptions.o
                0x000000000000103a                Audio_Handler
 .text.SpiMs_Handler
                0x0000000000001040       0x5c /mnt/c/Users/saxe/Documents/AAAQuickLogic/ActiveProjects/qorc-sdk/qf_apps/qf_tfl_detect/GCC_Project/output/exceptions.o
                0x0000000000001040                SpiMs_Handler
 .text.CfgDma_Handler
                0x000000000000109c       0x28 /mnt/c/Users/saxe/Documents/AAAQuickLogic/ActiveProjects/qorc-sdk/qf_apps/qf_tfl_detect/GCC_Project/output/exceptions.o
                0x000000000000109c                CfgDma_Handler
 .text.PmuTimer_Handler
                0x00000000000010c4        0x2 /mnt/c/Users/saxe/Documents/AAAQuickLogic/ActiveProjects/qorc-sdk/qf_apps/qf_tfl_detect/GCC_Project/output/exceptions.o
                0x00000000000010c4                PmuTimer_Handler
 .text.AdcDone_Handler
                0x00000000000010c6        0x8 /mnt/c/Users/saxe/Documents/AAAQuickLogic/ActiveProjects/qorc-sdk/qf_apps/qf_tfl_detect/GCC_Project/output/exceptions.o
                0x00000000000010c6                AdcDone_Handler
 *fill*         0x00000000000010ce        0x2 
 .text.RtcAlarm_Handler
                0x00000000000010d0       0x1c /mnt/c/Users/saxe/Documents/AAAQuickLogic/ActiveProjects/qorc-sdk/qf_apps/qf_tfl_detect/GCC_Project/output/exceptions.o
                0x00000000000010d0                RtcAlarm_Handler
 .text.ResetInt_Handler
                0x00000000000010ec        0x8 /mnt/c/Users/saxe/Documents/AAAQuickLogic/ActiveProjects/qorc-sdk/qf_apps/qf_tfl_detect/GCC_Project/output/exceptions.o
                0x00000000000010ec                ResetInt_Handler
 .text.Ffe0_Handler
                0x00000000000010f4       0x18 /mnt/c/Users/saxe/Documents/AAAQuickLogic/ActiveProjects/qorc-sdk/qf_apps/qf_tfl_detect/GCC_Project/output/exceptions.o
                0x00000000000010f4                Ffe0_Handler
 .text.FbMsg_Handler
                0x000000000000110c       0x70 /mnt/c/Users/saxe/Documents/AAAQuickLogic/ActiveProjects/qorc-sdk/qf_apps/qf_tfl_detect/GCC_Project/output/exceptions.o
                0x000000000000110c                FbMsg_Handler
 .text.SensorGpio_Handler
                0x000000000000117c        0x8 /mnt/c/Users/saxe/Documents/AAAQuickLogic/ActiveProjects/qorc-sdk/qf_apps/qf_tfl_detect/GCC_Project/output/exceptions.o
                0x000000000000117c                SensorGpio_Handler
 .text.M4SramSleep_Handler
                0x0000000000001184        0x8 /mnt/c/Users/saxe/Documents/AAAQuickLogic/ActiveProjects/qorc-sdk/qf_apps/qf_tfl_detect/GCC_Project/output/exceptions.o
                0x0000000000001184                M4SramSleep_Handler
 .text.LDO30_PG_Handler
                0x000000000000118c        0x8 /mnt/c/Users/saxe/Documents/AAAQuickLogic/ActiveProjects/qorc-sdk/qf_apps/qf_tfl_detect/GCC_Project/output/exceptions.o
                0x000000000000118c                LDO30_PG_Handler
 .text.LDO50_PG_Handler
                0x0000000000001194        0x8 /mnt/c/Users/saxe/Documents/AAAQuickLogic/ActiveProjects/qorc-sdk/qf_apps/qf_tfl_detect/GCC_Project/output/exceptions.o
                0x0000000000001194                LDO50_PG_Handler
 .text.DMIC_Voice_Det_Handler
                0x000000000000119c        0x8 /mnt/c/Users/saxe/Documents/AAAQuickLogic/ActiveProjects/qorc-sdk/qf_apps/qf_tfl_detect/GCC_Project/output/exceptions.o
                0x000000000000119c                DMIC_Voice_Det_Handler
 .text.ApPDMClkOn_Handler
                0x00000000000011a4        0x8 /mnt/c/Users/saxe/Documents/AAAQuickLogic/ActiveProjects/qorc-sdk/qf_apps/qf_tfl_detect/GCC_Project/output/exceptions.o
                0x00000000000011a4                ApPDMClkOn_Handler
 .text.ApPDMClkOff_Handler
                0x00000000000011ac        0x8 /mnt/c/Users/saxe/Documents/AAAQuickLogic/ActiveProjects/qorc-sdk/qf_apps/qf_tfl_detect/GCC_Project/output/exceptions.o
                0x00000000000011ac                ApPDMClkOff_Handler
 .text.Dmac0BlkDone_Handler
                0x00000000000011b4        0x8 /mnt/c/Users/saxe/Documents/AAAQuickLogic/ActiveProjects/qorc-sdk/qf_apps/qf_tfl_detect/GCC_Project/output/exceptions.o
                0x00000000000011b4                Dmac0BlkDone_Handler
 .text.Dmac0BufDone_Handler
                0x00000000000011bc        0x8 /mnt/c/Users/saxe/Documents/AAAQuickLogic/ActiveProjects/qorc-sdk/qf_apps/qf_tfl_detect/GCC_Project/output/exceptions.o
                0x00000000000011bc                Dmac0BufDone_Handler
 .text.Dmac1BlkDone_Handler
                0x00000000000011c4        0x8 /mnt/c/Users/saxe/Documents/AAAQuickLogic/ActiveProjects/qorc-sdk/qf_apps/qf_tfl_detect/GCC_Project/output/exceptions.o
                0x00000000000011c4                Dmac1BlkDone_Handler
 .text.Dmac1BufDone_Handler
                0x00000000000011cc        0x8 /mnt/c/Users/saxe/Documents/AAAQuickLogic/ActiveProjects/qorc-sdk/qf_apps/qf_tfl_detect/GCC_Project/output/exceptions.o
                0x00000000000011cc                Dmac1BufDone_Handler
 .text.Sdma0Done_Handler
                0x00000000000011d4        0x8 /mnt/c/Users/saxe/Documents/AAAQuickLogic/ActiveProjects/qorc-sdk/qf_apps/qf_tfl_detect/GCC_Project/output/exceptions.o
                0x00000000000011d4                Sdma0Done_Handler
 .text.Sdma1Done_Handler
                0x00000000000011dc        0x8 /mnt/c/Users/saxe/Documents/AAAQuickLogic/ActiveProjects/qorc-sdk/qf_apps/qf_tfl_detect/GCC_Project/output/exceptions.o
                0x00000000000011dc                Sdma1Done_Handler
 .text.Sdma2Done_Handler
                0x00000000000011e4        0x8 /mnt/c/Users/saxe/Documents/AAAQuickLogic/ActiveProjects/qorc-sdk/qf_apps/qf_tfl_detect/GCC_Project/output/exceptions.o
                0x00000000000011e4                Sdma2Done_Handler
 .text.Sdma3Done_Handler
                0x00000000000011ec        0x8 /mnt/c/Users/saxe/Documents/AAAQuickLogic/ActiveProjects/qorc-sdk/qf_apps/qf_tfl_detect/GCC_Project/output/exceptions.o
                0x00000000000011ec                Sdma3Done_Handler
 .text.Sdma4Done_Handler
                0x00000000000011f4        0x8 /mnt/c/Users/saxe/Documents/AAAQuickLogic/ActiveProjects/qorc-sdk/qf_apps/qf_tfl_detect/GCC_Project/output/exceptions.o
                0x00000000000011f4                Sdma4Done_Handler
 .text.Sdma5Done_Handler
                0x00000000000011fc        0x8 /mnt/c/Users/saxe/Documents/AAAQuickLogic/ActiveProjects/qorc-sdk/qf_apps/qf_tfl_detect/GCC_Project/output/exceptions.o
                0x00000000000011fc                Sdma5Done_Handler
 .text.Sdma6Done_Handler
                0x0000000000001204        0x8 /mnt/c/Users/saxe/Documents/AAAQuickLogic/ActiveProjects/qorc-sdk/qf_apps/qf_tfl_detect/GCC_Project/output/exceptions.o
                0x0000000000001204                Sdma6Done_Handler
 .text.Sdma7Done_Handler
                0x000000000000120c        0x8 /mnt/c/Users/saxe/Documents/AAAQuickLogic/ActiveProjects/qorc-sdk/qf_apps/qf_tfl_detect/GCC_Project/output/exceptions.o
                0x000000000000120c                Sdma7Done_Handler
 .text.Sdma8Done_Handler
                0x0000000000001214        0x8 /mnt/c/Users/saxe/Documents/AAAQuickLogic/ActiveProjects/qorc-sdk/qf_apps/qf_tfl_detect/GCC_Project/output/exceptions.o
                0x0000000000001214                Sdma8Done_Handler
 .text.Sdma9Done_Handler
                0x000000000000121c        0x8 /mnt/c/Users/saxe/Documents/AAAQuickLogic/ActiveProjects/qorc-sdk/qf_apps/qf_tfl_detect/GCC_Project/output/exceptions.o
                0x000000000000121c                Sdma9Done_Handler
 .text.Sdma10Done_Handler
                0x0000000000001224        0x8 /mnt/c/Users/saxe/Documents/AAAQuickLogic/ActiveProjects/qorc-sdk/qf_apps/qf_tfl_detect/GCC_Project/output/exceptions.o
                0x0000000000001224                Sdma10Done_Handler
 .text.Sdma11Done_Handler
                0x000000000000122c        0x8 /mnt/c/Users/saxe/Documents/AAAQuickLogic/ActiveProjects/qorc-sdk/qf_apps/qf_tfl_detect/GCC_Project/output/exceptions.o
                0x000000000000122c                Sdma11Done_Handler
 .text.SdmaErr_Handler
                0x0000000000001234        0x8 /mnt/c/Users/saxe/Documents/AAAQuickLogic/ActiveProjects/qorc-sdk/qf_apps/qf_tfl_detect/GCC_Project/output/exceptions.o
                0x0000000000001234                SdmaErr_Handler
 .text.I2S_SlvM4TxOr_Handler
                0x000000000000123c        0x8 /mnt/c/Users/saxe/Documents/AAAQuickLogic/ActiveProjects/qorc-sdk/qf_apps/qf_tfl_detect/GCC_Project/output/exceptions.o
                0x000000000000123c                I2S_SlvM4TxOr_Handler
 .text.SRAM_128KB_Handler
                0x0000000000001244        0x8 /mnt/c/Users/saxe/Documents/AAAQuickLogic/ActiveProjects/qorc-sdk/qf_apps/qf_tfl_detect/GCC_Project/output/exceptions.o
                0x0000000000001244                SRAM_128KB_Handler
 .text.LPSD_Voice_Det_Handler
                0x000000000000124c        0x8 /mnt/c/Users/saxe/Documents/AAAQuickLogic/ActiveProjects/qorc-sdk/qf_apps/qf_tfl_detect/GCC_Project/output/exceptions.o
                0x000000000000124c                LPSD_Voice_Det_Handler
 .text.FfeWdt_Handler
                0x0000000000001254        0x8 /mnt/c/Users/saxe/Documents/AAAQuickLogic/ActiveProjects/qorc-sdk/qf_apps/qf_tfl_detect/GCC_Project/output/exceptions.o
                0x0000000000001254                FfeWdt_Handler
 .text.ApBoot_Handler
                0x000000000000125c        0x8 /mnt/c/Users/saxe/Documents/AAAQuickLogic/ActiveProjects/qorc-sdk/qf_apps/qf_tfl_detect/GCC_Project/output/exceptions.o
                0x000000000000125c                ApBoot_Handler
 .text.SwInt2_Handler
                0x0000000000001264        0x8 /mnt/c/Users/saxe/Documents/AAAQuickLogic/ActiveProjects/qorc-sdk/qf_apps/qf_tfl_detect/GCC_Project/output/exceptions.o
                0x0000000000001264                SwInt2_Handler
 .text.SwInt1_Handler
                0x000000000000126c       0x24 /mnt/c/Users/saxe/Documents/AAAQuickLogic/ActiveProjects/qorc-sdk/qf_apps/qf_tfl_detect/GCC_Project/output/exceptions.o
                0x000000000000126c                SwInt1_Handler
 .text.Ffe0Msg_Handler
                0x0000000000001290        0x8 /mnt/c/Users/saxe/Documents/AAAQuickLogic/ActiveProjects/qorc-sdk/qf_apps/qf_tfl_detect/GCC_Project/output/exceptions.o
                0x0000000000001290                Ffe0Msg_Handler
 .text.lpsdVoiceOffHandler
                0x0000000000001298        0x8 /mnt/c/Users/saxe/Documents/AAAQuickLogic/ActiveProjects/qorc-sdk/qf_apps/qf_tfl_detect/GCC_Project/output/exceptions.o
                0x0000000000001298                lpsdVoiceOffHandler
 .text.dmicVoiceOffHandler
                0x00000000000012a0        0x8 /mnt/c/Users/saxe/Documents/AAAQuickLogic/ActiveProjects/qorc-sdk/qf_apps/qf_tfl_detect/GCC_Project/output/exceptions.o
                0x00000000000012a0                dmicVoiceOffHandler
 .text.vApplicationMallocFailedHook
                0x00000000000012a8       0x24 /mnt/c/Users/saxe/Documents/AAAQuickLogic/ActiveProjects/qorc-sdk/qf_apps/qf_tfl_detect/GCC_Project/output/exceptions.o
                0x00000000000012a8                vApplicationMallocFailedHook
 .text.vApplicationStackOverflowHook
                0x00000000000012cc       0x24 /mnt/c/Users/saxe/Documents/AAAQuickLogic/ActiveProjects/qorc-sdk/qf_apps/qf_tfl_detect/GCC_Project/output/exceptions.o
                0x00000000000012cc                vApplicationStackOverflowHook
 .text.vApplicationTickHook
                0x00000000000012f0        0x2 /mnt/c/Users/saxe/Documents/AAAQuickLogic/ActiveProjects/qorc-sdk/qf_apps/qf_tfl_detect/GCC_Project/output/exceptions.o
                0x00000000000012f0                vApplicationTickHook
 *fill*         0x00000000000012f2        0x2 
 .text.prvInsertBlockIntoFreeList
                0x00000000000012f4       0x74 /mnt/c/Users/saxe/Documents/AAAQuickLogic/ActiveProjects/qorc-sdk/qf_apps/qf_tfl_detect/GCC_Project/output/heap_4.o
 .text.pvPortMalloc
                0x0000000000001368      0x1a0 /mnt/c/Users/saxe/Documents/AAAQuickLogic/ActiveProjects/qorc-sdk/qf_apps/qf_tfl_detect/GCC_Project/output/heap_4.o
                0x0000000000001368                pvPortMalloc
 .text.vListInitialise
                0x0000000000001508       0x16 /mnt/c/Users/saxe/Documents/AAAQuickLogic/ActiveProjects/qorc-sdk/qf_apps/qf_tfl_detect/GCC_Project/output/list.o
                0x0000000000001508                vListInitialise
 .text.vListInitialiseItem
                0x000000000000151e        0x6 /mnt/c/Users/saxe/Documents/AAAQuickLogic/ActiveProjects/qorc-sdk/qf_apps/qf_tfl_detect/GCC_Project/output/list.o
                0x000000000000151e                vListInitialiseItem
 .text.vListInsertEnd
                0x0000000000001524       0x18 /mnt/c/Users/saxe/Documents/AAAQuickLogic/ActiveProjects/qorc-sdk/qf_apps/qf_tfl_detect/GCC_Project/output/list.o
                0x0000000000001524                vListInsertEnd
 .text.vListInsert
                0x000000000000153c       0x2e /mnt/c/Users/saxe/Documents/AAAQuickLogic/ActiveProjects/qorc-sdk/qf_apps/qf_tfl_detect/GCC_Project/output/list.o
                0x000000000000153c                vListInsert
 .text.uxListRemove
                0x000000000000156a       0x22 /mnt/c/Users/saxe/Documents/AAAQuickLogic/ActiveProjects/qorc-sdk/qf_apps/qf_tfl_detect/GCC_Project/output/list.o
                0x000000000000156a                uxListRemove
 .text.startup.main
                0x000000000000158c       0xb0 /mnt/c/Users/saxe/Documents/AAAQuickLogic/ActiveProjects/qorc-sdk/qf_apps/qf_tfl_detect/GCC_Project/output/main.o
                0x000000000000158c                main
 .text.SystemInit
                0x000000000000163c        0x2 /mnt/c/Users/saxe/Documents/AAAQuickLogic/ActiveProjects/qorc-sdk/qf_apps/qf_tfl_detect/GCC_Project/output/main.o
                0x000000000000163c                SystemInit
 *fill*         0x000000000000163e        0x2 
 .text.tfl_main
                0x0000000000001640       0x30 /mnt/c/Users/saxe/Documents/AAAQuickLogic/ActiveProjects/qorc-sdk/qf_apps/qf_tfl_detect/GCC_Project/output/person_detection_benchmark.o
                0x0000000000001640                tfl_main
 .text.SVC_Handler
                0x0000000000001670       0x24 /mnt/c/Users/saxe/Documents/AAAQuickLogic/ActiveProjects/qorc-sdk/qf_apps/qf_tfl_detect/GCC_Project/output/port.o
                0x0000000000001670                SVC_Handler
 .text.vPortEnterCritical
                0x0000000000001694       0x58 /mnt/c/Users/saxe/Documents/AAAQuickLogic/ActiveProjects/qorc-sdk/qf_apps/qf_tfl_detect/GCC_Project/output/port.o
                0x0000000000001694                vPortEnterCritical
 .text.vPortExitCritical
                0x00000000000016ec       0x3c /mnt/c/Users/saxe/Documents/AAAQuickLogic/ActiveProjects/qorc-sdk/qf_apps/qf_tfl_detect/GCC_Project/output/port.o
                0x00000000000016ec                vPortExitCritical
 *fill*         0x0000000000001728        0x8 
 .text.PendSV_Handler
                0x0000000000001730       0x64 /mnt/c/Users/saxe/Documents/AAAQuickLogic/ActiveProjects/qorc-sdk/qf_apps/qf_tfl_detect/GCC_Project/output/port.o
                0x0000000000001730                PendSV_Handler
 .text.xPortSysTickHandler
                0x0000000000001794       0x2c /mnt/c/Users/saxe/Documents/AAAQuickLogic/ActiveProjects/qorc-sdk/qf_apps/qf_tfl_detect/GCC_Project/output/port.o
                0x0000000000001794                xPortSysTickHandler
 .text.vPortValidateInterruptPriority
                0x00000000000017c0       0x7c /mnt/c/Users/saxe/Documents/AAAQuickLogic/ActiveProjects/qorc-sdk/qf_apps/qf_tfl_detect/GCC_Project/output/port.o
                0x00000000000017c0                vPortValidateInterruptPriority
 .text.system_init
                0x000000000000183c       0x6c /mnt/c/Users/saxe/Documents/AAAQuickLogic/ActiveProjects/qorc-sdk/qf_apps/qf_tfl_detect/GCC_Project/output/qf_hardwaresetup.o
                0x000000000000183c                system_init
 .text.qf_hardwareSetup
                0x00000000000018a8       0x74 /mnt/c/Users/saxe/Documents/AAAQuickLogic/ActiveProjects/qorc-sdk/qf_apps/qf_tfl_detect/GCC_Project/output/qf_hardwaresetup.o
                0x00000000000018a8                qf_hardwareSetup
 .text.prvIsQueueEmpty
                0x000000000000191c       0x16 /mnt/c/Users/saxe/Documents/AAAQuickLogic/ActiveProjects/qorc-sdk/qf_apps/qf_tfl_detect/GCC_Project/output/queue.o
 .text.prvCopyDataToQueue
                0x0000000000001932       0x72 /mnt/c/Users/saxe/Documents/AAAQuickLogic/ActiveProjects/qorc-sdk/qf_apps/qf_tfl_detect/GCC_Project/output/queue.o
 .text.prvUnlockQueue
                0x00000000000019a4       0x70 /mnt/c/Users/saxe/Documents/AAAQuickLogic/ActiveProjects/qorc-sdk/qf_apps/qf_tfl_detect/GCC_Project/output/queue.o
 .text.xQueueGenericReset
                0x0000000000001a14       0x90 /mnt/c/Users/saxe/Documents/AAAQuickLogic/ActiveProjects/qorc-sdk/qf_apps/qf_tfl_detect/GCC_Project/output/queue.o
                0x0000000000001a14                xQueueGenericReset
 .text.xQueueGenericCreate
                0x0000000000001aa4       0x74 /mnt/c/Users/saxe/Documents/AAAQuickLogic/ActiveProjects/qorc-sdk/qf_apps/qf_tfl_detect/GCC_Project/output/queue.o
                0x0000000000001aa4                xQueueGenericCreate
 .text.xQueueGenericSend
                0x0000000000001b18      0x198 /mnt/c/Users/saxe/Documents/AAAQuickLogic/ActiveProjects/qorc-sdk/qf_apps/qf_tfl_detect/GCC_Project/output/queue.o
                0x0000000000001b18                xQueueGenericSend
 .text.xQueueGenericSendFromISR
                0x0000000000001cb0       0xf0 /mnt/c/Users/saxe/Documents/AAAQuickLogic/ActiveProjects/qorc-sdk/qf_apps/qf_tfl_detect/GCC_Project/output/queue.o
                0x0000000000001cb0                xQueueGenericSendFromISR
 .text.xQueueGenericSendFromISRDebug
                0x0000000000001da0       0x30 /mnt/c/Users/saxe/Documents/AAAQuickLogic/ActiveProjects/qorc-sdk/qf_apps/qf_tfl_detect/GCC_Project/output/queue.o
                0x0000000000001da0                xQueueGenericSendFromISRDebug
 .text.xQueueGiveFromISR
                0x0000000000001dd0       0xdc /mnt/c/Users/saxe/Documents/AAAQuickLogic/ActiveProjects/qorc-sdk/qf_apps/qf_tfl_detect/GCC_Project/output/queue.o
                0x0000000000001dd0                xQueueGiveFromISR
 .text.xQueueSemaphoreTake
                0x0000000000001eac      0x1b0 /mnt/c/Users/saxe/Documents/AAAQuickLogic/ActiveProjects/qorc-sdk/qf_apps/qf_tfl_detect/GCC_Project/output/queue.o
                0x0000000000001eac                xQueueSemaphoreTake
 .text.vQueueAddToRegistry
                0x000000000000205c       0x10 /mnt/c/Users/saxe/Documents/AAAQuickLogic/ActiveProjects/qorc-sdk/qf_apps/qf_tfl_detect/GCC_Project/output/queue.o
                0x000000000000205c                vQueueAddToRegistry
 .text.s3x_clkd_write_div
                0x000000000000206c       0xa8 /mnt/c/Users/saxe/Documents/AAAQuickLogic/ActiveProjects/qorc-sdk/qf_apps/qf_tfl_detect/GCC_Project/output/s3x_clock.o
 .text.s3x_clkd_read_div
                0x0000000000002114       0x44 /mnt/c/Users/saxe/Documents/AAAQuickLogic/ActiveProjects/qorc-sdk/qf_apps/qf_tfl_detect/GCC_Project/output/s3x_clock.o
 .text.s3x_clkd_cal_div
                0x0000000000002158       0x38 /mnt/c/Users/saxe/Documents/AAAQuickLogic/ActiveProjects/qorc-sdk/qf_apps/qf_tfl_detect/GCC_Project/output/s3x_clock.o
 .text.S3x_Id_To_Domain
                0x0000000000002190       0x1c /mnt/c/Users/saxe/Documents/AAAQuickLogic/ActiveProjects/qorc-sdk/qf_apps/qf_tfl_detect/GCC_Project/output/s3x_clock.o
                0x0000000000002190                S3x_Id_To_Domain
 .text.s3x_clkd_update_div_val
                0x00000000000021ac       0x44 /mnt/c/Users/saxe/Documents/AAAQuickLogic/ActiveProjects/qorc-sdk/qf_apps/qf_tfl_detect/GCC_Project/output/s3x_clock.o
                0x00000000000021ac                s3x_clkd_update_div_val
 .text.s3x_clkd_update_fd_rate
                0x00000000000021f0        0xe /mnt/c/Users/saxe/Documents/AAAQuickLogic/ActiveProjects/qorc-sdk/qf_apps/qf_tfl_detect/GCC_Project/output/s3x_clock.o
                0x00000000000021f0                s3x_clkd_update_fd_rate
 *fill*         0x00000000000021fe        0x2 
 .text.s3x_clkd_update_sd_div
                0x0000000000002200       0x54 /mnt/c/Users/saxe/Documents/AAAQuickLogic/ActiveProjects/qorc-sdk/qf_apps/qf_tfl_detect/GCC_Project/output/s3x_clock.o
 .text.s3x_clkd_update_all_src_div
                0x0000000000002254       0xd0 /mnt/c/Users/saxe/Documents/AAAQuickLogic/ActiveProjects/qorc-sdk/qf_apps/qf_tfl_detect/GCC_Project/output/s3x_clock.o
                0x0000000000002254                s3x_clkd_update_all_src_div
 .text.S3x_Clkd_Get_Hsosc_Rate
                0x0000000000002324       0x34 /mnt/c/Users/saxe/Documents/AAAQuickLogic/ActiveProjects/qorc-sdk/qf_apps/qf_tfl_detect/GCC_Project/output/s3x_clock.o
                0x0000000000002324                S3x_Clkd_Get_Hsosc_Rate
 .text.S3x_Clkd_Change_Hsosc
                0x0000000000002358       0x70 /mnt/c/Users/saxe/Documents/AAAQuickLogic/ActiveProjects/qorc-sdk/qf_apps/qf_tfl_detect/GCC_Project/output/s3x_clock.o
                0x0000000000002358                S3x_Clkd_Change_Hsosc
 .text.s3x_clkd_get_src_rate
                0x00000000000023c8       0x12 /mnt/c/Users/saxe/Documents/AAAQuickLogic/ActiveProjects/qorc-sdk/qf_apps/qf_tfl_detect/GCC_Project/output/s3x_clock.o
                0x00000000000023c8                s3x_clkd_get_src_rate
 *fill*         0x00000000000023da        0x2 
 .text.s3x_clkd_get_div
                0x00000000000023dc       0x60 /mnt/c/Users/saxe/Documents/AAAQuickLogic/ActiveProjects/qorc-sdk/qf_apps/qf_tfl_detect/GCC_Project/output/s3x_clock.o
                0x00000000000023dc                s3x_clkd_get_div
 .text.s3x_clkd_srate
                0x000000000000243c      0x138 /mnt/c/Users/saxe/Documents/AAAQuickLogic/ActiveProjects/qorc-sdk/qf_apps/qf_tfl_detect/GCC_Project/output/s3x_clock.o
 .text.s3x_clkd_grate
                0x0000000000002574       0x68 /mnt/c/Users/saxe/Documents/AAAQuickLogic/ActiveProjects/qorc-sdk/qf_apps/qf_tfl_detect/GCC_Project/output/s3x_clock.o
 .text.s3x_clkd_set_src_div_st
                0x00000000000025dc       0x50 /mnt/c/Users/saxe/Documents/AAAQuickLogic/ActiveProjects/qorc-sdk/qf_apps/qf_tfl_detect/GCC_Project/output/s3x_clock.o
 .text.s3x_update_clk_rate
                0x000000000000262c       0xb0 /mnt/c/Users/saxe/Documents/AAAQuickLogic/ActiveProjects/qorc-sdk/qf_apps/qf_tfl_detect/GCC_Project/output/s3x_clock.o
                0x000000000000262c                s3x_update_clk_rate
 .text.s3x_clkd_get_gate_mask_st
                0x00000000000026dc       0x16 /mnt/c/Users/saxe/Documents/AAAQuickLogic/ActiveProjects/qorc-sdk/qf_apps/qf_tfl_detect/GCC_Project/output/s3x_clock.o
                0x00000000000026dc                s3x_clkd_get_gate_mask_st
 *fill*         0x00000000000026f2        0x2 
 .text.s3x_clkd_set_gate_mask
                0x00000000000026f4       0x50 /mnt/c/Users/saxe/Documents/AAAQuickLogic/ActiveProjects/qorc-sdk/qf_apps/qf_tfl_detect/GCC_Project/output/s3x_clock.o
                0x00000000000026f4                s3x_clkd_set_gate_mask
 .text.s3x_clkd_enable_gate
                0x0000000000002744       0x68 /mnt/c/Users/saxe/Documents/AAAQuickLogic/ActiveProjects/qorc-sdk/qf_apps/qf_tfl_detect/GCC_Project/output/s3x_clock.o
 .text.s3x_clkd_disable_gate
                0x00000000000027ac       0x54 /mnt/c/Users/saxe/Documents/AAAQuickLogic/ActiveProjects/qorc-sdk/qf_apps/qf_tfl_detect/GCC_Project/output/s3x_clock.o
 .text._S3x_Clk_Enable
                0x0000000000002800       0xb8 /mnt/c/Users/saxe/Documents/AAAQuickLogic/ActiveProjects/qorc-sdk/qf_apps/qf_tfl_detect/GCC_Project/output/s3x_clock.o
                0x0000000000002800                _S3x_Clk_Enable
 .text._S3x_Clk_Disable
                0x00000000000028b8       0xc8 /mnt/c/Users/saxe/Documents/AAAQuickLogic/ActiveProjects/qorc-sdk/qf_apps/qf_tfl_detect/GCC_Project/output/s3x_clock.o
                0x00000000000028b8                _S3x_Clk_Disable
 .text._S3x_Clk_Get_Status
                0x0000000000002980       0x2c /mnt/c/Users/saxe/Documents/AAAQuickLogic/ActiveProjects/qorc-sdk/qf_apps/qf_tfl_detect/GCC_Project/output/s3x_clock.o
                0x0000000000002980                _S3x_Clk_Get_Status
 .text._S3x_Clk_Get_Rate
                0x00000000000029ac       0x28 /mnt/c/Users/saxe/Documents/AAAQuickLogic/ActiveProjects/qorc-sdk/qf_apps/qf_tfl_detect/GCC_Project/output/s3x_clock.o
                0x00000000000029ac                _S3x_Clk_Get_Rate
 .text.S3x_Clk_Init
                0x00000000000029d4      0x160 /mnt/c/Users/saxe/Documents/AAAQuickLogic/ActiveProjects/qorc-sdk/qf_apps/qf_tfl_detect/GCC_Project/output/s3x_clock.o
                0x00000000000029d4                S3x_Clk_Init
 .text.S3x_Clk_Enable
                0x0000000000002b34        0x4 /mnt/c/Users/saxe/Documents/AAAQuickLogic/ActiveProjects/qorc-sdk/qf_apps/qf_tfl_detect/GCC_Project/output/s3x_clock_hal.o
                0x0000000000002b34                S3x_Clk_Enable
 .text.S3x_Clk_Disable
                0x0000000000002b38        0x4 /mnt/c/Users/saxe/Documents/AAAQuickLogic/ActiveProjects/qorc-sdk/qf_apps/qf_tfl_detect/GCC_Project/output/s3x_clock_hal.o
                0x0000000000002b38                S3x_Clk_Disable
 .text.S3x_Clk_Get_Rate
                0x0000000000002b3c        0x4 /mnt/c/Users/saxe/Documents/AAAQuickLogic/ActiveProjects/qorc-sdk/qf_apps/qf_tfl_detect/GCC_Project/output/s3x_clock_hal.o
                0x0000000000002b3c                S3x_Clk_Get_Rate
 .text.DFS_cpuload
                0x0000000000002b40       0x64 /mnt/c/Users/saxe/Documents/AAAQuickLogic/ActiveProjects/qorc-sdk/qf_apps/qf_tfl_detect/GCC_Project/output/s3x_cpuload.o
                0x0000000000002b40                DFS_cpuload
 .text.DFS_resetsleepticks
                0x0000000000002ba4        0xc /mnt/c/Users/saxe/Documents/AAAQuickLogic/ActiveProjects/qorc-sdk/qf_apps/qf_tfl_detect/GCC_Project/output/s3x_cpuload.o
                0x0000000000002ba4                DFS_resetsleepticks
 .text.DFS_UpdateTimer
                0x0000000000002bb0       0x5c /mnt/c/Users/saxe/Documents/AAAQuickLogic/ActiveProjects/qorc-sdk/qf_apps/qf_tfl_detect/GCC_Project/output/s3x_dfs.o
 .text.DFS_StartTimer
                0x0000000000002c0c       0x88 /mnt/c/Users/saxe/Documents/AAAQuickLogic/ActiveProjects/qorc-sdk/qf_apps/qf_tfl_detect/GCC_Project/output/s3x_dfs.o
                0x0000000000002c0c                DFS_StartTimer
 .text.S3x_Set_Policy
                0x0000000000002c94      0x108 /mnt/c/Users/saxe/Documents/AAAQuickLogic/ActiveProjects/qorc-sdk/qf_apps/qf_tfl_detect/GCC_Project/output/s3x_dfs.o
                0x0000000000002c94                S3x_Set_Policy
 .text.S3x_get_max_rate_dfs_node
                0x0000000000002d9c       0x28 /mnt/c/Users/saxe/Documents/AAAQuickLogic/ActiveProjects/qorc-sdk/qf_apps/qf_tfl_detect/GCC_Project/output/s3x_dfs.o
                0x0000000000002d9c                S3x_get_max_rate_dfs_node
 .text.S3x_Stepup_Policy
                0x0000000000002dc4       0x80 /mnt/c/Users/saxe/Documents/AAAQuickLogic/ActiveProjects/qorc-sdk/qf_apps/qf_tfl_detect/GCC_Project/output/s3x_dfs.o
 .text.DFS_TimerCB
                0x0000000000002e44        0xe /mnt/c/Users/saxe/Documents/AAAQuickLogic/ActiveProjects/qorc-sdk/qf_apps/qf_tfl_detect/GCC_Project/output/s3x_dfs.o
 *fill*         0x0000000000002e52        0x2 
 .text.DFS_Get_Curr_Policy
                0x0000000000002e54        0xc /mnt/c/Users/saxe/Documents/AAAQuickLogic/ActiveProjects/qorc-sdk/qf_apps/qf_tfl_detect/GCC_Project/output/s3x_dfs.o
                0x0000000000002e54                DFS_Get_Curr_Policy
 .text.DFS_Initialize
                0x0000000000002e60       0x14 /mnt/c/Users/saxe/Documents/AAAQuickLogic/ActiveProjects/qorc-sdk/qf_apps/qf_tfl_detect/GCC_Project/output/s3x_dfs.o
                0x0000000000002e60                DFS_Initialize
 .text.S3x_Register_Lpm_Cb
                0x0000000000002e74       0x3c /mnt/c/Users/saxe/Documents/AAAQuickLogic/ActiveProjects/qorc-sdk/qf_apps/qf_tfl_detect/GCC_Project/output/s3x_lpm.o
                0x0000000000002e74                S3x_Register_Lpm_Cb
 .text.s3x_setup_systick_interrupt
                0x0000000000002eb0       0x54 /mnt/c/Users/saxe/Documents/AAAQuickLogic/ActiveProjects/qorc-sdk/qf_apps/qf_tfl_detect/GCC_Project/output/s3x_lpm.o
                0x0000000000002eb0                s3x_setup_systick_interrupt
 .text.SysTick_Handler
                0x0000000000002f04       0x12 /mnt/c/Users/saxe/Documents/AAAQuickLogic/ActiveProjects/qorc-sdk/qf_apps/qf_tfl_detect/GCC_Project/output/s3x_lpm.o
                0x0000000000002f04                SysTick_Handler
 *fill*         0x0000000000002f16        0x2 
 .text.s3x_get_pi
                0x0000000000002f18       0x20 /mnt/c/Users/saxe/Documents/AAAQuickLogic/ActiveProjects/qorc-sdk/qf_apps/qf_tfl_detect/GCC_Project/output/s3x_pi.o
                0x0000000000002f18                s3x_get_pi
 .text.s3x_get_pi_gindex
                0x0000000000002f38       0x14 /mnt/c/Users/saxe/Documents/AAAQuickLogic/ActiveProjects/qorc-sdk/qf_apps/qf_tfl_detect/GCC_Project/output/s3x_pi.o
                0x0000000000002f38                s3x_get_pi_gindex
 .text.s3x_pi_get_st
                0x0000000000002f4c       0x26 /mnt/c/Users/saxe/Documents/AAAQuickLogic/ActiveProjects/qorc-sdk/qf_apps/qf_tfl_detect/GCC_Project/output/s3x_pi.o
                0x0000000000002f4c                s3x_pi_get_st
 *fill*         0x0000000000002f72        0x2 
 .text.s3x_pi_set_cfg_st
                0x0000000000002f74       0x94 /mnt/c/Users/saxe/Documents/AAAQuickLogic/ActiveProjects/qorc-sdk/qf_apps/qf_tfl_detect/GCC_Project/output/s3x_pi.o
                0x0000000000002f74                s3x_pi_set_cfg_st
 .text.s3x_pi_set_active_st
                0x0000000000003008       0xa0 /mnt/c/Users/saxe/Documents/AAAQuickLogic/ActiveProjects/qorc-sdk/qf_apps/qf_tfl_detect/GCC_Project/output/s3x_pi.o
                0x0000000000003008                s3x_pi_set_active_st
 .text.s3x_pi_get_clkg_st
                0x00000000000030a8       0x36 /mnt/c/Users/saxe/Documents/AAAQuickLogic/ActiveProjects/qorc-sdk/qf_apps/qf_tfl_detect/GCC_Project/output/s3x_pi.o
                0x00000000000030a8                s3x_pi_get_clkg_st
 .text.s3x_pi_set_clkg_st
                0x00000000000030de       0x26 /mnt/c/Users/saxe/Documents/AAAQuickLogic/ActiveProjects/qorc-sdk/qf_apps/qf_tfl_detect/GCC_Project/output/s3x_pi.o
                0x00000000000030de                s3x_pi_set_clkg_st
 .text.s3x_set_pi_state
                0x0000000000003104        0xc /mnt/c/Users/saxe/Documents/AAAQuickLogic/ActiveProjects/qorc-sdk/qf_apps/qf_tfl_detect/GCC_Project/output/s3x_pi.o
                0x0000000000003104                s3x_set_pi_state
 .text.s3x_get_pi_init_state
                0x0000000000003110       0x18 /mnt/c/Users/saxe/Documents/AAAQuickLogic/ActiveProjects/qorc-sdk/qf_apps/qf_tfl_detect/GCC_Project/output/s3x_pi.o
                0x0000000000003110                s3x_get_pi_init_state
 .text.S3x_pi_init
                0x0000000000003128       0x20 /mnt/c/Users/saxe/Documents/AAAQuickLogic/ActiveProjects/qorc-sdk/qf_apps/qf_tfl_detect/GCC_Project/output/s3x_pi.o
                0x0000000000003128                S3x_pi_init
 .text.S3x_pwrcfg_init
                0x0000000000003148       0x2c /mnt/c/Users/saxe/Documents/AAAQuickLogic/ActiveProjects/qorc-sdk/qf_apps/qf_tfl_detect/GCC_Project/output/s3x_pwrcfg.o
                0x0000000000003148                S3x_pwrcfg_init
 .text.S3x_get_qos_rate
                0x0000000000003174       0x38 /mnt/c/Users/saxe/Documents/AAAQuickLogic/ActiveProjects/qorc-sdk/qf_apps/qf_tfl_detect/GCC_Project/output/s3x_qos.o
                0x0000000000003174                S3x_get_qos_rate
 .text.save_assert_info
                0x00000000000031ac       0x74 /mnt/c/Users/saxe/Documents/AAAQuickLogic/ActiveProjects/qorc-sdk/qf_apps/qf_tfl_detect/GCC_Project/output/sec_debug.o
                0x00000000000031ac                save_assert_info
 .text.invoke_soft_fault
                0x0000000000003220       0x20 /mnt/c/Users/saxe/Documents/AAAQuickLogic/ActiveProjects/qorc-sdk/qf_apps/qf_tfl_detect/GCC_Project/output/sec_debug.o
                0x0000000000003220                invoke_soft_fault
 .text.Reset_Handler
                0x0000000000003240       0x2c /mnt/c/Users/saxe/Documents/AAAQuickLogic/ActiveProjects/qorc-sdk/qf_apps/qf_tfl_detect/GCC_Project/output/startup_EOSS3B_GCC.o
                0x0000000000003240                Reset_Handler
 .text.__semihost_call
                0x000000000000326c        0x6 /mnt/c/Users/saxe/Documents/AAAQuickLogic/ActiveProjects/qorc-sdk/qf_apps/qf_tfl_detect/GCC_Project/output/startup_EOSS3B_GCC.o
                0x000000000000326c                __semihost_call
 *fill*         0x0000000000003272        0x2 
 .text.prvResetNextTaskUnblockTime
                0x0000000000003274       0x24 /mnt/c/Users/saxe/Documents/AAAQuickLogic/ActiveProjects/qorc-sdk/qf_apps/qf_tfl_detect/GCC_Project/output/tasks.o
 .text.prvAddCurrentTaskToDelayedList
                0x0000000000003298       0x8c /mnt/c/Users/saxe/Documents/AAAQuickLogic/ActiveProjects/qorc-sdk/qf_apps/qf_tfl_detect/GCC_Project/output/tasks.o
 .text.vTaskSuspendAll
                0x0000000000003324       0x10 /mnt/c/Users/saxe/Documents/AAAQuickLogic/ActiveProjects/qorc-sdk/qf_apps/qf_tfl_detect/GCC_Project/output/tasks.o
                0x0000000000003324                vTaskSuspendAll
 .text.xTaskGetTickCount
                0x0000000000003334        0xc /mnt/c/Users/saxe/Documents/AAAQuickLogic/ActiveProjects/qorc-sdk/qf_apps/qf_tfl_detect/GCC_Project/output/tasks.o
                0x0000000000003334                xTaskGetTickCount
 .text.xTaskIncrementTick
                0x0000000000003340      0x144 /mnt/c/Users/saxe/Documents/AAAQuickLogic/ActiveProjects/qorc-sdk/qf_apps/qf_tfl_detect/GCC_Project/output/tasks.o
                0x0000000000003340                xTaskIncrementTick
 .text.xTaskResumeAll
                0x0000000000003484       0xfc /mnt/c/Users/saxe/Documents/AAAQuickLogic/ActiveProjects/qorc-sdk/qf_apps/qf_tfl_detect/GCC_Project/output/tasks.o
                0x0000000000003484                xTaskResumeAll
 .text.vTaskSwitchContext
                0x0000000000003580       0xb8 /mnt/c/Users/saxe/Documents/AAAQuickLogic/ActiveProjects/qorc-sdk/qf_apps/qf_tfl_detect/GCC_Project/output/tasks.o
                0x0000000000003580                vTaskSwitchContext
 .text.vTaskPlaceOnEventList
                0x0000000000003638       0x48 /mnt/c/Users/saxe/Documents/AAAQuickLogic/ActiveProjects/qorc-sdk/qf_apps/qf_tfl_detect/GCC_Project/output/tasks.o
                0x0000000000003638                vTaskPlaceOnEventList
 .text.xTaskRemoveFromEventList
                0x0000000000003680       0x98 /mnt/c/Users/saxe/Documents/AAAQuickLogic/ActiveProjects/qorc-sdk/qf_apps/qf_tfl_detect/GCC_Project/output/tasks.o
                0x0000000000003680                xTaskRemoveFromEventList
 .text.vTaskInternalSetTimeOutState
                0x0000000000003718       0x18 /mnt/c/Users/saxe/Documents/AAAQuickLogic/ActiveProjects/qorc-sdk/qf_apps/qf_tfl_detect/GCC_Project/output/tasks.o
                0x0000000000003718                vTaskInternalSetTimeOutState
 .text.xTaskCheckForTimeOut
                0x0000000000003730       0x94 /mnt/c/Users/saxe/Documents/AAAQuickLogic/ActiveProjects/qorc-sdk/qf_apps/qf_tfl_detect/GCC_Project/output/tasks.o
                0x0000000000003730                xTaskCheckForTimeOut
 .text.vTaskMissedYield
                0x00000000000037c4        0xc /mnt/c/Users/saxe/Documents/AAAQuickLogic/ActiveProjects/qorc-sdk/qf_apps/qf_tfl_detect/GCC_Project/output/tasks.o
                0x00000000000037c4                vTaskMissedYield
 .text.uxTaskGetTCBNumber
                0x00000000000037d0       0x14 /mnt/c/Users/saxe/Documents/AAAQuickLogic/ActiveProjects/qorc-sdk/qf_apps/qf_tfl_detect/GCC_Project/output/tasks.o
                0x00000000000037d0                uxTaskGetTCBNumber
 .text.xTaskGetCurrentTaskHandle
                0x00000000000037e4        0xc /mnt/c/Users/saxe/Documents/AAAQuickLogic/ActiveProjects/qorc-sdk/qf_apps/qf_tfl_detect/GCC_Project/output/tasks.o
                0x00000000000037e4                xTaskGetCurrentTaskHandle
 .text.xTaskGetSchedulerState
                0x00000000000037f0       0x20 /mnt/c/Users/saxe/Documents/AAAQuickLogic/ActiveProjects/qorc-sdk/qf_apps/qf_tfl_detect/GCC_Project/output/tasks.o
                0x00000000000037f0                xTaskGetSchedulerState
 .text.xTaskPriorityInherit
                0x0000000000003810       0xa4 /mnt/c/Users/saxe/Documents/AAAQuickLogic/ActiveProjects/qorc-sdk/qf_apps/qf_tfl_detect/GCC_Project/output/tasks.o
                0x0000000000003810                xTaskPriorityInherit
 .text.xTaskPriorityDisinherit
                0x00000000000038b4       0xc0 /mnt/c/Users/saxe/Documents/AAAQuickLogic/ActiveProjects/qorc-sdk/qf_apps/qf_tfl_detect/GCC_Project/output/tasks.o
                0x00000000000038b4                xTaskPriorityDisinherit
 .text.vTaskPriorityDisinheritAfterTimeout
                0x0000000000003974       0xd0 /mnt/c/Users/saxe/Documents/AAAQuickLogic/ActiveProjects/qorc-sdk/qf_apps/qf_tfl_detect/GCC_Project/output/tasks.o
                0x0000000000003974                vTaskPriorityDisinheritAfterTimeout
 .text.pvTaskIncrementMutexHeldCount
                0x0000000000003a44       0x18 /mnt/c/Users/saxe/Documents/AAAQuickLogic/ActiveProjects/qorc-sdk/qf_apps/qf_tfl_detect/GCC_Project/output/tasks.o
                0x0000000000003a44                pvTaskIncrementMutexHeldCount
 .text.prvCheckForValidListAndQueue
                0x0000000000003a5c       0x58 /mnt/c/Users/saxe/Documents/AAAQuickLogic/ActiveProjects/qorc-sdk/qf_apps/qf_tfl_detect/GCC_Project/output/timers.o
 .text.xTimerCreate
                0x0000000000003ab4       0x58 /mnt/c/Users/saxe/Documents/AAAQuickLogic/ActiveProjects/qorc-sdk/qf_apps/qf_tfl_detect/GCC_Project/output/timers.o
                0x0000000000003ab4                xTimerCreate
 .text.xTimerGenericCommand
                0x0000000000003b0c       0x70 /mnt/c/Users/saxe/Documents/AAAQuickLogic/ActiveProjects/qorc-sdk/qf_apps/qf_tfl_detect/GCC_Project/output/timers.o
                0x0000000000003b0c                xTimerGenericCommand
 .text._ZN6tflite18MicroErrorReporterD0Ev
                0x0000000000003b7c        0x2 /mnt/c/Users/saxe/Documents/ActiveProjects/tensorflow/tensorflow/lite/micro/tools/make/gen/quicklogic-eos-s3_cortex-m4/lib/libtensorflow-microlite.a(micro_error_reporter.o)
                0x0000000000003b7c                tflite::MicroErrorReporter::~MicroErrorReporter()
                0x0000000000003b7c                tflite::MicroErrorReporter::~MicroErrorReporter()
                0x0000000000003b7c                tflite::MicroErrorReporter::~MicroErrorReporter()
 *fill*         0x0000000000003b7e        0x2 
 .text._ZN6tflite18MicroErrorReporter6ReportEPKcSt9__va_list
                0x0000000000003b80       0x2c /mnt/c/Users/saxe/Documents/ActiveProjects/tensorflow/tensorflow/lite/micro/tools/make/gen/quicklogic-eos-s3_cortex-m4/lib/libtensorflow-microlite.a(micro_error_reporter.o)
                0x0000000000003b80                tflite::MicroErrorReporter::Report(char const*, std::__va_list)
 .text._ZN12_GLOBAL__N_19StrCatStrEPciPKc
                0x0000000000003bac       0x2c /mnt/c/Users/saxe/Documents/ActiveProjects/tensorflow/tensorflow/lite/micro/tools/make/gen/quicklogic-eos-s3_cortex-m4/lib/libtensorflow-microlite.a(micro_string.o)
 .text._ZN12_GLOBAL__N_122FastUInt32ToBufferLeftEmPci
                0x0000000000003bd8       0x3e /mnt/c/Users/saxe/Documents/ActiveProjects/tensorflow/tensorflow/lite/micro/tools/make/gen/quicklogic-eos-s3_cortex-m4/lib/libtensorflow-microlite.a(micro_string.o)
 *fill*         0x0000000000003c16        0x2 
 .text.MicroVsnprintf
                0x0000000000003c18      0x218 /mnt/c/Users/saxe/Documents/ActiveProjects/tensorflow/tensorflow/lite/micro/tools/make/gen/quicklogic-eos-s3_cortex-m4/lib/libtensorflow-microlite.a(micro_string.o)
                0x0000000000003c18                MicroVsnprintf
 .text.DebugLog
                0x0000000000003e30       0x10 /mnt/c/Users/saxe/Documents/ActiveProjects/tensorflow/tensorflow/lite/micro/tools/make/gen/quicklogic-eos-s3_cortex-m4/lib/libtensorflow-microlite.a(debug_log.o)
                0x0000000000003e30                DebugLog
 .text          0x0000000000003e40      0x378 /usr/bin/../lib/gcc/arm-none-eabi/7.3.1/thumb/v7e-m/fpv4-sp/hard/libgcc.a(_arm_addsubdf3.o)
                0x0000000000003e40                __aeabi_drsub
                0x0000000000003e48                __aeabi_dsub
                0x0000000000003e48                __subdf3
                0x0000000000003e4c                __adddf3
                0x0000000000003e4c                __aeabi_dadd
                0x00000000000040c4                __aeabi_ui2d
                0x00000000000040c4                __floatunsidf
                0x00000000000040e4                __floatsidf
                0x00000000000040e4                __aeabi_i2d
                0x0000000000004108                __extendsfdf2
                0x0000000000004108                __aeabi_f2d
                0x000000000000414c                __aeabi_ul2d
                0x000000000000414c                __floatundidf
                0x000000000000415c                __floatdidf
                0x000000000000415c                __aeabi_l2d
 .text          0x00000000000041b8      0x424 /usr/bin/../lib/gcc/arm-none-eabi/7.3.1/thumb/v7e-m/fpv4-sp/hard/libgcc.a(_arm_muldivdf3.o)
                0x00000000000041b8                __aeabi_dmul
                0x00000000000041b8                __muldf3
                0x000000000000440c                __aeabi_ddiv
                0x000000000000440c                __divdf3
 .text          0x00000000000045dc       0x40 /usr/bin/../lib/gcc/arm-none-eabi/7.3.1/thumb/v7e-m/fpv4-sp/hard/libgcc.a(_arm_fixunsdfsi.o)
                0x00000000000045dc                __fixunsdfsi
                0x00000000000045dc                __aeabi_d2uiz
 .text          0x000000000000461c       0xa0 /usr/bin/../lib/gcc/arm-none-eabi/7.3.1/thumb/v7e-m/fpv4-sp/hard/libgcc.a(_arm_truncdfsf2.o)
                0x000000000000461c                __aeabi_d2f
                0x000000000000461c                __truncdfsf2
 .text          0x00000000000046bc      0x9ec /usr/bin/../lib/gcc/arm-none-eabi/7.3.1/thumb/v7e-m/fpv4-sp/hard/libgcc.a(unwind-arm.o)
                0x0000000000004970                _Unwind_GetCFA
                0x0000000000004974                __gnu_Unwind_RaiseException
                0x00000000000049d4                __gnu_Unwind_ForcedUnwind
                0x00000000000049e8                __gnu_Unwind_Resume
                0x0000000000004a2c                __gnu_Unwind_Resume_or_Rethrow
                0x0000000000004a3c                _Unwind_Complete
                0x0000000000004a40                _Unwind_DeleteException
                0x0000000000004a4c                _Unwind_VRS_Get
                0x0000000000004a90                _Unwind_VRS_Set
                0x0000000000004ad8                __gnu_Unwind_Backtrace
                0x0000000000004e1c                __aeabi_unwind_cpp_pr0
                0x0000000000004e20                __aeabi_unwind_cpp_pr1
                0x0000000000004e24                __aeabi_unwind_cpp_pr2
                0x0000000000004e28                _Unwind_VRS_Pop
 .text          0x00000000000050a8      0x1ac /usr/bin/../lib/gcc/arm-none-eabi/7.3.1/thumb/v7e-m/fpv4-sp/hard/libgcc.a(libunwind.o)
                0x00000000000050a8                __restore_core_regs
                0x00000000000050a8                restore_core_regs
                0x00000000000050c0                __gnu_Unwind_Restore_VFP
                0x00000000000050c8                __gnu_Unwind_Save_VFP
                0x00000000000050d0                __gnu_Unwind_Restore_VFP_D
                0x00000000000050d8                __gnu_Unwind_Save_VFP_D
                0x00000000000050e0                __gnu_Unwind_Restore_VFP_D_16_to_31
                0x00000000000050e8                __gnu_Unwind_Save_VFP_D_16_to_31
                0x00000000000050f0                __gnu_Unwind_Restore_WMMXD
                0x0000000000005134                __gnu_Unwind_Save_WMMXD
                0x0000000000005178                __gnu_Unwind_Restore_WMMXC
                0x000000000000518c                __gnu_Unwind_Save_WMMXC
                0x00000000000051a0                ___Unwind_RaiseException
                0x00000000000051a0                _Unwind_RaiseException
                0x00000000000051c4                ___Unwind_Resume
                0x00000000000051c4                _Unwind_Resume
                0x00000000000051e8                _Unwind_Resume_or_Rethrow
                0x00000000000051e8                ___Unwind_Resume_or_Rethrow
                0x000000000000520c                ___Unwind_ForcedUnwind
                0x000000000000520c                _Unwind_ForcedUnwind
                0x0000000000005230                _Unwind_Backtrace
                0x0000000000005230                ___Unwind_Backtrace
 .text          0x0000000000005254      0x374 /usr/bin/../lib/gcc/arm-none-eabi/7.3.1/thumb/v7e-m/fpv4-sp/hard/libgcc.a(pr-support.o)
                0x00000000000052ac                __gnu_unwind_execute
                0x0000000000005570                __gnu_unwind_frame
                0x0000000000005598                _Unwind_GetRegionStart
                0x00000000000055a4                _Unwind_GetLanguageSpecificData
                0x00000000000055b8                _Unwind_GetDataRelBase
                0x00000000000055c0                _Unwind_GetTextRelBase
 .text.abort    0x00000000000055c8        0xe /usr/bin/../lib/gcc/arm-none-eabi/7.3.1/../../../../arm-none-eabi/lib/thumb/v7e-m/fpv4-sp/hard/libg_nano.a(lib_a-abort.o)
                0x00000000000055c8                abort
 *fill*         0x00000000000055d6        0x2 
 .text.exit     0x00000000000055d8       0x28 /usr/bin/../lib/gcc/arm-none-eabi/7.3.1/../../../../arm-none-eabi/lib/thumb/v7e-m/fpv4-sp/hard/libg_nano.a(lib_a-exit.o)
                0x00000000000055d8                exit
 .text._fputs_r
                0x0000000000005600       0x90 /usr/bin/../lib/gcc/arm-none-eabi/7.3.1/../../../../arm-none-eabi/lib/thumb/v7e-m/fpv4-sp/hard/libg_nano.a(lib_a-fputs.o)
                0x0000000000005600                _fputs_r
 .text.fputs    0x0000000000005690       0x10 /usr/bin/../lib/gcc/arm-none-eabi/7.3.1/../../../../arm-none-eabi/lib/thumb/v7e-m/fpv4-sp/hard/libg_nano.a(lib_a-fputs.o)
                0x0000000000005690                fputs
 .text.__libc_init_array
                0x00000000000056a0       0x48 /usr/bin/../lib/gcc/arm-none-eabi/7.3.1/../../../../arm-none-eabi/lib/thumb/v7e-m/fpv4-sp/hard/libg_nano.a(lib_a-init.o)
                0x00000000000056a0                __libc_init_array
 .text.memcpy   0x00000000000056e8       0x16 /usr/bin/../lib/gcc/arm-none-eabi/7.3.1/../../../../arm-none-eabi/lib/thumb/v7e-m/fpv4-sp/hard/libg_nano.a(lib_a-memcpy-stub.o)
                0x00000000000056e8                memcpy
 .text.memset   0x00000000000056fe       0x10 /usr/bin/../lib/gcc/arm-none-eabi/7.3.1/../../../../arm-none-eabi/lib/thumb/v7e-m/fpv4-sp/hard/libg_nano.a(lib_a-memset.o)
                0x00000000000056fe                memset
 *fill*         0x000000000000570e        0x2 
 .text._free_r  0x0000000000005710       0x9c /usr/bin/../lib/gcc/arm-none-eabi/7.3.1/../../../../arm-none-eabi/lib/thumb/v7e-m/fpv4-sp/hard/libg_nano.a(lib_a-nano-freer.o)
                0x0000000000005710                _free_r
 .text._malloc_r
                0x00000000000057ac       0xb4 /usr/bin/../lib/gcc/arm-none-eabi/7.3.1/../../../../arm-none-eabi/lib/thumb/v7e-m/fpv4-sp/hard/libg_nano.a(lib_a-nano-mallocr.o)
                0x00000000000057ac                _malloc_r
 .text.printf   0x0000000000005860       0x30 /usr/bin/../lib/gcc/arm-none-eabi/7.3.1/../../../../arm-none-eabi/lib/thumb/v7e-m/fpv4-sp/hard/libg_nano.a(lib_a-printf.o)
                0x0000000000005860                printf
                0x0000000000005860                iprintf
 .text._puts_r  0x0000000000005890       0xb8 /usr/bin/../lib/gcc/arm-none-eabi/7.3.1/../../../../arm-none-eabi/lib/thumb/v7e-m/fpv4-sp/hard/libg_nano.a(lib_a-puts.o)
                0x0000000000005890                _puts_r
 .text.puts     0x0000000000005948       0x10 /usr/bin/../lib/gcc/arm-none-eabi/7.3.1/../../../../arm-none-eabi/lib/thumb/v7e-m/fpv4-sp/hard/libg_nano.a(lib_a-puts.o)
                0x0000000000005948                puts
 .text._sbrk_r  0x0000000000005958       0x20 /usr/bin/../lib/gcc/arm-none-eabi/7.3.1/../../../../arm-none-eabi/lib/thumb/v7e-m/fpv4-sp/hard/libg_nano.a(lib_a-sbrkr.o)
                0x0000000000005958                _sbrk_r
 .text._raise_r
                0x0000000000005978       0x50 /usr/bin/../lib/gcc/arm-none-eabi/7.3.1/../../../../arm-none-eabi/lib/thumb/v7e-m/fpv4-sp/hard/libg_nano.a(lib_a-signal.o)
                0x0000000000005978                _raise_r
 .text.raise    0x00000000000059c8       0x10 /usr/bin/../lib/gcc/arm-none-eabi/7.3.1/../../../../arm-none-eabi/lib/thumb/v7e-m/fpv4-sp/hard/libg_nano.a(lib_a-signal.o)
                0x00000000000059c8                raise
 .text._kill_r  0x00000000000059d8       0x24 /usr/bin/../lib/gcc/arm-none-eabi/7.3.1/../../../../arm-none-eabi/lib/thumb/v7e-m/fpv4-sp/hard/libg_nano.a(lib_a-signalr.o)
                0x00000000000059d8                _kill_r
 .text._getpid_r
                0x00000000000059fc        0x4 /usr/bin/../lib/gcc/arm-none-eabi/7.3.1/../../../../arm-none-eabi/lib/thumb/v7e-m/fpv4-sp/hard/libg_nano.a(lib_a-signalr.o)
                0x00000000000059fc                _getpid_r
 .text.snprintf
                0x0000000000005a00       0x68 /usr/bin/../lib/gcc/arm-none-eabi/7.3.1/../../../../arm-none-eabi/lib/thumb/v7e-m/fpv4-sp/hard/libg_nano.a(lib_a-snprintf.o)
                0x0000000000005a00                snprintf
                0x0000000000005a00                sniprintf
 .text.sprintf  0x0000000000005a68       0x40 /usr/bin/../lib/gcc/arm-none-eabi/7.3.1/../../../../arm-none-eabi/lib/thumb/v7e-m/fpv4-sp/hard/libg_nano.a(lib_a-sprintf.o)
                0x0000000000005a68                sprintf
                0x0000000000005a68                siprintf
 .text.strchr   0x0000000000005aa8       0x1a /usr/bin/../lib/gcc/arm-none-eabi/7.3.1/../../../../arm-none-eabi/lib/thumb/v7e-m/fpv4-sp/hard/libg_nano.a(lib_a-strchr.o)
                0x0000000000005aa8                strchr
 .text.strcpy   0x0000000000005ac2       0x10 /usr/bin/../lib/gcc/arm-none-eabi/7.3.1/../../../../arm-none-eabi/lib/thumb/v7e-m/fpv4-sp/hard/libg_nano.a(lib_a-strcpy.o)
                0x0000000000005ac2                strcpy
 .text          0x0000000000005ad2       0x10 /usr/bin/../lib/gcc/arm-none-eabi/7.3.1/../../../../arm-none-eabi/lib/thumb/v7e-m/fpv4-sp/hard/libg_nano.a(lib_a-strlen.o)
                0x0000000000005ad2                strlen
 .text.strncpy  0x0000000000005ae2       0x2a /usr/bin/../lib/gcc/arm-none-eabi/7.3.1/../../../../arm-none-eabi/lib/thumb/v7e-m/fpv4-sp/hard/libg_nano.a(lib_a-strncpy.o)
                0x0000000000005ae2                strncpy
 .text.strrchr  0x0000000000005b0c       0x28 /usr/bin/../lib/gcc/arm-none-eabi/7.3.1/../../../../arm-none-eabi/lib/thumb/v7e-m/fpv4-sp/hard/libg_nano.a(lib_a-strrchr.o)
                0x0000000000005b0c                strrchr
 .text.__swbuf_r
                0x0000000000005b34       0xa4 /usr/bin/../lib/gcc/arm-none-eabi/7.3.1/../../../../arm-none-eabi/lib/thumb/v7e-m/fpv4-sp/hard/libg_nano.a(lib_a-wbuf.o)
                0x0000000000005b34                __swbuf_r
 .text.__swsetup_r
                0x0000000000005bd8       0xdc /usr/bin/../lib/gcc/arm-none-eabi/7.3.1/../../../../arm-none-eabi/lib/thumb/v7e-m/fpv4-sp/hard/libg_nano.a(lib_a-wsetup.o)
                0x0000000000005bd8                __swsetup_r
 .text.__sflush_r
                0x0000000000005cb4      0x10c /usr/bin/../lib/gcc/arm-none-eabi/7.3.1/../../../../arm-none-eabi/lib/thumb/v7e-m/fpv4-sp/hard/libg_nano.a(lib_a-fflush.o)
                0x0000000000005cb4                __sflush_r
 .text._fflush_r
                0x0000000000005dc0       0x54 /usr/bin/../lib/gcc/arm-none-eabi/7.3.1/../../../../arm-none-eabi/lib/thumb/v7e-m/fpv4-sp/hard/libg_nano.a(lib_a-fflush.o)
                0x0000000000005dc0                _fflush_r
 .text.std      0x0000000000005e14       0x48 /usr/bin/../lib/gcc/arm-none-eabi/7.3.1/../../../../arm-none-eabi/lib/thumb/v7e-m/fpv4-sp/hard/libg_nano.a(lib_a-findfp.o)
 .text._cleanup_r
                0x0000000000005e5c        0xc /usr/bin/../lib/gcc/arm-none-eabi/7.3.1/../../../../arm-none-eabi/lib/thumb/v7e-m/fpv4-sp/hard/libg_nano.a(lib_a-findfp.o)
                0x0000000000005e5c                _cleanup_r
 .text.__sfmoreglue
                0x0000000000005e68       0x2c /usr/bin/../lib/gcc/arm-none-eabi/7.3.1/../../../../arm-none-eabi/lib/thumb/v7e-m/fpv4-sp/hard/libg_nano.a(lib_a-findfp.o)
                0x0000000000005e68                __sfmoreglue
 .text.__sinit  0x0000000000005e94       0x60 /usr/bin/../lib/gcc/arm-none-eabi/7.3.1/../../../../arm-none-eabi/lib/thumb/v7e-m/fpv4-sp/hard/libg_nano.a(lib_a-findfp.o)
                0x0000000000005e94                __sinit
 .text.__sfp    0x0000000000005ef4       0x78 /usr/bin/../lib/gcc/arm-none-eabi/7.3.1/../../../../arm-none-eabi/lib/thumb/v7e-m/fpv4-sp/hard/libg_nano.a(lib_a-findfp.o)
                0x0000000000005ef4                __sfp
 .text._fwalk_reent
                0x0000000000005f6c       0x3c /usr/bin/../lib/gcc/arm-none-eabi/7.3.1/../../../../arm-none-eabi/lib/thumb/v7e-m/fpv4-sp/hard/libg_nano.a(lib_a-fwalk.o)
                0x0000000000005f6c                _fwalk_reent
 .text.__swhatbuf_r
                0x0000000000005fa8       0x48 /usr/bin/../lib/gcc/arm-none-eabi/7.3.1/../../../../arm-none-eabi/lib/thumb/v7e-m/fpv4-sp/hard/libg_nano.a(lib_a-makebuf.o)
                0x0000000000005fa8                __swhatbuf_r
 .text.__smakebuf_r
                0x0000000000005ff0       0x80 /usr/bin/../lib/gcc/arm-none-eabi/7.3.1/../../../../arm-none-eabi/lib/thumb/v7e-m/fpv4-sp/hard/libg_nano.a(lib_a-makebuf.o)
                0x0000000000005ff0                __smakebuf_r
 .text.__malloc_lock
                0x0000000000006070        0x2 /usr/bin/../lib/gcc/arm-none-eabi/7.3.1/../../../../arm-none-eabi/lib/thumb/v7e-m/fpv4-sp/hard/libg_nano.a(lib_a-mlock.o)
                0x0000000000006070                __malloc_lock
 .text.__malloc_unlock
                0x0000000000006072        0x2 /usr/bin/../lib/gcc/arm-none-eabi/7.3.1/../../../../arm-none-eabi/lib/thumb/v7e-m/fpv4-sp/hard/libg_nano.a(lib_a-mlock.o)
                0x0000000000006072                __malloc_unlock
 .text.__ssputs_r
                0x0000000000006074       0xb4 /usr/bin/../lib/gcc/arm-none-eabi/7.3.1/../../../../arm-none-eabi/lib/thumb/v7e-m/fpv4-sp/hard/libg_nano.a(lib_a-nano-svfprintf.o)
                0x0000000000006074                __ssputs_r
 .text._svfprintf_r
                0x0000000000006128      0x1f0 /usr/bin/../lib/gcc/arm-none-eabi/7.3.1/../../../../arm-none-eabi/lib/thumb/v7e-m/fpv4-sp/hard/libg_nano.a(lib_a-nano-svfprintf.o)
                0x0000000000006128                _svfprintf_r
                0x0000000000006128                _svfiprintf_r
 .text.__sfputc_r
                0x0000000000006318       0x2e /usr/bin/../lib/gcc/arm-none-eabi/7.3.1/../../../../arm-none-eabi/lib/thumb/v7e-m/fpv4-sp/hard/libg_nano.a(lib_a-nano-vfprintf.o)
 .text.__sfputs_r
                0x0000000000006346       0x24 /usr/bin/../lib/gcc/arm-none-eabi/7.3.1/../../../../arm-none-eabi/lib/thumb/v7e-m/fpv4-sp/hard/libg_nano.a(lib_a-nano-vfprintf.o)
                0x0000000000006346                __sfputs_r
 *fill*         0x000000000000636a        0x2 
 .text._vfprintf_r
                0x000000000000636c      0x22c /usr/bin/../lib/gcc/arm-none-eabi/7.3.1/../../../../arm-none-eabi/lib/thumb/v7e-m/fpv4-sp/hard/libg_nano.a(lib_a-nano-vfprintf.o)
                0x000000000000636c                _vfiprintf_r
                0x000000000000636c                _vfprintf_r
 .text._printf_common
                0x0000000000006598       0xea /usr/bin/../lib/gcc/arm-none-eabi/7.3.1/../../../../arm-none-eabi/lib/thumb/v7e-m/fpv4-sp/hard/libg_nano.a(lib_a-nano-vfprintf_i.o)
                0x0000000000006598                _printf_common
 *fill*         0x0000000000006682        0x2 
 .text._printf_i
                0x0000000000006684      0x224 /usr/bin/../lib/gcc/arm-none-eabi/7.3.1/../../../../arm-none-eabi/lib/thumb/v7e-m/fpv4-sp/hard/libg_nano.a(lib_a-nano-vfprintf_i.o)
                0x0000000000006684                _printf_i
 .text.__sread  0x00000000000068a8       0x22 /usr/bin/../lib/gcc/arm-none-eabi/7.3.1/../../../../arm-none-eabi/lib/thumb/v7e-m/fpv4-sp/hard/libg_nano.a(lib_a-stdio.o)
                0x00000000000068a8                __sread
 .text.__swrite
                0x00000000000068ca       0x38 /usr/bin/../lib/gcc/arm-none-eabi/7.3.1/../../../../arm-none-eabi/lib/thumb/v7e-m/fpv4-sp/hard/libg_nano.a(lib_a-stdio.o)
                0x00000000000068ca                __swrite
 .text.__sseek  0x0000000000006902       0x24 /usr/bin/../lib/gcc/arm-none-eabi/7.3.1/../../../../arm-none-eabi/lib/thumb/v7e-m/fpv4-sp/hard/libg_nano.a(lib_a-stdio.o)
                0x0000000000006902                __sseek
 .text.__sclose
                0x0000000000006926        0x8 /usr/bin/../lib/gcc/arm-none-eabi/7.3.1/../../../../arm-none-eabi/lib/thumb/v7e-m/fpv4-sp/hard/libg_nano.a(lib_a-stdio.o)
                0x0000000000006926                __sclose
 *fill*         0x000000000000692e        0x2 
 .text._write_r
                0x0000000000006930       0x24 /usr/bin/../lib/gcc/arm-none-eabi/7.3.1/../../../../arm-none-eabi/lib/thumb/v7e-m/fpv4-sp/hard/libg_nano.a(lib_a-writer.o)
                0x0000000000006930                _write_r
 .text._close_r
                0x0000000000006954       0x20 /usr/bin/../lib/gcc/arm-none-eabi/7.3.1/../../../../arm-none-eabi/lib/thumb/v7e-m/fpv4-sp/hard/libg_nano.a(lib_a-closer.o)
                0x0000000000006954                _close_r
 .text._fstat_r
                0x0000000000006974       0x24 /usr/bin/../lib/gcc/arm-none-eabi/7.3.1/../../../../arm-none-eabi/lib/thumb/v7e-m/fpv4-sp/hard/libg_nano.a(lib_a-fstatr.o)
                0x0000000000006974                _fstat_r
 .text._isatty_r
                0x0000000000006998       0x20 /usr/bin/../lib/gcc/arm-none-eabi/7.3.1/../../../../arm-none-eabi/lib/thumb/v7e-m/fpv4-sp/hard/libg_nano.a(lib_a-isattyr.o)
                0x0000000000006998                _isatty_r
 .text._lseek_r
                0x00000000000069b8       0x24 /usr/bin/../lib/gcc/arm-none-eabi/7.3.1/../../../../arm-none-eabi/lib/thumb/v7e-m/fpv4-sp/hard/libg_nano.a(lib_a-lseekr.o)
                0x00000000000069b8                _lseek_r
 *fill*         0x00000000000069dc        0x4 
 .text          0x00000000000069e0       0xa0 /usr/bin/../lib/gcc/arm-none-eabi/7.3.1/../../../../arm-none-eabi/lib/thumb/v7e-m/fpv4-sp/hard/libg_nano.a(lib_a-memchr.o)
                0x00000000000069e0                memchr
 .text.memmove  0x0000000000006a80       0x32 /usr/bin/../lib/gcc/arm-none-eabi/7.3.1/../../../../arm-none-eabi/lib/thumb/v7e-m/fpv4-sp/hard/libg_nano.a(lib_a-memmove.o)
                0x0000000000006a80                memmove
 .text._realloc_r
                0x0000000000006ab2       0x4c /usr/bin/../lib/gcc/arm-none-eabi/7.3.1/../../../../arm-none-eabi/lib/thumb/v7e-m/fpv4-sp/hard/libg_nano.a(lib_a-nano-reallocr.o)
                0x0000000000006ab2                _realloc_r
 *fill*         0x0000000000006afe        0x2 
 .text._read_r  0x0000000000006b00       0x24 /usr/bin/../lib/gcc/arm-none-eabi/7.3.1/../../../../arm-none-eabi/lib/thumb/v7e-m/fpv4-sp/hard/libg_nano.a(lib_a-readr.o)
                0x0000000000006b00                _read_r
 .text._malloc_usable_size_r
                0x0000000000006b24       0x10 /usr/bin/../lib/gcc/arm-none-eabi/7.3.1/../../../../arm-none-eabi/lib/thumb/v7e-m/fpv4-sp/hard/libg_nano.a(lib_a-nano-msizer.o)
                0x0000000000006b24                _malloc_usable_size_r
 .text._fstat   0x0000000000006b34       0x10 /usr/bin/../lib/gcc/arm-none-eabi/7.3.1/../../../../arm-none-eabi/lib/thumb/v7e-m/fpv4-sp/hard/libnosys.a(fstat.o)
                0x0000000000006b34                _fstat
 .text._getpid  0x0000000000006b44       0x10 /usr/bin/../lib/gcc/arm-none-eabi/7.3.1/../../../../arm-none-eabi/lib/thumb/v7e-m/fpv4-sp/hard/libnosys.a(getpid.o)
                0x0000000000006b44                _getpid
 .text._isatty  0x0000000000006b54       0x10 /usr/bin/../lib/gcc/arm-none-eabi/7.3.1/../../../../arm-none-eabi/lib/thumb/v7e-m/fpv4-sp/hard/libnosys.a(isatty.o)
                0x0000000000006b54                _isatty
 .text._kill    0x0000000000006b64       0x10 /usr/bin/../lib/gcc/arm-none-eabi/7.3.1/../../../../arm-none-eabi/lib/thumb/v7e-m/fpv4-sp/hard/libnosys.a(kill.o)
                0x0000000000006b64                _kill
 .text._sbrk    0x0000000000006b74       0x1c /usr/bin/../lib/gcc/arm-none-eabi/7.3.1/../../../../arm-none-eabi/lib/thumb/v7e-m/fpv4-sp/hard/libnosys.a(sbrk.o)
                0x0000000000006b74                _sbrk
 .text._exit    0x0000000000006b90        0x4 /usr/bin/../lib/gcc/arm-none-eabi/7.3.1/../../../../arm-none-eabi/lib/thumb/v7e-m/fpv4-sp/hard/libnosys.a(_exit.o)
                0x0000000000006b90                _exit
 *(.init)
 .init          0x0000000000006b94        0x4 /usr/bin/../lib/gcc/arm-none-eabi/7.3.1/thumb/v7e-m/fpv4-sp/hard/crti.o
                0x0000000000006b94                _init
 .init          0x0000000000006b98        0x8 /usr/bin/../lib/gcc/arm-none-eabi/7.3.1/thumb/v7e-m/fpv4-sp/hard/crtn.o
 *(.fini)
 .fini          0x0000000000006ba0        0x4 /usr/bin/../lib/gcc/arm-none-eabi/7.3.1/thumb/v7e-m/fpv4-sp/hard/crti.o
                0x0000000000006ba0                _fini
 .fini          0x0000000000006ba4        0x8 /usr/bin/../lib/gcc/arm-none-eabi/7.3.1/thumb/v7e-m/fpv4-sp/hard/crtn.o
 *crtbegin.o(.ctors)
 *crtbegin?.o(.ctors)
 *(EXCLUDE_FILE(*crtend.o *crtend?.o) .ctors)
 *(SORT_BY_NAME(.ctors.*))
 *(.ctors)
 *crtbegin.o(.dtors)
 *crtbegin?.o(.dtors)
 *(EXCLUDE_FILE(*crtend.o *crtend?.o) .dtors)
 *(SORT_BY_NAME(.dtors.*))
 *(.dtors)
 *(.rodata*)
 .rodata._colon_tt.9403
                0x0000000000006bac        0x4 /mnt/c/Users/saxe/Documents/AAAQuickLogic/ActiveProjects/qorc-sdk/qf_apps/qf_tfl_detect/GCC_Project/output/dbg_uart.o
 .rodata.dbg_str.str1.1
                0x0000000000006bb0        0x3 /mnt/c/Users/saxe/Documents/AAAQuickLogic/ActiveProjects/qorc-sdk/qf_apps/qf_tfl_detect/GCC_Project/output/dbg_uart.o
 .rodata.HAL_PAD_Config.str1.1
                0x0000000000006bb3       0x8c /mnt/c/Users/saxe/Documents/AAAQuickLogic/ActiveProjects/qorc-sdk/qf_apps/qf_tfl_detect/GCC_Project/output/eoss3_hal_pad_config.o
 .rodata.IO_INPUT_PAD_SEL
                0x0000000000006c3f       0x10 /mnt/c/Users/saxe/Documents/AAAQuickLogic/ActiveProjects/qorc-sdk/qf_apps/qf_tfl_detect/GCC_Project/output/eoss3_hal_pad_config.o
                0x0000000000006c3f                IO_INPUT_PAD_SEL
 .rodata.SEL_EXT_PAD_REGS
                0x0000000000006c4f      0x160 /mnt/c/Users/saxe/Documents/AAAQuickLogic/ActiveProjects/qorc-sdk/qf_apps/qf_tfl_detect/GCC_Project/output/eoss3_hal_pad_config.o
                0x0000000000006c4f                SEL_EXT_PAD_REGS
 .rodata.unlock_spi1_bus.str1.1
                0x0000000000006daf       0x36 /mnt/c/Users/saxe/Documents/AAAQuickLogic/ActiveProjects/qorc-sdk/qf_apps/qf_tfl_detect/GCC_Project/output/eoss3_hal_spi.o
 .rodata.HAL_Timer_ISR.str1.1
                0x0000000000006de5       0x20 /mnt/c/Users/saxe/Documents/AAAQuickLogic/ActiveProjects/qorc-sdk/qf_apps/qf_tfl_detect/GCC_Project/output/eoss3_hal_timer.o
 .rodata.SendEventToTimerThread.str1.1
                0x0000000000006e05       0x82 /mnt/c/Users/saxe/Documents/AAAQuickLogic/ActiveProjects/qorc-sdk/qf_apps/qf_tfl_detect/GCC_Project/output/eoss3_hal_timer.o
 .rodata.__FUNCTION__.9376
                0x0000000000006e87        0xe /mnt/c/Users/saxe/Documents/AAAQuickLogic/ActiveProjects/qorc-sdk/qf_apps/qf_tfl_detect/GCC_Project/output/eoss3_hal_timer.o
 .rodata.uart_init.str1.1
                0x0000000000006e95        0xc /mnt/c/Users/saxe/Documents/AAAQuickLogic/ActiveProjects/qorc-sdk/qf_apps/qf_tfl_detect/GCC_Project/output/eoss3_hal_uart.o
 .rodata.WDT_ISR.str1.1
                0x0000000000006ea1       0x4d /mnt/c/Users/saxe/Documents/AAAQuickLogic/ActiveProjects/qorc-sdk/qf_apps/qf_tfl_detect/GCC_Project/output/eoss3_hal_wdt.o
 .rodata.__FUNCTION__.8742
                0x0000000000006eee        0x8 /mnt/c/Users/saxe/Documents/AAAQuickLogic/ActiveProjects/qorc-sdk/qf_apps/qf_tfl_detect/GCC_Project/output/eoss3_hal_wdt.o
 .rodata.prvGetRegistersFromStack.str1.1
                0x0000000000006ef6       0x44 /mnt/c/Users/saxe/Documents/AAAQuickLogic/ActiveProjects/qorc-sdk/qf_apps/qf_tfl_detect/GCC_Project/output/exceptions.o
 .rodata.spurious_interrupt.str1.1
                0x0000000000006f3a        0xd /mnt/c/Users/saxe/Documents/AAAQuickLogic/ActiveProjects/qorc-sdk/qf_apps/qf_tfl_detect/GCC_Project/output/exceptions.o
 .rodata.vApplicationMallocFailedHook.str1.1
                0x0000000000006f47       0x20 /mnt/c/Users/saxe/Documents/AAAQuickLogic/ActiveProjects/qorc-sdk/qf_apps/qf_tfl_detect/GCC_Project/output/exceptions.o
 .rodata.vApplicationStackOverflowHook.str1.1
                0x0000000000006f67       0x21 /mnt/c/Users/saxe/Documents/AAAQuickLogic/ActiveProjects/qorc-sdk/qf_apps/qf_tfl_detect/GCC_Project/output/exceptions.o
 .rodata.pvPortMalloc.str1.1
                0x0000000000006f88       0x90 /mnt/c/Users/saxe/Documents/AAAQuickLogic/ActiveProjects/qorc-sdk/qf_apps/qf_tfl_detect/GCC_Project/output/heap_4.o
 .rodata.main.str1.1
                0x0000000000007018       0xbd /mnt/c/Users/saxe/Documents/AAAQuickLogic/ActiveProjects/qorc-sdk/qf_apps/qf_tfl_detect/GCC_Project/output/main.o
                                         0xc2 (size before relaxing)
 .rodata.tfl_main.str1.1
                0x00000000000070d5       0x29 /mnt/c/Users/saxe/Documents/AAAQuickLogic/ActiveProjects/qorc-sdk/qf_apps/qf_tfl_detect/GCC_Project/output/person_detection_benchmark.o
 .rodata.prvTaskExitError.str1.1
                0x00000000000070fe       0xa3 /mnt/c/Users/saxe/Documents/AAAQuickLogic/ActiveProjects/qorc-sdk/qf_apps/qf_tfl_detect/GCC_Project/output/port.o
 .rodata.xQueueGenericReset.str1.1
                0x00000000000071a1       0x7e /mnt/c/Users/saxe/Documents/AAAQuickLogic/ActiveProjects/qorc-sdk/qf_apps/qf_tfl_detect/GCC_Project/output/queue.o